
> apophenia-cosmic-narrative@1.0.0 test
> npx vitest


 RUN  v3.2.4 /home/user/Apophenia

stderr | tests/unit/flows/DescentFlow.test.ts > DescentFlow > processChoice > should handle errors gracefully
DescentFlow.processChoice error: Error: AI service failed
    at [90m/home/user/Apophenia/[39mtests/unit/flows/DescentFlow.test.ts:231:66
[90m    at processTicksAndRejections (node:internal/process/task_queues:105:5)[39m
    at [90mfile:///home/user/Apophenia/[39mnode_modules/[4m@vitest/runner[24m/dist/chunk-hooks.js:752:20

 ❯ tests/unit/flows/DescentFlow.test.ts (9 tests | 3 failed) 23ms
   ✓ DescentFlow > initialize > should initialize with a genre config 3ms
   ✓ DescentFlow > calculateDescentLevel > should return 0 for initial state 1ms
   ✓ DescentFlow > calculateDescentLevel > should calculate based on horror intensity 0ms
   × DescentFlow > calculateDescentLevel > should calculate based on corruption level 8ms
     → expected 0 to be greater than 0
   ✓ DescentFlow > shouldBeginUnraveling > should return false for low descent levels 1ms
   × DescentFlow > shouldBeginUnraveling > should return true when descent level exceeds 70% 4ms
     → expected false to be true // Object.is equality
   ✓ DescentFlow > processChoice > should process a choice and return FlowResult 1ms
   × DescentFlow > processChoice > should transition to unraveling when descent level is high 1ms
     → expected undefined to be 'unraveling' // Object.is equality
   ✓ DescentFlow > processChoice > should handle errors gracefully 3ms
stdout | tests/unit/flows/FlowCoordinator.test.ts > FlowCoordinator > transitionTo > should transition to a new state
🔄 Flow transition: Descent (state: descending)

stdout | tests/unit/flows/FlowCoordinator.test.ts > FlowCoordinator > transitionTo > should update current flow after transition
🔄 Flow transition: Descent (state: unraveling)

stdout | tests/unit/flows/FlowCoordinator.test.ts > FlowCoordinator > executeEngines > should execute active engines
⚙️  Executed 2 engines

stdout | tests/unit/flows/FlowCoordinator.test.ts > FlowCoordinator > executeEngines > should skip inactive engines
⚙️  Executed 2 engines

stdout | tests/unit/flows/FlowCoordinator.test.ts > FlowCoordinator > executeCommands > should execute a queue of commands
🎯 Executing 2 commands

stdout | tests/unit/flows/FlowCoordinator.test.ts > FlowCoordinator > executeCommands > should handle command execution errors
🎯 Executing 1 commands

stderr | tests/unit/flows/FlowCoordinator.test.ts > FlowCoordinator > executeCommands > should handle command execution errors
Command execution failed: Error: Command failed
    at [90m/home/user/Apophenia/[39mtests/unit/flows/FlowCoordinator.test.ts:287:60
[90m    at processTicksAndRejections (node:internal/process/task_queues:105:5)[39m
    at [90mfile:///home/user/Apophenia/[39mnode_modules/[4m@vitest/runner[24m/dist/chunk-hooks.js:752:20

 ❯ tests/unit/flows/FlowCoordinator.test.ts (9 tests | 1 failed) 21ms
   ✓ FlowCoordinator > getCurrentFlow > should return descent flow for PLAYING state 2ms
   ✓ FlowCoordinator > getCurrentFlow > should return descent flow for MENU state 0ms
   × FlowCoordinator > getCurrentFlow > should return unraveling flow when descent level is high 10ms
     → expected 'Descent' to be 'Unraveling' // Object.is equality
   ✓ FlowCoordinator > transitionTo > should transition to a new state 1ms
   ✓ FlowCoordinator > transitionTo > should update current flow after transition 1ms
   ✓ FlowCoordinator > executeEngines > should execute active engines 1ms
   ✓ FlowCoordinator > executeEngines > should skip inactive engines 1ms
   ✓ FlowCoordinator > executeCommands > should execute a queue of commands 1ms
   ✓ FlowCoordinator > executeCommands > should handle command execution errors 2ms
stderr | tests/unit/ui/screens/StartScreen.test.tsx > StartScreen > renders game title
Warning: Each child in a list should have a unique "key" prop.

Check the render method of `StartScreen`. See https://reactjs.org/link/warning-keys for more information.
    at label
    at StartScreen (/home/user/Apophenia/src/ui/screens/StartScreen.tsx:12:3)

 ❯ src/components/__tests__/GlitchedText.test.tsx (2 tests | 2 failed) 54ms
   × GlitchedText > renders the text correctly 44ms
     → Unable to find an element with the text: Apophenia. This could be because the text is broken up by multiple elements. In this case, you can provide a function for your text matcher to make your matcher more flexible.

Ignored nodes: comments, script, style
[36m<body>[39m
  [36m<div>[39m
    [36m<h1[39m
      [33mclass[39m=[32m"glitched-title"[39m
    [36m>[39m
      [36m<span>[39m
        [0mA[0m
      [36m</span>[39m
      [36m<span>[39m
        [0mp[0m
      [36m</span>[39m
      [36m<span>[39m
        [0mo[0m
      [36m</span>[39m
      [36m<span>[39m
        [0mp[0m
      [36m</span>[39m
      [36m<span>[39m
        [0mh[0m
      [36m</span>[39m
      [36m<span>[39m
        [0me[0m
      [36m</span>[39m
      [36m<span>[39m
        [0mn[0m
      [36m</span>[39m
      [36m<span>[39m
        [0mi[0m
      [36m</span>[39m
      [36m<span>[39m
        [0ma[0m
      [36m</span>[39m
    [36m</h1>[39m
  [36m</div>[39m
[36m</body>[39m
   × GlitchedText > applies a glitch effect over time 8ms
     → Unable to find an element with the text: Apophenia. This could be because the text is broken up by multiple elements. In this case, you can provide a function for your text matcher to make your matcher more flexible.

Ignored nodes: comments, script, style
[36m<body>[39m
  [36m<div>[39m
    [36m<h1[39m
      [33mclass[39m=[32m"glitched-title"[39m
    [36m>[39m
      [36m<span>[39m
        [0mA[0m
      [36m</span>[39m
      [36m<span>[39m
        [0mp[0m
      [36m</span>[39m
      [36m<span>[39m
        [0mo[0m
      [36m</span>[39m
      [36m<span>[39m
        [0mp[0m
      [36m</span>[39m
      [36m<span>[39m
        [0mh[0m
      [36m</span>[39m
      [36m<span>[39m
        [0me[0m
      [36m</span>[39m
      [36m<span>[39m
        [0mn[0m
      [36m</span>[39m
      [36m<span>[39m
        [0mi[0m
      [36m</span>[39m
      [36m<span>[39m
        [0ma[0m
      [36m</span>[39m
    [36m</h1>[39m
  [36m</div>[39m
[36m</body>[39m
 ❯ src/components/__tests__/ThematicLoading.test.tsx (3 tests | 3 failed) 177ms
   × ThematicLoading > renders the loading spinner 114ms
     → Unable to find an accessible element with the role "complementary"

Here are the accessible roles:

  paragraph:

  Name "":
  [36m<p />[39m

  --------------------------------------------------

Ignored nodes: comments, script, style
[36m<body>[39m
  [36m<div>[39m
    [36m<div[39m
      [33mclass[39m=[32m"loading-container"[39m
    [36m>[39m
      [36m<div[39m
        [33mclass[39m=[32m"loading-spinner"[39m
      [36m/>[39m
      [36m<p />[39m
    [36m</div>[39m
  [36m</div>[39m
[36m</body>[39m
   × ThematicLoading > displays an unsettling phrase 17ms
     → Unable to find an accessible element with the role "complementary"

Here are the accessible roles:

  paragraph:

  Name "":
  [36m<p />[39m

  --------------------------------------------------

Ignored nodes: comments, script, style
[36m<body>[39m
  [36m<div>[39m
    [36m<div[39m
      [33mclass[39m=[32m"loading-container"[39m
    [36m>[39m
      [36m<div[39m
        [33mclass[39m=[32m"loading-spinner"[39m
      [36m/>[39m
      [36m<p />[39m
    [36m</div>[39m
  [36m</div>[39m
[36m</body>[39m
   × ThematicLoading > changes the phrase and glitch style over time 44ms
     → Unable to find an accessible element with the role "complementary"

Here are the accessible roles:

  paragraph:

  Name "":
  [36m<p[39m
    [33mstyle[39m=[32m"text-shadow: 0 0 5px #fff, 0 0 10px #fff, 0 0 15px #00ff00, 0 0 20px #00ff00, 0 0 25px #00ff00, 0 0 30px #00ff00, 0 0 35px #00ff00;"[39m
  [36m/>[39m

  --------------------------------------------------

Ignored nodes: comments, script, style
[36m<body>[39m
  [36m<div>[39m
    [36m<div[39m
      [33mclass[39m=[32m"loading-container"[39m
    [36m>[39m
      [36m<div[39m
        [33mclass[39m=[32m"loading-spinner"[39m
      [36m/>[39m
      [36m<p[39m
        [33mstyle[39m=[32m"text-shadow: 0 0 5px #fff, 0 0 10px #fff, 0 0 15px #00ff00, 0 0 20px #00ff00, 0 0 25px #00ff00, 0 0 30px #00ff00, 0 0 35px #00ff00;"[39m
      [36m>[39m
        [0mTime is a flat circle...[0m
      [36m</p>[39m
    [36m</div>[39m
  [36m</div>[39m
[36m</body>[39m
 ❯ tests/unit/ui/components/StorySegmentDisplay.test.tsx (16 tests | 3 failed) 161ms
   ✓ StorySegmentDisplay > renders segment text correctly 36ms
   × StorySegmentDisplay > renders image when provided and loaded 29ms
     → screen.getByAlt is not a function
   ✓ StorySegmentDisplay > shows loading placeholder when image is loading 8ms
   × StorySegmentDisplay > does not show image when showImage is false 3ms
     → screen.queryByAlt is not a function
   ✓ StorySegmentDisplay > renders revised badge when segment is revised 9ms
   ✓ StorySegmentDisplay > renders quantum shift badge when segment is quantum shift 4ms
   ✓ StorySegmentDisplay > renders meta event badge when segment is meta event 3ms
   ✓ StorySegmentDisplay > renders corruption badge when corruption is high 5ms
   ✓ StorySegmentDisplay > does not show metadata when showMetadata is false 5ms
   ✓ StorySegmentDisplay > shows original text when segment is revised 5ms
   ✓ StorySegmentDisplay > applies custom className 5ms
   ✓ StorySegmentDisplay > has correct data attributes 5ms
   ✓ StoryHistoryDisplay > renders all segments 7ms
   ✓ StoryHistoryDisplay > limits segments when maxSegments is set 3ms
   × StoryHistoryDisplay > passes showImages prop to segments 27ms
     → screen.getByAlt is not a function
   ✓ StoryHistoryDisplay > applies custom className 4ms
 ❯ tests/unit/ui/components/ChoiceButton.test.tsx (13 tests | 1 failed) 245ms
   ✓ ChoiceButton > renders choice text correctly 40ms
   ✓ ChoiceButton > renders consequence when provided 6ms
   ✓ ChoiceButton > calls onClick when clicked 81ms
   ✓ ChoiceButton > does not call onClick when disabled 9ms
   ✓ ChoiceButton > applies intrusive styling when intrusive prop is true 13ms
   ✓ ChoiceButton > applies intrusive styling when choice.isIntrusive is true 6ms
   ✓ ChoiceButton > applies custom className 6ms
   × ChoiceButton > has correct data attributes 18ms
     → [2mexpect([22m[31melement[39m[2m).toHaveAttribute([22m[32m[32m"data-intrusive"[32m[39m[2m, [22m[32m[32m"false"[32m[39m[2m) // element.getAttribute("data-intrusive") === "false"[22m

Expected the element to have attribute:
[32m  data-intrusive="false"[39m
Received:
[31m  null[39m
   ✓ ChoiceList > renders all choices 34ms
   ✓ ChoiceList > renders intrusive thought when provided 5ms
   ✓ ChoiceList > calls onChoice with correct choice when clicked 7ms
   ✓ ChoiceList > disables all buttons when disabled prop is true 14ms
   ✓ ChoiceList > applies custom className 5ms
 ❯ tests/unit/ui/screens/StartScreen.test.tsx (10 tests | 3 failed) 235ms
   ✓ StartScreen > renders game title 90ms
   ✓ StartScreen > renders all available genres 12ms
   ✓ StartScreen > renders genre descriptions 9ms
   × StartScreen > renders all available providers 21ms
     → Unable to find an element with the text: Gemini 2.5 Pro. This could be because the text is broken up by multiple elements. In this case, you can provide a function for your text matcher to make your matcher more flexible.

Ignored nodes: comments, script, style
[36m<body>[39m
  [36m<div>[39m
    [36m<div[39m
      [33mclass[39m=[32m"start-screen screen-container"[39m
    [36m>[39m
      [36m<div[39m
        [33mclass[39m=[32m"start-screen-content"[39m
      [36m>[39m
        [36m<header[39m
          [33mclass[39m=[32m"start-header"[39m
        [36m>[39m
          [36m<h1[39m
            [33mclass[39m=[32m"game-title"[39m
          [36m>[39m
            [36m<div[39m
              [33mclass[39m=[32m"glitch-effect  "[39m
              [33mdata-intensity[39m=[32m"5"[39m
            [36m>[39m
              [36m<span[39m
                [33mclass[39m=[32m"glitch-text"[39m
              [36m>[39m
                [0mAPOPHENIA[0m
              [36m</span>[39m
            [36m</div>[39m
          [36m</h1>[39m
          [36m<p[39m
            [33mclass[39m=[32m"game-subtitle"[39m
          [36m>[39m
            [0mA Descent into Cognitive Horror[0m
          [36m</p>[39m
        [36m</header>[39m
        [36m<div[39m
          [33mclass[39m=[32m"start-sections"[39m
        [36m>[39m
          [36m<section[39m
            [33mclass[39m=[32m"genre-selection card"[39m
          [36m>[39m
            [36m<h2[39m
              [33mclass[39m=[32m"section-title"[39m
            [36m>[39m
              [0mSelect Your Nightmare[0m
            [36m</h2>[39m
            [36m<div[39m
              [33mclass[39m=[32m"genre-grid"[39m
            [36m>[39m
              [36m<button[39m
                [33mclass[39m=[32m"genre-card selected"[39m
                [33mtype[39m=[32m"button"[39m
              [36m>[39m
                [36m<h3[39m
                  [33mclass[39m=[32m"genre-name"[39m
                [36m>[39m
                  [0mCosmic Horror[0m
                [36m</h3>[39m
                [36m<p[39m
                  [33mclass[39m=[32m"genre-description"[39m
                [36m>[39m
                  [0mFace the unknowable[0m
                [36m</p>[39m
                [36m<div[39m
                  [33mclass[39m=[32m"genre-themes"[39m
                [36m>[39m
                  [36m<span[39m
                    [33mclass[39m=[32m"theme-tag"[39m
                  [36m>[39m
                    [0mcosmic[0m
                  [36m</span>[39m
                  [36m<span[39m
                    [33mclass[39m=[32m"theme-tag"[39m
                  [36m>[39m
                    [0mdread[0m
                  [36m</span>[39m
                  [36m<span[39m
                    [33mclass[39m=[32m"theme-tag"[39m
                  [36m>[39m
                    [0minsignificance[0m
                  [36m</span>[39m
                [36m</div>[39m
              [36m</button>[39m
              [36m<button[39m
                [33mclass[39m=[32m"genre-card "[39m
                [33mtype[39m=[32m"button"[39m
              [36m>[39m
                [36m<h3[39m
                  [33mclass[39m=[32m"genre-name"[39m
                [36m>[39m
                  [0mPsychological Horror[0m
                [36m</h3>[39m
                [36m<p[39m
                  [33mclass[39m=[32m"genre-description"[39m
                [36m>[39m
                  [0mQuestion your sanity[0m
                [36m</p>[39m
                [36m<div[39m
                  [33mclass[39m=[32m"genre-themes"[39m
                [36m>[39m
                  [36m<span[39m
                    [33mclass[39m=[32m"theme-tag"[39m
                  [36m>[39m
                    [0mmadness[0m
                  [36m</span>[39m
                  [36m<span[39m
                    [33mclass[39m=[32m"theme-tag"[39m
                  [36m>[39m
                    [0mparanoia[0m
                  [36m</span>[39m
                  [36m<span[39m
                    [33mclass[39m=[32m"theme-tag"[39m
                  [36m>[39m
                    [0midentity[0m
                  [36m</span>[39m
                [36m</div>[39m
              [36m</button>[39m
            [36m</div>[39m
          [36m</section>[39m
          [36m<section[39m
            [33mclass[39m=[32m"provider-selection card"[39m
          [36m>[39m
            [36m<h2[39m
              [33mclass[39m=[32m"section-title"[39m
            [36m>[39m
              [0mAI Provider[0m
            [36m</h2>[39m
            [36m<div[39m
              [33mclass[39m=[32m"provider-list"[39m
            [36m>[39m
              [36m<label[39m
                [33mclass[39m=[32m"provider-option selected"[39m
              [36m>[39m
                [36m<input[39m
                  [33mchecked[39m=[32m""[39m
                  [33mname[39m=[32m"provider"[39m
                  [33mtype[39m=[32m"radio"[39m
                  [33mvalue[39m=[32m"grok"[39m
                [36m/>[39m
                [36m<span[39m
                  [33mclass[39m=[32m"provider-label"[39m
                [36m>[39m
                  [0mGrok-4 (X.AI)[0m
                [36m</span>[39m
              [36m</label>[39m
              [36m<label[39m
                [33mclass[39m=[32m"provider-option "[39m
              [36m>[39m
                [36m<input[39m
                  [33mname[39m=[32m"provider"[39m
                  [33mtype[39m=[32m"radio"[39m
                  [33mvalue[39m=[32m""[39m
                [36m/>[39m
                [36m<span[39m
                  [33mclass[39m=[32m"provider-label"[39m
                [36m/>[39m
              [36m</label>[39m
              [36m<label[39m
                [33mclass[39m=[32m"provider-option "[39m
              [36m>[39m
                [36m<input[39m
                  [33mname[39m=[32m"provider"[39m
                  [33mtype[39m=[32m"radio"[39m
                  [33mvalue[39m=[32m"mock"[39m
                [36m/>[39m
                [36m<span[39m
                  [33mclass[39m=[32m"provider-label"[39m
                [36m>[39m
                  [0mDemo Mode[0m
                [36m</span>[39m
              [36m</label>[39m
            [36m</div>[39m
          [36m</section>[39m
          [36m<div[39m
            [33mclass[39m=[32m"start-actions"[39m
          [36m>[39m
            [36m<button[39m
              [33mclass[39m=[32m"button start-button"[39m
              [33mtype[39m=[32m"button"[39m
            [36m>[39m
              [0mBegin Descent[0m
            [36m</button>[39m
          [36m</div>[39m
        [36m</div>[39m
        [36m<footer[39m
          [33mclass[39m=[32m"start-footer"[39m
        [36m>[39m
          [36m<p[39m
            [33mclass[39m=[32m"warning-text"[39m
          [36m>[39m
            [0m⚠ Warning: This experience may cause psychological discomfort.[0m
          [36m</p>[39m
        [36m</footer>[39m
      [36m</div>[39m
    [36m</div>[39m
  [36m</div>[39m
[36m</body>[39m
   ✓ StartScreen > selects first genre by default 13ms
   ✓ StartScreen > allows genre selection 15ms
   × StartScreen > allows provider selection 48ms
     → Unable to find a label with the text of: Gemini 2.5 Pro

Ignored nodes: comments, script, style
[36m<body>[39m
  [36m<div>[39m
    [36m<div[39m
      [33mclass[39m=[32m"start-screen screen-container"[39m
    [36m>[39m
      [36m<div[39m
        [33mclass[39m=[32m"start-screen-content"[39m
      [36m>[39m
        [36m<header[39m
          [33mclass[39m=[32m"start-header"[39m
        [36m>[39m
          [36m<h1[39m
            [33mclass[39m=[32m"game-title"[39m
          [36m>[39m
            [36m<div[39m
              [33mclass[39m=[32m"glitch-effect  "[39m
              [33mdata-intensity[39m=[32m"5"[39m
            [36m>[39m
              [36m<span[39m
                [33mclass[39m=[32m"glitch-text"[39m
              [36m>[39m
                [0mAPOPHENIA[0m
              [36m</span>[39m
            [36m</div>[39m
          [36m</h1>[39m
          [36m<p[39m
            [33mclass[39m=[32m"game-subtitle"[39m
          [36m>[39m
            [0mA Descent into Cognitive Horror[0m
          [36m</p>[39m
        [36m</header>[39m
        [36m<div[39m
          [33mclass[39m=[32m"start-sections"[39m
        [36m>[39m
          [36m<section[39m
            [33mclass[39m=[32m"genre-selection card"[39m
          [36m>[39m
            [36m<h2[39m
              [33mclass[39m=[32m"section-title"[39m
            [36m>[39m
              [0mSelect Your Nightmare[0m
            [36m</h2>[39m
            [36m<div[39m
              [33mclass[39m=[32m"genre-grid"[39m
            [36m>[39m
              [36m<button[39m
                [33mclass[39m=[32m"genre-card selected"[39m
                [33mtype[39m=[32m"button"[39m
              [36m>[39m
                [36m<h3[39m
                  [33mclass[39m=[32m"genre-name"[39m
                [36m>[39m
                  [0mCosmic Horror[0m
                [36m</h3>[39m
                [36m<p[39m
                  [33mclass[39m=[32m"genre-description"[39m
                [36m>[39m
                  [0mFace the unknowable[0m
                [36m</p>[39m
                [36m<div[39m
                  [33mclass[39m=[32m"genre-themes"[39m
                [36m>[39m
                  [36m<span[39m
                    [33mclass[39m=[32m"theme-tag"[39m
                  [36m>[39m
                    [0mcosmic[0m
                  [36m</span>[39m
                  [36m<span[39m
                    [33mclass[39m=[32m"theme-tag"[39m
                  [36m>[39m
                    [0mdread[0m
                  [36m</span>[39m
                  [36m<span[39m
                    [33mclass[39m=[32m"theme-tag"[39m
                  [36m>[39m
                    [0minsignificance[0m
                  [36m</span>[39m
                [36m</div>[39m
              [36m</button>[39m
              [36m<button[39m
                [33mclass[39m=[32m"genre-card "[39m
                [33mtype[39m=[32m"button"[39m
              [36m>[39m
                [36m<h3[39m
                  [33mclass[39m=[32m"genre-name"[39m
                [36m>[39m
                  [0mPsychological Horror[0m
                [36m</h3>[39m
                [36m<p[39m
                  [33mclass[39m=[32m"genre-description"[39m
                [36m>[39m
                  [0mQuestion your sanity[0m
                [36m</p>[39m
                [36m<div[39m
                  [33mclass[39m=[32m"genre-themes"[39m
                [36m>[39m
                  [36m<span[39m
                    [33mclass[39m=[32m"theme-tag"[39m
                  [36m>[39m
                    [0mmadness[0m
                  [36m</span>[39m
                  [36m<span[39m
                    [33mclass[39m=[32m"theme-tag"[39m
                  [36m>[39m
                    [0mparanoia[0m
                  [36m</span>[39m
                  [36m<span[39m
                    [33mclass[39m=[32m"theme-tag"[39m
                  [36m>[39m
                    [0midentity[0m
                  [36m</span>[39m
                [36m</div>[39m
              [36m</button>[39m
            [36m</div>[39m
          [36m</section>[39m
          [36m<section[39m
            [33mclass[39m=[32m"provider-selection card"[39m
          [36m>[39m
            [36m<h2[39m
              [33mclass[39m=[32m"section-title"[39m
            [36m>[39m
              [0mAI Provider[0m
            [36m</h2>[39m
            [36m<div[39m
              [33mclass[39m=[32m"provider-list"[39m
            [36m>[39m
              [36m<label[39m
                [33mclass[39m=[32m"provider-option selected"[39m
              [36m>[39m
                [36m<input[39m
                  [33mchecked[39m=[32m""[39m
                  [33mname[39m=[32m"provider"[39m
                  [33mtype[39m=[32m"radio"[39m
                  [33mvalue[39m=[32m"grok"[39m
                [36m/>[39m
                [36m<span[39m
                  [33mclass[39m=[32m"provider-label"[39m
                [36m>[39m
                  [0mGrok-4 (X.AI)[0m
                [36m</span>[39m
              [36m</label>[39m
              [36m<label[39m
                [33mclass[39m=[32m"provider-option "[39m
              [36m>[39m
                [36m<input[39m
                  [33mname[39m=[32m"provider"[39m
                  [33mtype[39m=[32m"radio"[39m
                  [33mvalue[39m=[32m""[39m
                [36m/>[39m
                [36m<span[39m
                  [33mclass[39m=[32m"provider-label"[39m
                [36m/>[39m
              [36m</label>[39m
              [36m<label[39m
                [33mclass[39m=[32m"provider-option "[39m
              [36m>[39m
                [36m<input[39m
                  [33mname[39m=[32m"provider"[39m
                  [33mtype[39m=[32m"radio"[39m
                  [33mvalue[39m=[32m"mock"[39m
                [36m/>[39m
                [36m<span[39m
                  [33mclass[39m=[32m"provider-label"[39m
                [36m>[39m
                  [0mDemo Mode[0m
                [36m</span>[39m
              [36m</label>[39m
            [36m</div>[39m
          [36m</section>[39m
          [36m<div[39m
            [33mclass[39m=[32m"start-actions"[39m
          [36m>[39m
            [36m<button[39m
              [33mclass[39m=[32m"button start-button"[39m
              [33mtype[39m=[32m"button"[39m
            [36m>[39m
              [0mBegin Descent[0m
            [36m</button>[39m
          [36m</div>[39m
        [36m</div>[39m
        [36m<footer[39m
          [33mclass[39m=[32m"start-footer"[39m
        [36m>[39m
          [36m<p[39m
            [33mclass[39m=[32m"warning-text"[39m
          [36m>[39m
            [0m⚠ Warning: This experience may cause psychological discomfort.[0m
          [36m</p>[39m
        [36m</footer>[39m
      [36m</div>[39m
    [36m</div>[39m
  [36m</div>[39m
[36m</body>[39m
   × StartScreen > calls onStartGame with selected genre and provider 12ms
     → Unable to find a label with the text of: Gemini 2.5 Pro

Ignored nodes: comments, script, style
[36m<body>[39m
  [36m<div>[39m
    [36m<div[39m
      [33mclass[39m=[32m"start-screen screen-container"[39m
    [36m>[39m
      [36m<div[39m
        [33mclass[39m=[32m"start-screen-content"[39m
      [36m>[39m
        [36m<header[39m
          [33mclass[39m=[32m"start-header"[39m
        [36m>[39m
          [36m<h1[39m
            [33mclass[39m=[32m"game-title"[39m
          [36m>[39m
            [36m<div[39m
              [33mclass[39m=[32m"glitch-effect  "[39m
              [33mdata-intensity[39m=[32m"5"[39m
            [36m>[39m
              [36m<span[39m
                [33mclass[39m=[32m"glitch-text"[39m
              [36m>[39m
                [0mAPOPHENIA[0m
              [36m</span>[39m
            [36m</div>[39m
          [36m</h1>[39m
          [36m<p[39m
            [33mclass[39m=[32m"game-subtitle"[39m
          [36m>[39m
            [0mA Descent into Cognitive Horror[0m
          [36m</p>[39m
        [36m</header>[39m
        [36m<div[39m
          [33mclass[39m=[32m"start-sections"[39m
        [36m>[39m
          [36m<section[39m
            [33mclass[39m=[32m"genre-selection card"[39m
          [36m>[39m
            [36m<h2[39m
              [33mclass[39m=[32m"section-title"[39m
            [36m>[39m
              [0mSelect Your Nightmare[0m
            [36m</h2>[39m
            [36m<div[39m
              [33mclass[39m=[32m"genre-grid"[39m
            [36m>[39m
              [36m<button[39m
                [33mclass[39m=[32m"genre-card "[39m
                [33mtype[39m=[32m"button"[39m
              [36m>[39m
                [36m<h3[39m
                  [33mclass[39m=[32m"genre-name"[39m
                [36m>[39m
                  [0mCosmic Horror[0m
                [36m</h3>[39m
                [36m<p[39m
                  [33mclass[39m=[32m"genre-description"[39m
                [36m>[39m
                  [0mFace the unknowable[0m
                [36m</p>[39m
                [36m<div[39m
                  [33mclass[39m=[32m"genre-themes"[39m
                [36m>[39m
                  [36m<span[39m
                    [33mclass[39m=[32m"theme-tag"[39m
                  [36m>[39m
                    [0mcosmic[0m
                  [36m</span>[39m
                  [36m<span[39m
                    [33mclass[39m=[32m"theme-tag"[39m
                  [36m>[39m
                    [0mdread[0m
                  [36m</span>[39m
                  [36m<span[39m
                    [33mclass[39m=[32m"theme-tag"[39m
                  [36m>[39m
                    [0minsignificance[0m
                  [36m</span>[39m
                [36m</div>[39m
              [36m</button>[39m
              [36m<button[39m
                [33mclass[39m=[32m"genre-card selected"[39m
                [33mtype[39m=[32m"button"[39m
              [36m>[39m
                [36m<h3[39m
                  [33mclass[39m=[32m"genre-name"[39m
                [36m>[39m
                  [0mPsychological Horror[0m
                [36m</h3>[39m
                [36m<p[39m
                  [33mclass[39m=[32m"genre-description"[39m
                [36m>[39m
                  [0mQuestion your sanity[0m
                [36m</p>[39m
                [36m<div[39m
                  [33mclass[39m=[32m"genre-themes"[39m
                [36m>[39m
                  [36m<span[39m
                    [33mclass[39m=[32m"theme-tag"[39m
                  [36m>[39m
                    [0mmadness[0m
                  [36m</span>[39m
                  [36m<span[39m
                    [33mclass[39m=[32m"theme-tag"[39m
                  [36m>[39m
                    [0mparanoia[0m
                  [36m</span>[39m
                  [36m<span[39m
                    [33mclass[39m=[32m"theme-tag"[39m
                  [36m>[39m
                    [0midentity[0m
                  [36m</span>[39m
                [36m</div>[39m
              [36m</button>[39m
            [36m</div>[39m
          [36m</section>[39m
          [36m<section[39m
            [33mclass[39m=[32m"provider-selection card"[39m
          [36m>[39m
            [36m<h2[39m
              [33mclass[39m=[32m"section-title"[39m
            [36m>[39m
              [0mAI Provider[0m
            [36m</h2>[39m
            [36m<div[39m
              [33mclass[39m=[32m"provider-list"[39m
            [36m>[39m
              [36m<label[39m
                [33mclass[39m=[32m"provider-option selected"[39m
              [36m>[39m
                [36m<input[39m
                  [33mchecked[39m=[32m""[39m
                  [33mname[39m=[32m"provider"[39m
                  [33mtype[39m=[32m"radio"[39m
                  [33mvalue[39m=[32m"grok"[39m
                [36m/>[39m
                [36m<span[39m
                  [33mclass[39m=[32m"provider-label"[39m
                [36m>[39m
                  [0mGrok-4 (X.AI)[0m
                [36m</span>[39m
              [36m</label>[39m
              [36m<label[39m
                [33mclass[39m=[32m"provider-option "[39m
              [36m>[39m
                [36m<input[39m
                  [33mname[39m=[32m"provider"[39m
                  [33mtype[39m=[32m"radio"[39m
                  [33mvalue[39m=[32m""[39m
                [36m/>[39m
                [36m<span[39m
                  [33mclass[39m=[32m"provider-label"[39m
                [36m/>[39m
              [36m</label>[39m
              [36m<label[39m
                [33mclass[39m=[32m"provider-option "[39m
              [36m>[39m
                [36m<input[39m
                  [33mname[39m=[32m"provider"[39m
                  [33mtype[39m=[32m"radio"[39m
                  [33mvalue[39m=[32m"mock"[39m
                [36m/>[39m
                [36m<span[39m
                  [33mclass[39m=[32m"provider-label"[39m
                [36m>[39m
                  [0mDemo Mode[0m
                [36m</span>[39m
              [36m</label>[39m
            [36m</div>[39m
          [36m</section>[39m
          [36m<div[39m
            [33mclass[39m=[32m"start-actions"[39m
          [36m>[39m
            [36m<button[39m
              [33mclass[39m=[32m"button start-button"[39m
              [33mtype[39m=[32m"button"[39m
            [36m>[39m
              [0mBegin Descent[0m
            [36m</button>[39m
          [36m</div>[39m
        [36m</div>[39m
        [36m<footer[39m
          [33mclass[39m=[32m"start-footer"[39m
        [36m>[39m
          [36m<p[39m
            [33mclass[39m=[32m"warning-text"[39m
          [36m>[39m
            [0m⚠ Warning: This experience may cause psychological discomfort.[0m
          [36m</p>[39m
        [36m</footer>[39m
      [36m</div>[39m
    [36m</div>[39m
  [36m</div>[39m
[36m</body>[39m
   ✓ StartScreen > disables start button when no genre is selected 6ms
   ✓ StartScreen > renders warning text 7ms
 ❯ src/components/__tests__/EndScreen.test.tsx (2 tests | 2 failed) 48ms
   × EndScreen > renders the end screen with the final story segment 39ms
     → Unable to find an element with the text: The story has concluded.. This could be because the text is broken up by multiple elements. In this case, you can provide a function for your text matcher to make your matcher more flexible.

Ignored nodes: comments, script, style
[36m<body>[39m
  [36m<div>[39m
    [36m<div[39m
      [33mclass[39m=[32m"end-screen"[39m
    [36m>[39m
      [36m<h1>[39m
        [0mThe End[0m
      [36m</h1>[39m
      [36m<p>[39m
        [0mYour journey has concluded.[0m
      [36m</p>[39m
      [36m<button>[39m
        [0mPlay Again[0m
      [36m</button>[39m
    [36m</div>[39m
  [36m</div>[39m
[36m</body>[39m
   × EndScreen > calls setGameState to go to the MENU on button click 7ms
     → Unable to find an element with the text: Start New Game. This could be because the text is broken up by multiple elements. In this case, you can provide a function for your text matcher to make your matcher more flexible.

Ignored nodes: comments, script, style
[36m<body>[39m
  [36m<div>[39m
    [36m<div[39m
      [33mclass[39m=[32m"end-screen"[39m
    [36m>[39m
      [36m<h1>[39m
        [0mThe End[0m
      [36m</h1>[39m
      [36m<p>[39m
        [0mYour journey has concluded.[0m
      [36m</p>[39m
      [36m<button>[39m
        [0mPlay Again[0m
      [36m</button>[39m
    [36m</div>[39m
  [36m</div>[39m
[36m</body>[39m
 ❯ src/components/__tests__/ModelSelector.test.tsx (4 tests | 2 failed) 97ms
   × ModelSelector > renders the model selector when visible 57ms
     → Found multiple elements with the text: Grok 1

Here are the matching elements:

Ignored nodes: comments, script, style
[36m<div[39m
  [33mclass[39m=[32m"current-selection"[39m
[36m>[39m
  [36m<strong>[39m
    [0mCurrently selected:[0m
  [36m</strong>[39m
  [0m [0m
  [0mGrok 1[0m
[36m</div>[39m

Ignored nodes: comments, script, style
[36m<div[39m
  [33mclass[39m=[32m"model-name"[39m
[36m>[39m
  [0mGrok 1[0m
[36m</div>[39m

(If this is intentional, then use the `*AllBy*` variant of the query (like `queryAllByText`, `getAllByText`, or `findAllByText`)).

Ignored nodes: comments, script, style
[36m<body>[39m
  [36m<div>[39m
    [36m<div[39m
      [33mclass[39m=[32m"model-selector-overlay"[39m
    [36m>[39m
      [36m<div[39m
        [33mclass[39m=[32m"model-selector-modal"[39m
      [36m>[39m
        [36m<div[39m
          [33mclass[39m=[32m"modal-header"[39m
        [36m>[39m
          [36m<h2>[39m
            [0mSelect AI Model[0m
          [36m</h2>[39m
          [36m<button[39m
            [33mclass[39m=[32m"close-button"[39m
          [36m>[39m
            [0m×[0m
          [36m</button>[39m
        [36m</div>[39m
        [36m<div[39m
          [33mclass[39m=[32m"modal-content"[39m
        [36m>[39m
          [36m<div[39m
            [33mclass[39m=[32m"current-selection"[39m
          [36m>[39m
            [36m<strong>[39m
              [0mCurrently selected:[0m
            [36m</strong>[39m
            [0m [0m
            [0mGrok 1[0m
          [36m</div>[39m
          [36m<div[39m
            [33mclass[39m=[32m"models-grid"[39m
          [36m>[39m
            [36m<div[39m
              [33mclass[39m=[32m"model-card selected"[39m
            [36m>[39m
              [36m<div[39m
                [33mclass[39m=[32m"model-header"[39m
              [36m>[39m
                [36m<div[39m
                  [33mclass[39m=[32m"model-info"[39m
                [36m>[39m
                  [36m<div[39m
                    [33mclass[39m=[32m"model-name"[39m
                  [36m>[39m
                    [0mGrok 1[0m
                  [36m</div>[39m
                  [36m<div[39m
                    [33mclass[39m=[32m"model-provider"[39m
                  [36m>[39m
                    [0mxAI[0m
                  [36m</div>[39m
                  [36m<span[39m
                    [33mclass[39m=[32m"default-badge"[39m
                  [36m>[39m
                    [0mDefault[0m
                  [36m</span>[39m
                [36m</div>[39m
                [36m<div[39m
                  [33mclass[39m=[32m"model-status"[39m
                [36m>[39m
                  [36m<span[39m
                    [33mclass[39m=[32m"selected-indicator"[39m
                  [36m>[39m
                    [0m✓[0m
                  [36m</span>[39m
                [36m</div>[39m
              [36m</div>[39m
              [36m<div[39m
                [33mclass[39m=[32m"model-features"[39m
              [36m>[39m
                [36m<div[39m
                  [33mclass[39m=[32m"feature-grid"[39m
                [36m>[39m
                  [36m<div[39m
                    [33mclass[39m=[32m"feature"[39m
                  [36m>[39m
                    [36m<span[39m
                      [33mclass[39m=[32m"feature-label"[39m
                    [36m>[39m
                      [0mContext:[0m
                    [36m</span>[39m
                    [36m<span[39m
                      [33mclass[39m=[32m"feature-value"[39m
                    [36m>[39m
                      [0m1K tokens[0m
                    [36m</span>[39m
                  [36m</div>[39m
                  [36m<div[39m
                    [33mclass[39m=[32m"feature"[39m
                  [36m>[39m
                    [36m<span[39m
                      [33mclass[39m=[32m"feature-label"[39m
                    [36m>[39m
                      [0mThinking:[0m
                    [36m</span>[39m
                    [36m<span[39m
                      [33mclass[39m=[32m"feature-value supported"[39m
                    [36m>[39m
                      [0mYes[0m
                    [36m</span>[39m
                  [36m</div>[39m
                  [36m<div[39m
                    [33mclass[39m=[32m"feature"[39m
                  [36m>[39m
                    [36m<span[39m
                      [33mclass[39m=[32m"feature-label"[39m
                    [36m>[39m
                      [0mImages:[0m
                    [36m</span>[39m
                    [36m<span[39m
                      [33mclass[39m=[32m"feature-value not-supported"[39m
                    [36m>[39m
                      [0mNo[0m
                    [36m</span>[39m
                  [36m</div>[39m
                [36m</div>[39m
              [36m</div>[39m
              [36m<div[39m
                [33mclass[39m=[32m"model-actions"[39m
              [36m>[39m
                [36m<button[39m
                  [33mclass[39m=[32m"test-button"[39m
                [36m>[39m
                  [0mTest API[0m
                [36m</button>[39m
                [36m<button[39m
                  [33mclass[39m=[32m"details-button"[39m
                [36m>[39m
                  [0mMore[0m
                [36m</button>[39m
              [36m</div>[39m
            [36m</div>[39m
          [36m</div>[39m
          [36m<div[39m
            [33mclass[39m=[32m"model-info-section"[39m
          [36m>[39m
            [36m<h3>[39m
              [0mWhy Grok-4 Fast Reasoning is the Default:[0m
            [36m</h3>[39m
            [36m<p>[39m
              [0mGrok-4 offers a massive 2 million token context window, one of the largest available, with advanced reasoning capabilities. This enables unprecedented narrative consistency, deep psychological analysis, and complex story development across your entire gaming session.[0m
            [36m</p>[39m
          [36m</div>[39m
        [36m</div>[39m
        [36m<div[39m
          [33mclass[39m=[32m"modal-footer"[39m
        [36m>[39m
          [36m<button[39m
            [33mclass[39m=[32m"apply-button"[39m
          [36m>[39m
            [0mDone[0m
          [36m</button>[39m
        [36m</div>[39m
      [36m</div>[39m
    [36m</div>[39m
  [36m</div>[39m
[36m</body>[39m
   ✓ ModelSelector > does not render when not visible 3ms
   × ModelSelector > calls setSelectedModel when a model is selected 25ms
     → Found multiple elements with the text: Grok 1

Here are the matching elements:

Ignored nodes: comments, script, style
[36m<div[39m
  [33mclass[39m=[32m"current-selection"[39m
[36m>[39m
  [36m<strong>[39m
    [0mCurrently selected:[0m
  [36m</strong>[39m
  [0m [0m
  [0mGrok 1[0m
[36m</div>[39m

Ignored nodes: comments, script, style
[36m<div[39m
  [33mclass[39m=[32m"model-name"[39m
[36m>[39m
  [0mGrok 1[0m
[36m</div>[39m

(If this is intentional, then use the `*AllBy*` variant of the query (like `queryAllByText`, `getAllByText`, or `findAllByText`)).

Ignored nodes: comments, script, style
[36m<body>[39m
  [36m<div>[39m
    [36m<div[39m
      [33mclass[39m=[32m"model-selector-overlay"[39m
    [36m>[39m
      [36m<div[39m
        [33mclass[39m=[32m"model-selector-modal"[39m
      [36m>[39m
        [36m<div[39m
          [33mclass[39m=[32m"modal-header"[39m
        [36m>[39m
          [36m<h2>[39m
            [0mSelect AI Model[0m
          [36m</h2>[39m
          [36m<button[39m
            [33mclass[39m=[32m"close-button"[39m
          [36m>[39m
            [0m×[0m
          [36m</button>[39m
        [36m</div>[39m
        [36m<div[39m
          [33mclass[39m=[32m"modal-content"[39m
        [36m>[39m
          [36m<div[39m
            [33mclass[39m=[32m"current-selection"[39m
          [36m>[39m
            [36m<strong>[39m
              [0mCurrently selected:[0m
            [36m</strong>[39m
            [0m [0m
            [0mGrok 1[0m
          [36m</div>[39m
          [36m<div[39m
            [33mclass[39m=[32m"models-grid"[39m
          [36m>[39m
            [36m<div[39m
              [33mclass[39m=[32m"model-card selected"[39m
            [36m>[39m
              [36m<div[39m
                [33mclass[39m=[32m"model-header"[39m
              [36m>[39m
                [36m<div[39m
                  [33mclass[39m=[32m"model-info"[39m
                [36m>[39m
                  [36m<div[39m
                    [33mclass[39m=[32m"model-name"[39m
                  [36m>[39m
                    [0mGrok 1[0m
                  [36m</div>[39m
                  [36m<div[39m
                    [33mclass[39m=[32m"model-provider"[39m
                  [36m>[39m
                    [0mxAI[0m
                  [36m</div>[39m
                  [36m<span[39m
                    [33mclass[39m=[32m"default-badge"[39m
                  [36m>[39m
                    [0mDefault[0m
                  [36m</span>[39m
                [36m</div>[39m
                [36m<div[39m
                  [33mclass[39m=[32m"model-status"[39m
                [36m>[39m
                  [36m<span[39m
                    [33mclass[39m=[32m"selected-indicator"[39m
                  [36m>[39m
                    [0m✓[0m
                  [36m</span>[39m
                [36m</div>[39m
              [36m</div>[39m
              [36m<div[39m
                [33mclass[39m=[32m"model-features"[39m
              [36m>[39m
                [36m<div[39m
                  [33mclass[39m=[32m"feature-grid"[39m
                [36m>[39m
                  [36m<div[39m
                    [33mclass[39m=[32m"feature"[39m
                  [36m>[39m
                    [36m<span[39m
                      [33mclass[39m=[32m"feature-label"[39m
                    [36m>[39m
                      [0mContext:[0m
                    [36m</span>[39m
                    [36m<span[39m
                      [33mclass[39m=[32m"feature-value"[39m
                    [36m>[39m
                      [0m1K tokens[0m
                    [36m</span>[39m
                  [36m</div>[39m
                  [36m<div[39m
                    [33mclass[39m=[32m"feature"[39m
                  [36m>[39m
                    [36m<span[39m
                      [33mclass[39m=[32m"feature-label"[39m
                    [36m>[39m
                      [0mThinking:[0m
                    [36m</span>[39m
                    [36m<span[39m
                      [33mclass[39m=[32m"feature-value supported"[39m
                    [36m>[39m
                      [0mYes[0m
                    [36m</span>[39m
                  [36m</div>[39m
                  [36m<div[39m
                    [33mclass[39m=[32m"feature"[39m
                  [36m>[39m
                    [36m<span[39m
                      [33mclass[39m=[32m"feature-label"[39m
                    [36m>[39m
                      [0mImages:[0m
                    [36m</span>[39m
                    [36m<span[39m
                      [33mclass[39m=[32m"feature-value not-supported"[39m
                    [36m>[39m
                      [0mNo[0m
                    [36m</span>[39m
                  [36m</div>[39m
                [36m</div>[39m
              [36m</div>[39m
              [36m<div[39m
                [33mclass[39m=[32m"model-actions"[39m
              [36m>[39m
                [36m<button[39m
                  [33mclass[39m=[32m"test-button"[39m
                [36m>[39m
                  [0mTest API[0m
                [36m</button>[39m
                [36m<button[39m
                  [33mclass[39m=[32m"details-button"[39m
                [36m>[39m
                  [0mMore[0m
                [36m</button>[39m
              [36m</div>[39m
            [36m</div>[39m
          [36m</div>[39m
          [36m<div[39m
            [33mclass[39m=[32m"model-info-section"[39m
          [36m>[39m
            [36m<h3>[39m
              [0mWhy Grok-4 Fast Reasoning is the Default:[0m
            [36m</h3>[39m
            [36m<p>[39m
              [0mGrok-4 offers a massive 2 million token context window, one of the largest available, with advanced reasoning capabilities. This enables unprecedented narrative consistency, deep psychological analysis, and complex story development across your entire gaming session.[0m
            [36m</p>[39m
          [36m</div>[39m
        [36m</div>[39m
        [36m<div[39m
          [33mclass[39m=[32m"modal-footer"[39m
        [36m>[39m
          [36m<button[39m
            [33mclass[39m=[32m"apply-button"[39m
          [36m>[39m
            [0mDone[0m
          [36m</button>[39m
        [36m</div>[39m
      [36m</div>[39m
    [36m</div>[39m
  [36m</div>[39m
[36m</body>[39m
   ✓ ModelSelector > calls testModel when the test button is clicked 11ms
stdout | src/components/__tests__/CompactTestAPI.test.tsx > CompactTestAPI > calls the image generation service when the button is clicked
--- Testing Image Generation ---

stderr | src/components/__tests__/CompactTestAPI.test.tsx > CompactTestAPI > calls the image generation service when the button is clicked
Image generation service call failed: TypeError: Cannot read properties of undefined (reading 'variations')
    at generateImage [90m(/home/user/Apophenia/[39msrc/services/gameService.ts:246:17[90m)[39m
[90m    at processTicksAndRejections (node:internal/process/task_queues:105:5)[39m
    at async Promise.all (index 0)
    at handleTestImageGeneration [90m(/home/user/Apophenia/[39msrc/components/CompactTestAPI.tsx:39:22[90m)[39m

stdout | src/components/__tests__/CompactTestAPI.test.tsx > CompactTestAPI > calls the image generation service when the button is clicked
--- Test Complete ---

stdout | src/components/__tests__/CompactTestAPI.test.tsx > CompactTestAPI > calls the unified AI service when the story button is clicked
--- Generating story with selected AI model ---

stderr | src/components/__tests__/CompactTestAPI.test.tsx > CompactTestAPI > calls the unified AI service when the story button is clicked
Story generation failed: TypeError: Cannot read properties of undefined (reading 'content')
    at generateHorrorStory [90m(/home/user/Apophenia/[39msrc/components/CompactTestAPI.tsx:83:31[90m)[39m
[90m    at processTicksAndRejections (node:internal/process/task_queues:105:5)[39m

stdout | src/components/__tests__/CompactTestAPI.test.tsx > CompactTestAPI > calls the unified AI service when the story button is clicked
--- Test Complete ---

 ❯ src/components/__tests__/CompactTestAPI.test.tsx (3 tests | 2 failed) 95ms
   ✓ CompactTestAPI > renders the test buttons 42ms
   × CompactTestAPI > calls the image generation service when the button is clicked 44ms
     → expected "spy" to be called at least once
   × CompactTestAPI > calls the unified AI service when the story button is clicked 7ms
     → expected "spy" to be called at least once
stderr | src/components/__tests__/StartScreen.test.tsx > StartScreen > calls generateConcept and sets the game state to PLAYING on new game
Error resetting game stores: TypeError: Cannot read properties of undefined (reading 'reset')
    at Function.resetAllStores [90m(/home/user/Apophenia/[39msrc/services/gameStateManager.ts:19:34[90m)[39m
    at handleNewGame [90m(/home/user/Apophenia/[39msrc/components/StartScreen.tsx:37:22[90m)[39m
    at HTMLUnknownElement.callCallback [90m(/home/user/Apophenia/[39mnode_modules/[4mreact-dom[24m/cjs/react-dom.development.js:4164:14[90m)[39m
    at HTMLUnknownElement.callTheUserObjectsOperation [90m(/home/user/Apophenia/[39mnode_modules/[4mjsdom[24m/lib/jsdom/living/generated/EventListener.js:26:30[90m)[39m
    at innerInvokeEventListeners [90m(/home/user/Apophenia/[39mnode_modules/[4mjsdom[24m/lib/jsdom/living/events/EventTarget-impl.js:350:25[90m)[39m
    at invokeEventListeners [90m(/home/user/Apophenia/[39mnode_modules/[4mjsdom[24m/lib/jsdom/living/events/EventTarget-impl.js:286:3[90m)[39m
    at HTMLUnknownElementImpl._dispatch [90m(/home/user/Apophenia/[39mnode_modules/[4mjsdom[24m/lib/jsdom/living/events/EventTarget-impl.js:233:9[90m)[39m
    at HTMLUnknownElementImpl.dispatchEvent [90m(/home/user/Apophenia/[39mnode_modules/[4mjsdom[24m/lib/jsdom/living/events/EventTarget-impl.js:104:17[90m)[39m
    at HTMLUnknownElement.dispatchEvent [90m(/home/user/Apophenia/[39mnode_modules/[4mjsdom[24m/lib/jsdom/living/generated/EventTarget.js:241:34[90m)[39m
    at Object.invokeGuardedCallbackDev [90m(/home/user/Apophenia/[39mnode_modules/[4mreact-dom[24m/cjs/react-dom.development.js:4213:16[90m)[39m

 ❯ src/components/__tests__/StartScreen.test.tsx (4 tests | 3 failed) 1156ms
   × StartScreen > renders the start screen with a new game button 71ms
     → Unable to find an element with the text: Apophenia. This could be because the text is broken up by multiple elements. In this case, you can provide a function for your text matcher to make your matcher more flexible.

Ignored nodes: comments, script, style
[36m<body>[39m
  [36m<div>[39m
    [36m<div[39m
      [33mclass[39m=[32m"start-screen"[39m
    [36m>[39m
      [36m<h1[39m
        [33mclass[39m=[32m"glitched-title"[39m
      [36m>[39m
        [36m<span>[39m
          [0mA[0m
        [36m</span>[39m
        [36m<span>[39m
          [0mp[0m
        [36m</span>[39m
        [36m<span>[39m
          [0mo[0m
        [36m</span>[39m
        [36m<span>[39m
          [0mp[0m
        [36m</span>[39m
        [36m<span>[39m
          [0mh[0m
        [36m</span>[39m
        [36m<span>[39m
          [0me[0m
        [36m</span>[39m
        [36m<span>[39m
          [0mn[0m
        [36m</span>[39m
        [36m<span>[39m
          [0mi[0m
        [36m</span>[39m
        [36m<span>[39m
          [0ma[0m
        [36m</span>[39m
      [36m</h1>[39m
      [36m<p>[39m
        [0mDescent into cosmic madness through AI consciousness.[0m
      [36m</p>[39m
      [36m<div[39m
        [33mclass[39m=[32m"ai-model-info"[39m
      [36m>[39m
        [36m<span>[39m
          [0mPowered by: [0m
          [36m<strong>[39m
            [0mTest Model[0m
          [36m</strong>[39m
        [36m</span>[39m
        [36m<small>[39m
          [0mUse the model selector in bottom-right to change AI provider[0m
        [36m</small>[39m
      [36m</div>[39m
      [36m<div[39m
        [33mclass[39m=[32m"genre-selector"[39m
      [36m>[39m
        [36m<h2>[39m
          [0mChoose Your Descent[0m
        [36m</h2>[39m
        [36m<select>[39m
          [36m<option[39m
            [33mvalue[39m=[32m"cosmic-horror"[39m
          [36m>[39m
            [0mCosmic Horror[0m
          [36m</option>[39m
          [36m<option[39m
            [33mvalue[39m=[32m"psychological-thriller"[39m
          [36m>[39m
            [0mPsychological Thriller[0m
          [36m</option>[39m
        [36m</select>[39m
        [36m<p[39m
          [33mclass[39m=[32m"genre-description"[39m
        [36m>[39m
          [0mA descent through someone's mind as it unravels. Reality fragments. Memories lie. The void watches.[0m
        [36m</p>[39m
      [36m</div>[39m
      [36m<button>[39m
        [0mNew Game[0m
      [36m</button>[39m
      [36m<button>[39m
        [0mLoad Demo[0m
      [36m</button>[39m
      [36m<div[39m
        [33mstyle[39m=[32m"position: absolute; bottom: 10px; right: 10px; display: flex; flex-direction: column; gap: 5px; align-items: flex-end;"[39m
      [36m>[39m
        [36m<button[39m
          [33mstyle[39m=[32m"font-size: 10px; padding: 2px 5px;"[39m
        [36m>[39m
          [0mTest Image Gen[0m
        [36m</button>[39m
        [36m<button[39m
          [33mstyle[39m=[32m"font-size: 10px; padding: 2px 5px;"[39m
        [36m>[39m
          [0mTest Story Gen[0m
        [36m</button>[39m
      [36m</div>[39m
    [36m</div>[39m
  [36m</div>[39m
[36m</body>[39m
   ✓ StartScreen > does not show the continue button when there is no saved game 7ms
   × StartScreen > shows the continue button when there is a saved game 17ms
     → Unable to find an element with the text: Continue. This could be because the text is broken up by multiple elements. In this case, you can provide a function for your text matcher to make your matcher more flexible.

Ignored nodes: comments, script, style
[36m<body>[39m
  [36m<div>[39m
    [36m<div[39m
      [33mclass[39m=[32m"start-screen"[39m
    [36m>[39m
      [36m<h1[39m
        [33mclass[39m=[32m"glitched-title"[39m
      [36m>[39m
        [36m<span>[39m
          [0mA[0m
        [36m</span>[39m
        [36m<span>[39m
          [0mp[0m
        [36m</span>[39m
        [36m<span>[39m
          [0mo[0m
        [36m</span>[39m
        [36m<span>[39m
          [0mp[0m
        [36m</span>[39m
        [36m<span>[39m
          [0mh[0m
        [36m</span>[39m
        [36m<span>[39m
          [0me[0m
        [36m</span>[39m
        [36m<span>[39m
          [0mn[0m
        [36m</span>[39m
        [36m<span>[39m
          [0mi[0m
        [36m</span>[39m
        [36m<span>[39m
          [0ma[0m
        [36m</span>[39m
      [36m</h1>[39m
      [36m<p>[39m
        [0mDescent into cosmic madness through AI consciousness.[0m
      [36m</p>[39m
      [36m<div[39m
        [33mclass[39m=[32m"ai-model-info"[39m
      [36m>[39m
        [36m<span>[39m
          [0mPowered by: [0m
          [36m<strong>[39m
            [0mTest Model[0m
          [36m</strong>[39m
        [36m</span>[39m
        [36m<small>[39m
          [0mUse the model selector in bottom-right to change AI provider[0m
        [36m</small>[39m
      [36m</div>[39m
      [36m<div[39m
        [33mclass[39m=[32m"genre-selector"[39m
      [36m>[39m
        [36m<h2>[39m
          [0mChoose Your Descent[0m
        [36m</h2>[39m
        [36m<select>[39m
          [36m<option[39m
            [33mvalue[39m=[32m"cosmic-horror"[39m
          [36m>[39m
            [0mCosmic Horror[0m
          [36m</option>[39m
          [36m<option[39m
            [33mvalue[39m=[32m"psychological-thriller"[39m
          [36m>[39m
            [0mPsychological Thriller[0m
          [36m</option>[39m
        [36m</select>[39m
        [36m<p[39m
          [33mclass[39m=[32m"genre-description"[39m
        [36m>[39m
          [0mA descent through someone's mind as it unravels. Reality fragments. Memories lie. The void watches.[0m
        [36m</p>[39m
      [36m</div>[39m
      [36m<button>[39m
        [0mNew Game[0m
      [36m</button>[39m
      [36m<button>[39m
        [0mLoad Demo[0m
      [36m</button>[39m
      [36m<div[39m
        [33mstyle[39m=[32m"position: absolute; bottom: 10px; right: 10px; display: flex; flex-direction: column; gap: 5px; align-items: flex-end;"[39m
      [36m>[39m
        [36m<button[39m
          [33mstyle[39m=[32m"font-size: 10px; padding: 2px 5px;"[39m
        [36m>[39m
          [0mTest Image Gen[0m
        [36m</button>[39m
        [36m<button[39m
          [33mstyle[39m=[32m"font-size: 10px; padding: 2px 5px;"[39m
        [36m>[39m
          [0mTest Story Gen[0m
        [36m</button>[39m
      [36m</div>[39m
    [36m</div>[39m
  [36m</div>[39m
[36m</body>[39m
   × StartScreen > calls generateConcept and sets the game state to PLAYING on new game 1058ms
     → expected "generateConceptFlow" to be called at least once

Ignored nodes: comments, script, style
[36m<html>[39m
  [36m<head />[39m
  [36m<body>[39m
    [36m<div>[39m
      [36m<div[39m
        [33mclass[39m=[32m"start-screen"[39m
      [36m>[39m
        [36m<h1[39m
          [33mclass[39m=[32m"glitched-title"[39m
        [36m>[39m
          [36m<span>[39m
            [0mA[0m
          [36m</span>[39m
          [36m<span>[39m
            [0mp[0m
          [36m</span>[39m
          [36m<span>[39m
            [0mo[0m
          [36m</span>[39m
          [36m<span>[39m
            [0mp[0m
          [36m</span>[39m
          [36m<span>[39m
            [0mh[0m
          [36m</span>[39m
          [36m<span>[39m
            [0me[0m
          [36m</span>[39m
          [36m<span>[39m
            [0mn[0m
          [36m</span>[39m
          [36m<span>[39m
            [0mi[0m
          [36m</span>[39m
          [36m<span>[39m
            [0ma[0m
          [36m</span>[39m
        [36m</h1>[39m
        [36m<p>[39m
          [0mDescent into cosmic madness through AI consciousness.[0m
        [36m</p>[39m
        [36m<div[39m
          [33mclass[39m=[32m"ai-model-info"[39m
        [36m>[39m
          [36m<span>[39m
            [0mPowered by: [0m
            [36m<strong>[39m
              [0mTest Model[0m
            [36m</strong>[39m
          [36m</span>[39m
          [36m<small>[39m
            [0mUse the model selector in bottom-right to change AI provider[0m
          [36m</small>[39m
        [36m</div>[39m
        [36m<div[39m
          [33mclass[39m=[32m"genre-selector"[39m
        [36m>[39m
          [36m<h2>[39m
            [0mChoose Your Descent[0m
          [36m</h2>[39m
          [36m<select>[39m
            [36m<option[39m
              [33mvalue[39m=[32m"cosmic-horror"[39m
            [36m>[39m
              [0mCosmic Horror[0m
            [36m</option>[39m
            [36m<option[39m
              [33mvalue[39m=[32m"psychological-thriller"[39m
            [36m>[39m
              [0mPsychological Thriller[0m
            [36m</option>[39m
          [36m</select>[39m
          [36m<p[39m
            [33mclass[39m=[32m"genre-description"[39m
          [36m>[39m
            [0mA descent through someone's mind as it unravels. Reality fragments. Memories lie. The void watches.[0m
          [36m</p>[39m
        [36m</div>[39m
        [36m<button[39m
          [33mdisabled[39m=[32m""[39m
        [36m>[39m
          [0mStarting...[0m
        [36m</button>[39m
        [36m<button[39m
          [33mdisabled[39m=[32m""[39m
        [36m>[39m
          [0mLoading...[0m
        [36m</button>[39m
        [36m<div[39m
          [33mstyle[39m=[32m"position: absolute; bottom: 10px; right: 10px; display: flex; flex-direction: column; gap: 5px; align-items: flex-end;"[39m
        [36m>[39m
          [36m<button[39m
            [33mstyle[39m=[32m"font-size: 10px; padding: 2px 5px;"[39m
          [36m>[39m
            [0mTest Image Gen[0m
          [36m</button>[39m
          [36m<button[39m
            [33mstyle[39m=[32m"font-size: 10px; padding: 2px 5px;"[39m
          [36m>[39m
            [0mTest Story Gen[0m
          [36m</button>[39m
        [36m</div>[39m
      [36m</div>[39m
    [36m</div>[39m
  [36m</body>[39m
[36m</html>[39m
stdout | tests/contracts/command-executors.contract.test.ts > Contract Tests: Command Executors (Seam #5) > generateImage Executor > execute returns Promise<ExecutionResult>
Image generation requested for prompt: A dark corridor

stdout | tests/contracts/command-executors.contract.test.ts > Contract Tests: Command Executors (Seam #5) > generateImage Executor > execute result contains correct command reference
Image generation requested for prompt: A dark corridor

stdout | tests/contracts/command-executors.contract.test.ts > Contract Tests: Command Executors (Seam #5) > generateImage Executor > execute returns consistent result shape on success and failure
Image generation requested for prompt: A dark corridor

stderr | tests/contracts/ai-services.contract.test.ts > Contract Tests: AI Services (Seam #4)
Grok availability check failed: TypeError: fetch failed
[90m    at node:internal/deps/undici/undici:14900:13[39m
[90m    at processTicksAndRejections (node:internal/process/task_queues:105:5)[39m
    at GrokService.isAvailable [90m(/home/user/Apophenia/[39msrc/services/ai/grokService.ts:40:24[90m)[39m
    at [90m/home/user/Apophenia/[39mtests/contracts/ai-services.contract.test.ts:103:21 {
  [cause]: Error: getaddrinfo EAI_AGAIN api.x.ai
  [90m    at GetAddrInfoReqWrap.onlookupall [as oncomplete] (node:dns:122:26)[39m {
    errno: [33m-3001[39m,
    code: [32m'EAI_AGAIN'[39m,
    syscall: [32m'getaddrinfo'[39m,
    hostname: [32m'api.x.ai'[39m
  }
}

stdout | tests/contracts/ai-services.contract.test.ts > Contract Tests: AI Services (Seam #4)

📋 Service Availability Check:
  ✓ GrokService: ⚠️  Unavailable (skipping network tests)
  ✓ MockService: ✅ Available

stderr | tests/contracts/ai-services.contract.test.ts > Contract Tests: AI Services (Seam #4) > GrokService Interface Compliance > isAvailable returns Promise<boolean>
Grok availability check failed: TypeError: fetch failed
[90m    at node:internal/deps/undici/undici:14900:13[39m
[90m    at processTicksAndRejections (node:internal/process/task_queues:105:5)[39m
    at GrokService.isAvailable [90m(/home/user/Apophenia/[39msrc/services/ai/grokService.ts:40:24[90m)[39m
    at [90m/home/user/Apophenia/[39mtests/contracts/ai-services.contract.test.ts:151:24
    at [90mfile:///home/user/Apophenia/[39mnode_modules/[4m@vitest/runner[24m/dist/chunk-hooks.js:752:20 {
  [cause]: Error: getaddrinfo EAI_AGAIN api.x.ai
  [90m    at GetAddrInfoReqWrap.onlookupall [as oncomplete] (node:dns:122:26)[39m {
    errno: [33m-3001[39m,
    code: [32m'EAI_AGAIN'[39m,
    syscall: [32m'getaddrinfo'[39m,
    hostname: [32m'api.x.ai'[39m
  }
}

stderr | tests/contracts/ai-services.contract.test.ts > Contract Tests: AI Services (Seam #4) > GrokService Interface Compliance > isAvailable handles errors gracefully
Grok availability check failed: TypeError: fetch failed
[90m    at node:internal/deps/undici/undici:14900:13[39m
[90m    at processTicksAndRejections (node:internal/process/task_queues:105:5)[39m
    at GrokService.isAvailable [90m(/home/user/Apophenia/[39msrc/services/ai/grokService.ts:40:24[90m)[39m
    at [90m/home/user/Apophenia/[39mtests/contracts/ai-services.contract.test.ts:157:9
    at [90mfile:///home/user/Apophenia/[39mnode_modules/[4m@vitest/runner[24m/dist/chunk-hooks.js:752:20 {
  [cause]: Error: getaddrinfo EAI_AGAIN api.x.ai
  [90m    at GetAddrInfoReqWrap.onlookupall [as oncomplete] (node:dns:122:26)[39m {
    errno: [33m-3001[39m,
    code: [32m'EAI_AGAIN'[39m,
    syscall: [32m'getaddrinfo'[39m,
    hostname: [32m'api.x.ai'[39m
  }
}

stdout | tests/contracts/ai-services.contract.test.ts > UnifiedAIService Contract > setPrimaryProvider accepts valid AIProvider
Primary AI provider set to: mock
Primary AI provider set to: grok

stdout | tests/contracts/ai-services.contract.test.ts > UnifiedAIService Contract > setFallbackChain accepts array of AIProviders
Fallback chain set to: mock
Fallback chain set to: grok → mock

stderr | tests/contracts/ai-services.contract.test.ts > UnifiedAIService Contract > testProvider returns correct provider name
Grok availability check failed: TypeError: fetch failed
[90m    at node:internal/deps/undici/undici:14900:13[39m
[90m    at processTicksAndRejections (node:internal/process/task_queues:105:5)[39m
    at GrokService.isAvailable [90m(/home/user/Apophenia/[39msrc/services/ai/grokService.ts:40:24[90m)[39m
    at UnifiedAIServiceImpl.testProvider [90m(/home/user/Apophenia/[39msrc/services/ai/unifiedAIService.ts:119:27[90m)[39m
    at [90m/home/user/Apophenia/[39mtests/contracts/ai-services.contract.test.ts:387:24
    at [90mfile:///home/user/Apophenia/[39mnode_modules/[4m@vitest/runner[24m/dist/chunk-hooks.js:752:20 {
  [cause]: Error: getaddrinfo EAI_AGAIN api.x.ai
  [90m    at GetAddrInfoReqWrap.onlookupall [as oncomplete] (node:dns:122:26)[39m {
    errno: [33m-3001[39m,
    code: [32m'EAI_AGAIN'[39m,
    syscall: [32m'getaddrinfo'[39m,
    hostname: [32m'api.x.ai'[39m
  }
}

stderr | tests/contracts/ai-services.contract.test.ts > UnifiedAIService Contract > testProvider has error field when available is false
Grok availability check failed: TypeError: fetch failed
[90m    at node:internal/deps/undici/undici:14900:13[39m
[90m    at processTicksAndRejections (node:internal/process/task_queues:105:5)[39m
    at GrokService.isAvailable [90m(/home/user/Apophenia/[39msrc/services/ai/grokService.ts:40:24[90m)[39m
    at UnifiedAIServiceImpl.testProvider [90m(/home/user/Apophenia/[39msrc/services/ai/unifiedAIService.ts:119:27[90m)[39m
    at [90m/home/user/Apophenia/[39mtests/contracts/ai-services.contract.test.ts:401:20
    at [90mfile:///home/user/Apophenia/[39mnode_modules/[4m@vitest/runner[24m/dist/chunk-hooks.js:752:20 {
  [cause]: Error: getaddrinfo EAI_AGAIN api.x.ai
  [90m    at GetAddrInfoReqWrap.onlookupall [as oncomplete] (node:dns:122:26)[39m {
    errno: [33m-3001[39m,
    code: [32m'EAI_AGAIN'[39m,
    syscall: [32m'getaddrinfo'[39m,
    hostname: [32m'api.x.ai'[39m
  }
}

stderr | tests/contracts/ai-services.contract.test.ts > UnifiedAIService Contract > testAllProviders returns Map<AIProvider, ProviderTestResult>
Grok availability check failed: TypeError: fetch failed
[90m    at node:internal/deps/undici/undici:14900:13[39m
[90m    at processTicksAndRejections (node:internal/process/task_queues:105:5)[39m
    at GrokService.isAvailable [90m(/home/user/Apophenia/[39msrc/services/ai/grokService.ts:40:24[90m)[39m
    at UnifiedAIServiceImpl.testProvider [90m(/home/user/Apophenia/[39msrc/services/ai/unifiedAIService.ts:119:27[90m)[39m
    at [90m/home/user/Apophenia/[39msrc/services/ai/unifiedAIService.ts:155:22
    at async Promise.all (index 0)
    at UnifiedAIServiceImpl.testAllProviders [90m(/home/user/Apophenia/[39msrc/services/ai/unifiedAIService.ts:159:5[90m)[39m
    at [90m/home/user/Apophenia/[39mtests/contracts/ai-services.contract.test.ts:415:21
    at [90mfile:///home/user/Apophenia/[39mnode_modules/[4m@vitest/runner[24m/dist/chunk-hooks.js:752:20 {
  [cause]: Error: getaddrinfo EAI_AGAIN api.x.ai
  [90m    at GetAddrInfoReqWrap.onlookupall [as oncomplete] (node:dns:122:26)[39m {
    errno: [33m-3001[39m,
    code: [32m'EAI_AGAIN'[39m,
    syscall: [32m'getaddrinfo'[39m,
    hostname: [32m'api.x.ai'[39m
  }
}

stderr | tests/contracts/ai-services.contract.test.ts > UnifiedAIService Contract > testAllProviders includes all known providers
Grok availability check failed: TypeError: fetch failed
[90m    at node:internal/deps/undici/undici:14900:13[39m
[90m    at processTicksAndRejections (node:internal/process/task_queues:105:5)[39m
    at GrokService.isAvailable [90m(/home/user/Apophenia/[39msrc/services/ai/grokService.ts:40:24[90m)[39m
    at UnifiedAIServiceImpl.testProvider [90m(/home/user/Apophenia/[39msrc/services/ai/unifiedAIService.ts:119:27[90m)[39m
    at [90m/home/user/Apophenia/[39msrc/services/ai/unifiedAIService.ts:155:22
    at async Promise.all (index 0)
    at UnifiedAIServiceImpl.testAllProviders [90m(/home/user/Apophenia/[39msrc/services/ai/unifiedAIService.ts:159:5[90m)[39m
    at [90m/home/user/Apophenia/[39mtests/contracts/ai-services.contract.test.ts:422:21
    at [90mfile:///home/user/Apophenia/[39mnode_modules/[4m@vitest/runner[24m/dist/chunk-hooks.js:752:20 {
  [cause]: Error: getaddrinfo EAI_AGAIN api.x.ai
  [90m    at GetAddrInfoReqWrap.onlookupall [as oncomplete] (node:dns:122:26)[39m {
    errno: [33m-3001[39m,
    code: [32m'EAI_AGAIN'[39m,
    syscall: [32m'getaddrinfo'[39m,
    hostname: [32m'api.x.ai'[39m
  }
}

stderr | tests/contracts/ai-services.contract.test.ts > UnifiedAIService Contract > testAllProviders results match ProviderTestResult contract
Grok availability check failed: TypeError: fetch failed
[90m    at node:internal/deps/undici/undici:14900:13[39m
[90m    at processTicksAndRejections (node:internal/process/task_queues:105:5)[39m
    at GrokService.isAvailable [90m(/home/user/Apophenia/[39msrc/services/ai/grokService.ts:40:24[90m)[39m
    at UnifiedAIServiceImpl.testProvider [90m(/home/user/Apophenia/[39msrc/services/ai/unifiedAIService.ts:119:27[90m)[39m
    at [90m/home/user/Apophenia/[39msrc/services/ai/unifiedAIService.ts:155:22
    at async Promise.all (index 0)
    at UnifiedAIServiceImpl.testAllProviders [90m(/home/user/Apophenia/[39msrc/services/ai/unifiedAIService.ts:159:5[90m)[39m
    at [90m/home/user/Apophenia/[39mtests/contracts/ai-services.contract.test.ts:429:21
    at [90mfile:///home/user/Apophenia/[39mnode_modules/[4m@vitest/runner[24m/dist/chunk-hooks.js:752:20 {
  [cause]: Error: getaddrinfo EAI_AGAIN api.x.ai
  [90m    at GetAddrInfoReqWrap.onlookupall [as oncomplete] (node:dns:122:26)[39m {
    errno: [33m-3001[39m,
    code: [32m'EAI_AGAIN'[39m,
    syscall: [32m'getaddrinfo'[39m,
    hostname: [32m'api.x.ai'[39m
  }
}

stdout | tests/contracts/ai-services.contract.test.ts > UnifiedAIService Contract > generate returns Promise<AIResponse>
Primary AI provider set to: mock

stdout | tests/unit/ai/unifiedAIService.test.ts > UnifiedAIService > setPrimaryProvider > should set the primary provider
Fallback chain set to: grok → mock
Primary AI provider set to: grok

stdout | tests/unit/ai/unifiedAIService.test.ts > UnifiedAIService > setPrimaryProvider > should set the primary provider
Primary AI provider set to: mock

stdout | tests/unit/ai/unifiedAIService.test.ts > UnifiedAIService > setFallbackChain > should set custom fallback chain
Fallback chain set to: grok → mock
Primary AI provider set to: grok

stdout | tests/unit/ai/unifiedAIService.test.ts > UnifiedAIService > setFallbackChain > should set custom fallback chain
Fallback chain set to: mock → grok

stdout | tests/unit/ai/unifiedAIService.test.ts > UnifiedAIService > setFallbackChain > should throw error for empty chain
Fallback chain set to: grok → mock
Primary AI provider set to: grok

stdout | tests/unit/ai/unifiedAIService.test.ts > UnifiedAIService > generateWithFallback > should eventually succeed with mock provider
Fallback chain set to: grok → mock
Primary AI provider set to: grok

stdout | tests/unit/ai/unifiedAIService.test.ts > UnifiedAIService > generateWithFallback > should eventually succeed with mock provider
Fallback chain set to: mock

stdout | tests/unit/ai/unifiedAIService.test.ts > UnifiedAIService > generateWithFallback > should eventually succeed with mock provider
Attempting generation with mock...

 ✓ tests/integration/ai-command-integration.test.ts (9 tests) 209ms
stdout | tests/contracts/image-services.contract.test.ts
[ImagePipeline] Initialized with providers: grok (priority: 1), unsplash (priority: 3)

stdout | tests/unit/commands/CommandQueue.test.ts > CommandQueue > executeNext > should execute next command
Command executed: createSegment { segmentId: [32m'test-segment'[39m }

stderr | tests/unit/commands/CommandQueue.test.ts > CommandQueue > executeNext > should handle executor errors gracefully
Command failed: displayText Missing content

stdout | tests/unit/commands/CommandQueue.test.ts > CommandQueue > executeSequential > should execute all commands in order
Command executed: createSegment { segmentId: [32m'segment-1'[39m }

stdout | tests/unit/commands/CommandQueue.test.ts > CommandQueue > executeSequential > should execute all commands in order
Command executed: displayText { segmentId: [32m'segment-1'[39m, textLength: [33m6[39m }

stdout | tests/unit/commands/CommandQueue.test.ts > CommandQueue > executeSequential > should execute all commands in order
Command executed: createSegment { segmentId: [32m'segment-2'[39m }

stdout | tests/unit/commands/CommandQueue.test.ts > CommandQueue > executeSequential > should execute all commands in order
Command executed: displayText { segmentId: [32m'segment-2'[39m, textLength: [33m6[39m }

stdout | tests/unit/commands/CommandQueue.test.ts > CommandQueue > executeSequential > should continue execution even if a command fails
Command executed: createSegment { segmentId: [32m'segment-1'[39m }

stderr | tests/unit/commands/CommandQueue.test.ts > CommandQueue > executeSequential > should continue execution even if a command fails
Command failed: displayText Missing content

stderr | tests/unit/commands/CommandQueue.test.ts > CommandQueue > executeSequential > should continue execution even if a command fails
Command failed but continuing: Missing content

stdout | tests/unit/commands/CommandQueue.test.ts > CommandQueue > executeSequential > should continue execution even if a command fails
Command executed: createSegment { segmentId: [32m'segment-2'[39m }

 ✓ tests/unit/commands/wait.test.ts (10 tests) 160ms
stderr | tests/contracts/image-services.contract.test.ts > Contract Tests: Image Services (Seam #7) > Service Interface Compliance > GrokImageService Interface Compliance > generate accepts string and returns Promise<ImageResult>
[Grok] Generation failed: fetch failed

stdout | tests/contracts/image-services.contract.test.ts > Contract Tests: Image Services (Seam #7) > Service Interface Compliance > GrokImageService Interface Compliance > isAvailable returns Promise<boolean>
[Grok] Service unavailable: fetch failed

stderr | tests/contracts/image-services.contract.test.ts > Contract Tests: Image Services (Seam #7) > Service Interface Compliance > UnsplashService Interface Compliance > generate accepts string and returns Promise<ImageResult>
[Unsplash] Search failed: fetch failed

stdout | tests/contracts/image-services.contract.test.ts > Contract Tests: Image Services (Seam #7) > ImagePipeline Contract > implements ImagePipeline interface
[ImagePipeline] Initialized with providers: grok (priority: 1), unsplash (priority: 3)

stdout | tests/contracts/image-services.contract.test.ts > Contract Tests: Image Services (Seam #7) > ImagePipeline Contract > generate accepts prompt and segmentId, returns Promise<string | null>
[ImagePipeline] Initialized with providers: grok (priority: 1), unsplash (priority: 3)

stdout | tests/contracts/image-services.contract.test.ts > Contract Tests: Image Services (Seam #7) > ImagePipeline Contract > generate accepts prompt and segmentId, returns Promise<string | null>
[Grok] Service unavailable: fetch failed

stdout | tests/contracts/image-services.contract.test.ts > Contract Tests: Image Services (Seam #7) > ImagePipeline Contract > generate accepts prompt and segmentId, returns Promise<string | null>
[ImagePipeline] grok not available

stderr | tests/contracts/image-services.contract.test.ts > Contract Tests: Image Services (Seam #7) > ImagePipeline Contract > generate accepts prompt and segmentId, returns Promise<string | null>
[ImagePipeline] All services exhausted, returning null

stdout | tests/contracts/image-services.contract.test.ts > Contract Tests: Image Services (Seam #7) > ImagePipeline Contract > generate accepts prompt and segmentId, returns Promise<string | null>
[ImagePipeline] unsplash not available

stdout | tests/contracts/image-services.contract.test.ts > Contract Tests: Image Services (Seam #7) > ImagePipeline Contract > generate accepts prompt and segmentId, returns Promise<string | null>
[ImagePipeline] Generated for segment test-segment-id: via none ✗

stdout | tests/contracts/image-services.contract.test.ts > Contract Tests: Image Services (Seam #7) > ImagePipeline Contract > generateWithFallback accepts string and returns Promise<ImageResult>
[ImagePipeline] Initialized with providers: grok (priority: 1), unsplash (priority: 3)

stdout | tests/contracts/image-services.contract.test.ts > Contract Tests: Image Services (Seam #7) > ImagePipeline Contract > generateWithFallback accepts string and returns Promise<ImageResult>
[Grok] Service unavailable: fetch failed

stdout | tests/contracts/image-services.contract.test.ts > Contract Tests: Image Services (Seam #7) > ImagePipeline Contract > generateWithFallback accepts string and returns Promise<ImageResult>
[ImagePipeline] grok not available

stderr | tests/contracts/image-services.contract.test.ts > Contract Tests: Image Services (Seam #7) > ImagePipeline Contract > generateWithFallback accepts string and returns Promise<ImageResult>
[ImagePipeline] All services exhausted, returning null

stdout | tests/contracts/image-services.contract.test.ts > Contract Tests: Image Services (Seam #7) > ImagePipeline Contract > generateWithFallback accepts string and returns Promise<ImageResult>
[ImagePipeline] unsplash not available

stdout | tests/contracts/image-services.contract.test.ts > Contract Tests: Image Services (Seam #7) > ImagePipeline Contract > getProviders returns ImageService array
[ImagePipeline] Initialized with providers: grok (priority: 1), unsplash (priority: 3)

stdout | tests/contracts/image-services.contract.test.ts > Contract Tests: Image Services (Seam #7) > ImagePipeline Contract > testProviders returns Promise<Map<string, boolean>>
[ImagePipeline] Initialized with providers: grok (priority: 1), unsplash (priority: 3)

stdout | tests/contracts/image-services.contract.test.ts > Contract Tests: Image Services (Seam #7) > ImagePipeline Contract > testProviders returns Promise<Map<string, boolean>>
[Grok] Service unavailable: fetch failed

stdout | tests/contracts/ai-services.contract.test.ts > UnifiedAIService Contract > generateWithFallback returns Promise<AIResponse>
Fallback chain set to: mock

stdout | tests/contracts/ai-services.contract.test.ts > UnifiedAIService Contract > generateWithFallback returns Promise<AIResponse>
Attempting generation with mock...

stdout | tests/contracts/image-services.contract.test.ts > Contract Tests: Image Services (Seam #7) > ImagePipeline Contract > singleton instance exports correct type
[ImagePipeline] Initialized with providers: grok (priority: 1), unsplash (priority: 3)

stderr | tests/contracts/image-services.contract.test.ts > Contract Tests: Image Services (Seam #7) > ImageResult Contract > successful result has correct shape
[Grok] Generation failed: fetch failed

stderr | tests/contracts/image-services.contract.test.ts > Contract Tests: Image Services (Seam #7) > ImageResult Contract > failed result has correct shape
[Grok] Generation failed: fetch failed

stdout | tests/contracts/image-services.contract.test.ts > Contract Tests: Image Services (Seam #7) > ImageResult Contract > cached result has correct shape
[ImagePipeline] Initialized with providers: grok (priority: 1), unsplash (priority: 3)

stdout | tests/contracts/image-services.contract.test.ts > Contract Tests: Image Services (Seam #7) > ImageResult Contract > cached result has correct shape
[Grok] Service unavailable: fetch failed

stdout | tests/contracts/image-services.contract.test.ts > Contract Tests: Image Services (Seam #7) > ImageResult Contract > cached result has correct shape
[ImagePipeline] grok not available

stderr | tests/contracts/image-services.contract.test.ts > Contract Tests: Image Services (Seam #7) > ImageResult Contract > cached result has correct shape
[ImagePipeline] All services exhausted, returning null

stdout | tests/contracts/image-services.contract.test.ts > Contract Tests: Image Services (Seam #7) > ImageResult Contract > cached result has correct shape
[ImagePipeline] unsplash not available

stdout | tests/unit/commands/CommandQueue.test.ts > CommandQueue > executeSequential > should throw if already executing
Command executed: wait { requestedDuration: [33m100[39m, actualDuration: [33m100[39m }

stdout | tests/unit/commands/CommandQueue.test.ts > CommandQueue > integration test > should execute a complete command sequence
Command executed: createSegment { segmentId: [32m'intro-1'[39m }

stdout | tests/unit/commands/CommandQueue.test.ts > CommandQueue > integration test > should execute a complete command sequence
Command executed: displayText { segmentId: [32m'intro-1'[39m, textLength: [33m29[39m }

stdout | tests/unit/commands/CommandQueue.test.ts > CommandQueue > integration test > should execute a complete command sequence
Command executed: displayChoices { choiceCount: [33m2[39m, hasIntrusiveThought: [33mfalse[39m }

stdout | tests/contracts/image-services.contract.test.ts > Contract Tests: Image Services (Seam #7) > ImageResult Contract > cached result has correct shape
[Grok] Service unavailable: fetch failed

stdout | tests/contracts/image-services.contract.test.ts > Contract Tests: Image Services (Seam #7) > ImageResult Contract > cached result has correct shape
[ImagePipeline] grok not available

stdout | tests/contracts/image-services.contract.test.ts > Contract Tests: Image Services (Seam #7) > ImageResult Contract > cached result has correct shape
[ImagePipeline] unsplash not available

stderr | tests/contracts/image-services.contract.test.ts > Contract Tests: Image Services (Seam #7) > ImageResult Contract > cached result has correct shape
[ImagePipeline] All services exhausted, returning null

stdout | tests/contracts/image-services.contract.test.ts > Contract Tests: Image Services (Seam #7) > Priority Ordering > services are ordered by priority
[ImagePipeline] Initialized with providers: grok (priority: 1), unsplash (priority: 3)

stdout | tests/unit/commands/CommandQueue.test.ts > CommandQueue > integration test > should execute a complete command sequence
Command executed: wait { requestedDuration: [33m10[39m, actualDuration: [33m11[39m }

stdout | tests/unit/commands/CommandQueue.test.ts > CommandQueue > integration test > should execute a complete command sequence
Command executed: updateWorldState { updatedFields: [ [32m'horrorIntensity'[39m, [32m'setting'[39m ] }

 ✓ tests/unit/commands/CommandQueue.test.ts (13 tests) 129ms
stdout | tests/contracts/image-services.contract.test.ts > Contract Tests: Image Services (Seam #7) > Service Interchangeability > all services can be used through ImageService interface
[Grok] Service unavailable: fetch failed

stderr | tests/contracts/image-services.contract.test.ts > Contract Tests: Image Services (Seam #7) > Service Interchangeability > all services can be used through ImageService interface
[Grok] Generation failed: fetch failed

stderr | tests/contracts/image-services.contract.test.ts > Contract Tests: Image Services (Seam #7) > Service Interchangeability > all services can be used through ImageService interface
[Unsplash] Search failed: fetch failed

stdout | tests/contracts/image-services.contract.test.ts > Contract Tests: Image Services (Seam #7) > Service Interchangeability > services can be registered in pipeline polymorphically
[ImagePipeline] Initialized with providers: grok (priority: 1), unsplash (priority: 3)

stderr | tests/contracts/image-services.contract.test.ts > Contract Tests: Image Services (Seam #7) > Error Handling Contracts > services never throw, always return ImageResult
[Grok] Generation failed: fetch failed

stderr | tests/contracts/image-services.contract.test.ts > Contract Tests: Image Services (Seam #7) > Error Handling Contracts > services never throw, always return ImageResult
[Unsplash] Search failed: fetch failed

stdout | tests/contracts/image-services.contract.test.ts > Contract Tests: Image Services (Seam #7) > Error Handling Contracts > pipeline never throws, returns null on complete failure
[ImagePipeline] Initialized with providers: grok (priority: 1), unsplash (priority: 3)

stdout | tests/contracts/image-services.contract.test.ts > Contract Tests: Image Services (Seam #7) > Error Handling Contracts > pipeline never throws, returns null on complete failure
[Grok] Service unavailable: fetch failed

stdout | tests/contracts/image-services.contract.test.ts > Contract Tests: Image Services (Seam #7) > Error Handling Contracts > pipeline never throws, returns null on complete failure
[ImagePipeline] grok not available

stderr | tests/contracts/image-services.contract.test.ts > Contract Tests: Image Services (Seam #7) > Error Handling Contracts > pipeline never throws, returns null on complete failure
[ImagePipeline] All services exhausted, returning null

stdout | tests/contracts/image-services.contract.test.ts > Contract Tests: Image Services (Seam #7) > Error Handling Contracts > pipeline never throws, returns null on complete failure
[ImagePipeline] unsplash not available

stdout | tests/contracts/image-services.contract.test.ts > Contract Tests: Image Services (Seam #7) > Error Handling Contracts > pipeline never throws, returns null on complete failure
[ImagePipeline] Generated for segment test-segment: via none ✗

stdout | tests/contracts/image-services.contract.test.ts > Contract Tests: Image Services (Seam #7) > Error Handling Contracts > generateWithFallback always returns valid ImageResult
[ImagePipeline] Initialized with providers: grok (priority: 1), unsplash (priority: 3)

stdout | tests/contracts/image-services.contract.test.ts > Contract Tests: Image Services (Seam #7) > Error Handling Contracts > generateWithFallback always returns valid ImageResult
[Grok] Service unavailable: fetch failed

stdout | tests/contracts/image-services.contract.test.ts > Contract Tests: Image Services (Seam #7) > Error Handling Contracts > generateWithFallback always returns valid ImageResult
[ImagePipeline] grok not available

stderr | tests/contracts/image-services.contract.test.ts > Contract Tests: Image Services (Seam #7) > Error Handling Contracts > generateWithFallback always returns valid ImageResult
[ImagePipeline] All services exhausted, returning null

stdout | tests/contracts/image-services.contract.test.ts > Contract Tests: Image Services (Seam #7) > Error Handling Contracts > generateWithFallback always returns valid ImageResult
[ImagePipeline] unsplash not available

stderr | tests/contracts/image-services.contract.test.ts > Contract Tests: Image Services (Seam #7) > Best-Effort Behavior Contract > services implement best-effort pattern
[Grok] Generation failed: fetch failed

stdout | tests/contracts/image-services.contract.test.ts > Contract Tests: Image Services (Seam #7) > Best-Effort Behavior Contract > pipeline implements fallback chain
[ImagePipeline] Initialized with providers: grok (priority: 1), unsplash (priority: 3)

stdout | tests/contracts/image-services.contract.test.ts > Contract Tests: Image Services (Seam #7) > Best-Effort Behavior Contract > pipeline implements fallback chain
[Grok] Service unavailable: fetch failed

stdout | tests/contracts/image-services.contract.test.ts > Contract Tests: Image Services (Seam #7) > Best-Effort Behavior Contract > pipeline implements fallback chain
[ImagePipeline] grok not available

stderr | tests/contracts/image-services.contract.test.ts > Contract Tests: Image Services (Seam #7) > Best-Effort Behavior Contract > pipeline implements fallback chain
[ImagePipeline] All services exhausted, returning null

stdout | tests/contracts/image-services.contract.test.ts > Contract Tests: Image Services (Seam #7) > Best-Effort Behavior Contract > pipeline implements fallback chain
[ImagePipeline] unsplash not available

 ✓ tests/contracts/image-services.contract.test.ts (34 tests) 186ms
 ✓ tests/unit/ui/screens/UnravelingScreen.test.tsx (12 tests) 186ms
 ✓ tests/unit/ui/screens/DescentScreen.test.tsx (12 tests) 195ms
 ✓ src/components/__tests__/CompactModelSelector.test.tsx (4 tests) 135ms
stdout | tests/contracts/ai-services.contract.test.ts > UnifiedAIService Contract > generateWithFallback returns Promise<AIResponse>
Successfully generated with mock

stdout | tests/contracts/ai-services.contract.test.ts > UnifiedAIService Contract > generateWithFallback response matches AIResponse contract
Fallback chain set to: mock

stdout | tests/contracts/ai-services.contract.test.ts > UnifiedAIService Contract > generateWithFallback response matches AIResponse contract
Attempting generation with mock...

stdout | tests/unit/ai/unifiedAIService.test.ts > UnifiedAIService > generateWithFallback > should eventually succeed with mock provider
Successfully generated with mock

stdout | tests/unit/ai/unifiedAIService.test.ts > UnifiedAIService > generateWithFallback > should include response metadata
Fallback chain set to: grok → mock
Primary AI provider set to: grok

stdout | tests/unit/ai/unifiedAIService.test.ts > UnifiedAIService > generateWithFallback > should include response metadata
Fallback chain set to: mock

stdout | tests/unit/ai/unifiedAIService.test.ts > UnifiedAIService > generateWithFallback > should include response metadata
Attempting generation with mock...

 ✓ tests/unit/ui/components/LoadingIndicator.test.tsx (12 tests) 74ms
stdout | tests/unit/ai/unifiedAIService.test.ts > UnifiedAIService > generateWithFallback > should include response metadata
Successfully generated with mock

stdout | tests/unit/ai/unifiedAIService.test.ts > UnifiedAIService > generateWithFallback > should handle provider that returns no commands
Fallback chain set to: grok → mock
Primary AI provider set to: grok

stdout | tests/unit/ai/unifiedAIService.test.ts > UnifiedAIService > generateWithFallback > should handle provider that returns no commands
Fallback chain set to: mock

stdout | tests/unit/ai/unifiedAIService.test.ts > UnifiedAIService > generateWithFallback > should handle provider that returns no commands
Attempting generation with mock...

stdout | tests/contracts/ai-services.contract.test.ts > UnifiedAIService Contract > generateWithFallback response matches AIResponse contract
Successfully generated with mock

stdout | tests/contracts/command-executors.contract.test.ts > Contract Tests: Command Executors (Seam #5) > All Executors (Cross-Cutting Concerns) > all executors return properly typed ExecutionResult
Image generation requested for prompt: A dark corridor

 ✓ src/components/__tests__/ErrorBoundary.test.tsx (3 tests) 78ms
stdout | tests/unit/ai/unifiedAIService.test.ts > UnifiedAIService > generateWithFallback > should handle provider that returns no commands
Successfully generated with mock

stdout | tests/unit/ai/unifiedAIService.test.ts > UnifiedAIService > testProvider > should test mock provider successfully
Fallback chain set to: grok → mock
Primary AI provider set to: grok

stdout | tests/unit/ai/unifiedAIService.test.ts > UnifiedAIService > testProvider > should include latency measurement
Fallback chain set to: grok → mock
Primary AI provider set to: grok

stdout | tests/unit/ai/unifiedAIService.test.ts > UnifiedAIService > testProvider > should report unavailable for providers without API keys
Fallback chain set to: grok → mock
Primary AI provider set to: grok

stderr | tests/unit/ai/unifiedAIService.test.ts > UnifiedAIService > testProvider > should report unavailable for providers without API keys
Grok availability check failed: TypeError: fetch failed
[90m    at node:internal/deps/undici/undici:14900:13[39m
[90m    at processTicksAndRejections (node:internal/process/task_queues:105:5)[39m
    at GrokService.isAvailable [90m(/home/user/Apophenia/[39msrc/services/ai/grokService.ts:40:24[90m)[39m
    at UnifiedAIServiceImpl.testProvider [90m(/home/user/Apophenia/[39msrc/services/ai/unifiedAIService.ts:119:27[90m)[39m
    at [90m/home/user/Apophenia/[39mtests/unit/ai/unifiedAIService.test.ts:148:22
    at [90mfile:///home/user/Apophenia/[39mnode_modules/[4m@vitest/runner[24m/dist/chunk-hooks.js:752:20 {
  [cause]: Error: getaddrinfo EAI_AGAIN api.x.ai
  [90m    at GetAddrInfoReqWrap.onlookupall [as oncomplete] (node:dns:122:26)[39m {
    errno: [33m-3001[39m,
    code: [32m'EAI_AGAIN'[39m,
    syscall: [32m'getaddrinfo'[39m,
    hostname: [32m'api.x.ai'[39m
  }
}

stdout | tests/unit/ai/unifiedAIService.test.ts > UnifiedAIService > testAllProviders > should test all providers
Fallback chain set to: grok → mock
Primary AI provider set to: grok

stderr | tests/unit/ai/unifiedAIService.test.ts > UnifiedAIService > testAllProviders > should test all providers
Grok availability check failed: TypeError: fetch failed
[90m    at node:internal/deps/undici/undici:14900:13[39m
[90m    at processTicksAndRejections (node:internal/process/task_queues:105:5)[39m
    at GrokService.isAvailable [90m(/home/user/Apophenia/[39msrc/services/ai/grokService.ts:40:24[90m)[39m
    at UnifiedAIServiceImpl.testProvider [90m(/home/user/Apophenia/[39msrc/services/ai/unifiedAIService.ts:119:27[90m)[39m
    at [90m/home/user/Apophenia/[39msrc/services/ai/unifiedAIService.ts:155:22
    at async Promise.all (index 0)
    at UnifiedAIServiceImpl.testAllProviders [90m(/home/user/Apophenia/[39msrc/services/ai/unifiedAIService.ts:159:5[90m)[39m
    at [90m/home/user/Apophenia/[39mtests/unit/ai/unifiedAIService.test.ts:161:23
    at [90mfile:///home/user/Apophenia/[39mnode_modules/[4m@vitest/runner[24m/dist/chunk-hooks.js:752:20 {
  [cause]: Error: getaddrinfo EAI_AGAIN api.x.ai
  [90m    at GetAddrInfoReqWrap.onlookupall [as oncomplete] (node:dns:122:26)[39m {
    errno: [33m-3001[39m,
    code: [32m'EAI_AGAIN'[39m,
    syscall: [32m'getaddrinfo'[39m,
    hostname: [32m'api.x.ai'[39m
  }
}

stdout | tests/unit/ai/unifiedAIService.test.ts > UnifiedAIService > testAllProviders > should include results for active providers
Fallback chain set to: grok → mock
Primary AI provider set to: grok

stderr | tests/unit/ai/unifiedAIService.test.ts > UnifiedAIService > testAllProviders > should include results for active providers
Grok availability check failed: TypeError: fetch failed
[90m    at node:internal/deps/undici/undici:14900:13[39m
[90m    at processTicksAndRejections (node:internal/process/task_queues:105:5)[39m
    at GrokService.isAvailable [90m(/home/user/Apophenia/[39msrc/services/ai/grokService.ts:40:24[90m)[39m
    at UnifiedAIServiceImpl.testProvider [90m(/home/user/Apophenia/[39msrc/services/ai/unifiedAIService.ts:119:27[90m)[39m
    at [90m/home/user/Apophenia/[39msrc/services/ai/unifiedAIService.ts:155:22
    at async Promise.all (index 0)
    at UnifiedAIServiceImpl.testAllProviders [90m(/home/user/Apophenia/[39msrc/services/ai/unifiedAIService.ts:159:5[90m)[39m
    at [90m/home/user/Apophenia/[39mtests/unit/ai/unifiedAIService.test.ts:174:23
    at [90mfile:///home/user/Apophenia/[39mnode_modules/[4m@vitest/runner[24m/dist/chunk-hooks.js:752:20 {
  [cause]: Error: getaddrinfo EAI_AGAIN api.x.ai
  [90m    at GetAddrInfoReqWrap.onlookupall [as oncomplete] (node:dns:122:26)[39m {
    errno: [33m-3001[39m,
    code: [32m'EAI_AGAIN'[39m,
    syscall: [32m'getaddrinfo'[39m,
    hostname: [32m'api.x.ai'[39m
  }
}

 ✓ tests/unit/ai/unifiedAIService.test.ts (11 tests) 3318ms
   ✓ UnifiedAIService > generateWithFallback > should eventually succeed with mock provider  1267ms
   ✓ UnifiedAIService > generateWithFallback > should include response metadata  1063ms
   ✓ UnifiedAIService > generateWithFallback > should handle provider that returns no commands  895ms
stdout | tests/contracts/command-executors.contract.test.ts > Contract Tests: Command Executors (Seam #5) > CommandQueue Contract > executeNext returns Promise<ExecutionResult>
Command executed: wait { requestedDuration: [33m1000[39m, actualDuration: [33m1000[39m }

stdout | tests/contracts/command-executors.contract.test.ts > Contract Tests: Command Executors (Seam #5) > CommandQueue Contract > executeNext reduces queue size
Command executed: wait { requestedDuration: [33m1000[39m, actualDuration: [33m999[39m }

 ✓ tests/unit/ui/effects/GlitchEffect.test.tsx (8 tests) 61ms
 ✓ tests/contracts/ai-services.contract.test.ts (50 tests | 13 skipped) 6829ms
   ✓ UnifiedAIService Contract > generate returns Promise<AIResponse>  619ms
   ✓ UnifiedAIService Contract > generateWithFallback returns Promise<AIResponse>  852ms
   ✓ UnifiedAIService Contract > generateWithFallback response matches AIResponse contract  1283ms
   ✓ Command Type Contract Compliance > Mock service generates valid discriminated union commands  1493ms
   ✓ Command Type Contract Compliance > Mock service generates expected command sequence  1087ms
   ✓ Command Type Contract Compliance > displayChoices command includes choices array  1341ms
stdout | tests/contracts/command-executors.contract.test.ts > Contract Tests: Command Executors (Seam #5) > CommandQueue Contract > executeSequential returns Promise<ExecutionResult[]>
Command executed: createSegment { segmentId: [32m'test-segment-1'[39m }

 ✓ src/components/__tests__/GameScreen.test.tsx (3 tests) 63ms
stdout | src/services/ai/imageGeneration/__tests__/fallbackChain.test.ts > Image Generation Strategy Pattern > Orchestrator > should generate image with fallback chain
[ImageGenerationOrchestrator] Starting image generation for: "test cosmic horror scene"
[ImageGenerationOrchestrator] Trying Backend API...
[BackendAPIStrategy] Attempting backend API generation...

stderr | src/services/ai/imageGeneration/__tests__/fallbackChain.test.ts > Image Generation Strategy Pattern > Orchestrator > should generate image with fallback chain
[BackendAPIStrategy] Failed: BackendAPIError: Unexpected error: Failed to parse URL from /api/generate-image
    at BackendAPIService.generateImage [90m(/home/user/Apophenia/[39msrc/services/ai/backendAPIService.ts:122:13[90m)[39m
[90m    at processTicksAndRejections (node:internal/process/task_queues:105:5)[39m
    at BackendAPIStrategy.generate [90m(/home/user/Apophenia/[39msrc/services/ai/imageGeneration/ImageGenerationStrategy.ts:48:22[90m)[39m
    at ImageGenerationOrchestrator.generateImage [90m(/home/user/Apophenia/[39msrc/services/ai/imageGeneration/ImageGenerationOrchestrator.ts:87:24[90m)[39m
    at [90m/home/user/Apophenia/[39msrc/services/ai/imageGeneration/__tests__/fallbackChain.test.ts:71:22
    at [90mfile:///home/user/Apophenia/[39mnode_modules/[4m@vitest/runner[24m/dist/chunk-hooks.js:752:20 {
  status: [33m0[39m,
  context: [32m'unexpected-error'[39m,
  response: TypeError: Failed to parse URL from /api/generate-image
  [90m    at node:internal/deps/undici/undici:14900:13[39m
  [90m    at processTicksAndRejections (node:internal/process/task_queues:105:5)[39m
      at BackendAPIService.generateImage [90m(/home/user/Apophenia/[39msrc/services/ai/backendAPIService.ts:56:24[90m)[39m
      at BackendAPIStrategy.generate [90m(/home/user/Apophenia/[39msrc/services/ai/imageGeneration/ImageGenerationStrategy.ts:48:22[90m)[39m
      at ImageGenerationOrchestrator.generateImage [90m(/home/user/Apophenia/[39msrc/services/ai/imageGeneration/ImageGenerationOrchestrator.ts:87:24[90m)[39m
      at [90m/home/user/Apophenia/[39msrc/services/ai/imageGeneration/__tests__/fallbackChain.test.ts:71:22
      at [90mfile:///home/user/Apophenia/[39mnode_modules/[4m@vitest/runner[24m/dist/chunk-hooks.js:752:20 {
    [cause]: TypeError: Invalid URL: /api/generate-image
        at new URLImpl [90m(/home/user/Apophenia/[39mnode_modules/[4mwhatwg-url[24m/lib/URL-impl.js:20:13[90m)[39m
        at Object.exports.setup [90m(/home/user/Apophenia/[39mnode_modules/[4mwhatwg-url[24m/lib/URL.js:54:12[90m)[39m
        at new URL [90m(/home/user/Apophenia/[39mnode_modules/[4mwhatwg-url[24m/lib/URL.js:115:22[90m)[39m
    [90m    at new Request (node:internal/deps/undici/undici:9776:25)[39m
    [90m    at fetch (node:internal/deps/undici/undici:10505:25)[39m
    [90m    at fetch (node:internal/deps/undici/undici:14898:10)[39m
    [90m    at fetch (node:internal/bootstrap/web/exposed-window-or-worker:75:12)[39m
        at BackendAPIService.generateImage [90m(/home/user/Apophenia/[39msrc/services/ai/backendAPIService.ts:56:30[90m)[39m
        at BackendAPIStrategy.generate [90m(/home/user/Apophenia/[39msrc/services/ai/imageGeneration/ImageGenerationStrategy.ts:48:46[90m)[39m
    [90m    at processTicksAndRejections (node:internal/process/task_queues:105:5)[39m
  }
}

stdout | src/services/ai/imageGeneration/__tests__/fallbackChain.test.ts > Image Generation Strategy Pattern > Orchestrator > should generate image with fallback chain
[ImageGenerationOrchestrator] Skipping Imagen Primary (cannot attempt)
[ImageGenerationOrchestrator] Skipping Imagen Secondary (cannot attempt)
[ImageGenerationOrchestrator] Trying Unsplash Fallback...
[UnsplashFallbackStrategy] Using Unsplash fallback...
Generated Unsplash URL with keywords: dark,abstract,otherworldly,test,cosmic

stdout | src/services/ai/imageGeneration/__tests__/fallbackChain.test.ts > Image Generation Strategy Pattern > Orchestrator > should generate image with fallback chain
[ImageGenerationOrchestrator] ✓ Success with Unsplash Fallback

stdout | src/services/ai/imageGeneration/__tests__/fallbackChain.test.ts > Image Generation Strategy Pattern > Orchestrator > should generate multiple image variations
[ImageGenerationOrchestrator] Generating 3 variations in parallel...
[ImageGenerationOrchestrator] Starting image generation for: "test horror variations. Photorealistic cosmic horror style, atmospheric nightmare lighting, surreal otherworldly aesthetics, lovecraftian eldritch elements, psychological horror atmosphere, high contrast cinematic composition, digital consciousness themes, reality distortion effects, close-up perspective, intimate horror"
[ImageGenerationOrchestrator] Trying Backend API...
[BackendAPIStrategy] Attempting backend API generation...
[ImageGenerationOrchestrator] Starting image generation for: "test horror variations. Photorealistic cosmic horror style, atmospheric nightmare lighting, surreal otherworldly aesthetics, lovecraftian eldritch elements, psychological horror atmosphere, high contrast cinematic composition, digital consciousness themes, reality distortion effects, wide-angle view, environmental terror"
[ImageGenerationOrchestrator] Trying Backend API...
[BackendAPIStrategy] Attempting backend API generation...
[ImageGenerationOrchestrator] Starting image generation for: "test horror variations. Photorealistic cosmic horror style, atmospheric nightmare lighting, surreal otherworldly aesthetics, lovecraftian eldritch elements, psychological horror atmosphere, high contrast cinematic composition, digital consciousness themes, reality distortion effects, dramatic lighting, shadow play emphasis"
[ImageGenerationOrchestrator] Trying Backend API...
[BackendAPIStrategy] Attempting backend API generation...

stderr | src/services/ai/imageGeneration/__tests__/fallbackChain.test.ts > Image Generation Strategy Pattern > Orchestrator > should generate multiple image variations
[BackendAPIStrategy] Failed: BackendAPIError: Unexpected error: Failed to parse URL from /api/generate-image
    at BackendAPIService.generateImage [90m(/home/user/Apophenia/[39msrc/services/ai/backendAPIService.ts:122:13[90m)[39m
[90m    at processTicksAndRejections (node:internal/process/task_queues:105:5)[39m
    at BackendAPIStrategy.generate [90m(/home/user/Apophenia/[39msrc/services/ai/imageGeneration/ImageGenerationStrategy.ts:48:22[90m)[39m
    at ImageGenerationOrchestrator.generateImage [90m(/home/user/Apophenia/[39msrc/services/ai/imageGeneration/ImageGenerationOrchestrator.ts:87:24[90m)[39m
    at [90m/home/user/Apophenia/[39msrc/services/ai/imageGeneration/ImageGenerationOrchestrator.ts:127:26
    at async Promise.all (index 0)
    at ImageGenerationOrchestrator.generateImageVariations [90m(/home/user/Apophenia/[39msrc/services/ai/imageGeneration/ImageGenerationOrchestrator.ts:152:23[90m)[39m
    at [90m/home/user/Apophenia/[39msrc/services/ai/imageGeneration/__tests__/fallbackChain.test.ts:82:22
    at [90mfile:///home/user/Apophenia/[39mnode_modules/[4m@vitest/runner[24m/dist/chunk-hooks.js:752:20 {
  status: [33m0[39m,
  context: [32m'unexpected-error'[39m,
  response: TypeError: Failed to parse URL from /api/generate-image
  [90m    at node:internal/deps/undici/undici:14900:13[39m
  [90m    at processTicksAndRejections (node:internal/process/task_queues:105:5)[39m
      at BackendAPIService.generateImage [90m(/home/user/Apophenia/[39msrc/services/ai/backendAPIService.ts:56:24[90m)[39m
      at BackendAPIStrategy.generate [90m(/home/user/Apophenia/[39msrc/services/ai/imageGeneration/ImageGenerationStrategy.ts:48:22[90m)[39m
      at ImageGenerationOrchestrator.generateImage [90m(/home/user/Apophenia/[39msrc/services/ai/imageGeneration/ImageGenerationOrchestrator.ts:87:24[90m)[39m
      at [90m/home/user/Apophenia/[39msrc/services/ai/imageGeneration/ImageGenerationOrchestrator.ts:127:26
      at async Promise.all (index 0)
      at ImageGenerationOrchestrator.generateImageVariations [90m(/home/user/Apophenia/[39msrc/services/ai/imageGeneration/ImageGenerationOrchestrator.ts:152:23[90m)[39m
      at [90m/home/user/Apophenia/[39msrc/services/ai/imageGeneration/__tests__/fallbackChain.test.ts:82:22
      at [90mfile:///home/user/Apophenia/[39mnode_modules/[4m@vitest/runner[24m/dist/chunk-hooks.js:752:20 {
    [cause]: TypeError: Invalid URL: /api/generate-image
        at new URLImpl [90m(/home/user/Apophenia/[39mnode_modules/[4mwhatwg-url[24m/lib/URL-impl.js:20:13[90m)[39m
        at Object.exports.setup [90m(/home/user/Apophenia/[39mnode_modules/[4mwhatwg-url[24m/lib/URL.js:54:12[90m)[39m
        at new URL [90m(/home/user/Apophenia/[39mnode_modules/[4mwhatwg-url[24m/lib/URL.js:115:22[90m)[39m
    [90m    at new Request (node:internal/deps/undici/undici:9776:25)[39m
    [90m    at fetch (node:internal/deps/undici/undici:10505:25)[39m
    [90m    at fetch (node:internal/deps/undici/undici:14898:10)[39m
    [90m    at fetch (node:internal/bootstrap/web/exposed-window-or-worker:75:12)[39m
        at BackendAPIService.generateImage [90m(/home/user/Apophenia/[39msrc/services/ai/backendAPIService.ts:56:30[90m)[39m
        at BackendAPIStrategy.generate [90m(/home/user/Apophenia/[39msrc/services/ai/imageGeneration/ImageGenerationStrategy.ts:48:46[90m)[39m
    [90m    at processTicksAndRejections (node:internal/process/task_queues:105:5)[39m
  }
}
[BackendAPIStrategy] Failed: BackendAPIError: Unexpected error: Failed to parse URL from /api/generate-image
    at BackendAPIService.generateImage [90m(/home/user/Apophenia/[39msrc/services/ai/backendAPIService.ts:122:13[90m)[39m
[90m    at processTicksAndRejections (node:internal/process/task_queues:105:5)[39m
    at BackendAPIStrategy.generate [90m(/home/user/Apophenia/[39msrc/services/ai/imageGeneration/ImageGenerationStrategy.ts:48:22[90m)[39m
    at ImageGenerationOrchestrator.generateImage [90m(/home/user/Apophenia/[39msrc/services/ai/imageGeneration/ImageGenerationOrchestrator.ts:87:24[90m)[39m
    at [90m/home/user/Apophenia/[39msrc/services/ai/imageGeneration/ImageGenerationOrchestrator.ts:127:26
    at async Promise.all (index 1)
    at ImageGenerationOrchestrator.generateImageVariations [90m(/home/user/Apophenia/[39msrc/services/ai/imageGeneration/ImageGenerationOrchestrator.ts:152:23[90m)[39m
    at [90m/home/user/Apophenia/[39msrc/services/ai/imageGeneration/__tests__/fallbackChain.test.ts:82:22
    at [90mfile:///home/user/Apophenia/[39mnode_modules/[4m@vitest/runner[24m/dist/chunk-hooks.js:752:20 {
  status: [33m0[39m,
  context: [32m'unexpected-error'[39m,
  response: TypeError: Failed to parse URL from /api/generate-image
  [90m    at node:internal/deps/undici/undici:14900:13[39m
  [90m    at processTicksAndRejections (node:internal/process/task_queues:105:5)[39m
      at BackendAPIService.generateImage [90m(/home/user/Apophenia/[39msrc/services/ai/backendAPIService.ts:56:24[90m)[39m
      at BackendAPIStrategy.generate [90m(/home/user/Apophenia/[39msrc/services/ai/imageGeneration/ImageGenerationStrategy.ts:48:22[90m)[39m
      at ImageGenerationOrchestrator.generateImage [90m(/home/user/Apophenia/[39msrc/services/ai/imageGeneration/ImageGenerationOrchestrator.ts:87:24[90m)[39m
      at [90m/home/user/Apophenia/[39msrc/services/ai/imageGeneration/ImageGenerationOrchestrator.ts:127:26
      at async Promise.all (index 1)
      at ImageGenerationOrchestrator.generateImageVariations [90m(/home/user/Apophenia/[39msrc/services/ai/imageGeneration/ImageGenerationOrchestrator.ts:152:23[90m)[39m
      at [90m/home/user/Apophenia/[39msrc/services/ai/imageGeneration/__tests__/fallbackChain.test.ts:82:22
      at [90mfile:///home/user/Apophenia/[39mnode_modules/[4m@vitest/runner[24m/dist/chunk-hooks.js:752:20 {
    [cause]: TypeError: Invalid URL: /api/generate-image
        at new URLImpl [90m(/home/user/Apophenia/[39mnode_modules/[4mwhatwg-url[24m/lib/URL-impl.js:20:13[90m)[39m
        at Object.exports.setup [90m(/home/user/Apophenia/[39mnode_modules/[4mwhatwg-url[24m/lib/URL.js:54:12[90m)[39m
        at new URL [90m(/home/user/Apophenia/[39mnode_modules/[4mwhatwg-url[24m/lib/URL.js:115:22[90m)[39m
    [90m    at new Request (node:internal/deps/undici/undici:9776:25)[39m
    [90m    at fetch (node:internal/deps/undici/undici:10505:25)[39m
    [90m    at fetch (node:internal/deps/undici/undici:14898:10)[39m
    [90m    at fetch (node:internal/bootstrap/web/exposed-window-or-worker:75:12)[39m
        at BackendAPIService.generateImage [90m(/home/user/Apophenia/[39msrc/services/ai/backendAPIService.ts:56:30[90m)[39m
        at BackendAPIStrategy.generate [90m(/home/user/Apophenia/[39msrc/services/ai/imageGeneration/ImageGenerationStrategy.ts:48:46[90m)[39m
    [90m    at processTicksAndRejections (node:internal/process/task_queues:105:5)[39m
  }
}
[BackendAPIStrategy] Failed: BackendAPIError: Unexpected error: Failed to parse URL from /api/generate-image
    at BackendAPIService.generateImage [90m(/home/user/Apophenia/[39msrc/services/ai/backendAPIService.ts:122:13[90m)[39m
[90m    at processTicksAndRejections (node:internal/process/task_queues:105:5)[39m
    at BackendAPIStrategy.generate [90m(/home/user/Apophenia/[39msrc/services/ai/imageGeneration/ImageGenerationStrategy.ts:48:22[90m)[39m
    at ImageGenerationOrchestrator.generateImage [90m(/home/user/Apophenia/[39msrc/services/ai/imageGeneration/ImageGenerationOrchestrator.ts:87:24[90m)[39m
    at [90m/home/user/Apophenia/[39msrc/services/ai/imageGeneration/ImageGenerationOrchestrator.ts:127:26
    at async Promise.all (index 2)
    at ImageGenerationOrchestrator.generateImageVariations [90m(/home/user/Apophenia/[39msrc/services/ai/imageGeneration/ImageGenerationOrchestrator.ts:152:23[90m)[39m
    at [90m/home/user/Apophenia/[39msrc/services/ai/imageGeneration/__tests__/fallbackChain.test.ts:82:22
    at [90mfile:///home/user/Apophenia/[39mnode_modules/[4m@vitest/runner[24m/dist/chunk-hooks.js:752:20 {
  status: [33m0[39m,
  context: [32m'unexpected-error'[39m,
  response: TypeError: Failed to parse URL from /api/generate-image
  [90m    at node:internal/deps/undici/undici:14900:13[39m
  [90m    at processTicksAndRejections (node:internal/process/task_queues:105:5)[39m
      at BackendAPIService.generateImage [90m(/home/user/Apophenia/[39msrc/services/ai/backendAPIService.ts:56:24[90m)[39m
      at BackendAPIStrategy.generate [90m(/home/user/Apophenia/[39msrc/services/ai/imageGeneration/ImageGenerationStrategy.ts:48:22[90m)[39m
      at ImageGenerationOrchestrator.generateImage [90m(/home/user/Apophenia/[39msrc/services/ai/imageGeneration/ImageGenerationOrchestrator.ts:87:24[90m)[39m
      at [90m/home/user/Apophenia/[39msrc/services/ai/imageGeneration/ImageGenerationOrchestrator.ts:127:26
      at async Promise.all (index 2)
      at ImageGenerationOrchestrator.generateImageVariations [90m(/home/user/Apophenia/[39msrc/services/ai/imageGeneration/ImageGenerationOrchestrator.ts:152:23[90m)[39m
      at [90m/home/user/Apophenia/[39msrc/services/ai/imageGeneration/__tests__/fallbackChain.test.ts:82:22
      at [90mfile:///home/user/Apophenia/[39mnode_modules/[4m@vitest/runner[24m/dist/chunk-hooks.js:752:20 {
    [cause]: TypeError: Invalid URL: /api/generate-image
        at new URLImpl [90m(/home/user/Apophenia/[39mnode_modules/[4mwhatwg-url[24m/lib/URL-impl.js:20:13[90m)[39m
        at Object.exports.setup [90m(/home/user/Apophenia/[39mnode_modules/[4mwhatwg-url[24m/lib/URL.js:54:12[90m)[39m
        at new URL [90m(/home/user/Apophenia/[39mnode_modules/[4mwhatwg-url[24m/lib/URL.js:115:22[90m)[39m
    [90m    at new Request (node:internal/deps/undici/undici:9776:25)[39m
    [90m    at fetch (node:internal/deps/undici/undici:10505:25)[39m
    [90m    at fetch (node:internal/deps/undici/undici:14898:10)[39m
    [90m    at fetch (node:internal/bootstrap/web/exposed-window-or-worker:75:12)[39m
        at BackendAPIService.generateImage [90m(/home/user/Apophenia/[39msrc/services/ai/backendAPIService.ts:56:30[90m)[39m
        at BackendAPIStrategy.generate [90m(/home/user/Apophenia/[39msrc/services/ai/imageGeneration/ImageGenerationStrategy.ts:48:46[90m)[39m
    [90m    at processTicksAndRejections (node:internal/process/task_queues:105:5)[39m
  }
}

stdout | src/services/ai/imageGeneration/__tests__/fallbackChain.test.ts > Image Generation Strategy Pattern > Orchestrator > should generate multiple image variations
[ImageGenerationOrchestrator] Skipping Imagen Primary (cannot attempt)
[ImageGenerationOrchestrator] Skipping Imagen Secondary (cannot attempt)
[ImageGenerationOrchestrator] Trying Unsplash Fallback...
[UnsplashFallbackStrategy] Using Unsplash fallback...
Generated Unsplash URL with keywords: dark,atmospheric,otherworldly,test,horror
[ImageGenerationOrchestrator] Skipping Imagen Primary (cannot attempt)
[ImageGenerationOrchestrator] Skipping Imagen Secondary (cannot attempt)
[ImageGenerationOrchestrator] Trying Unsplash Fallback...
[UnsplashFallbackStrategy] Using Unsplash fallback...
Generated Unsplash URL with keywords: otherworldly,eerie,dark,test,horror
[ImageGenerationOrchestrator] Skipping Imagen Primary (cannot attempt)
[ImageGenerationOrchestrator] Skipping Imagen Secondary (cannot attempt)
[ImageGenerationOrchestrator] Trying Unsplash Fallback...
[UnsplashFallbackStrategy] Using Unsplash fallback...
Generated Unsplash URL with keywords: shadows,cosmic,ominous,test,horror
[ImageGenerationOrchestrator] ✓ Success with Unsplash Fallback
[ImageGenerationOrchestrator] ✓ Success with Unsplash Fallback
[ImageGenerationOrchestrator] ✓ Success with Unsplash Fallback

stdout | src/services/ai/imageGeneration/__tests__/fallbackChain.test.ts > Image Generation Strategy Pattern > Orchestrator > should generate multiple image variations
[ImageGenerationOrchestrator] ✓ Generated 3 variations, selected #0

stdout | src/services/ai/imageGeneration/__tests__/fallbackChain.test.ts > Image Generation Strategy Pattern > Unsplash Fallback > should generate Unsplash URL
Generated Unsplash URL with keywords: cosmic,surreal,nightmare,horror,scene

stdout | src/services/ai/imageGeneration/__tests__/fallbackChain.test.ts > Image Generation Strategy Pattern > Fallback Chain Integration > should test complete fallback chain
[BackendAPIStrategy] Attempting backend API generation...

stderr | src/services/ai/imageGeneration/__tests__/fallbackChain.test.ts > Image Generation Strategy Pattern > Fallback Chain Integration > should test complete fallback chain
[BackendAPIStrategy] Failed: BackendAPIError: Unexpected error: Failed to parse URL from /api/generate-image
    at BackendAPIService.generateImage [90m(/home/user/Apophenia/[39msrc/services/ai/backendAPIService.ts:122:13[90m)[39m
[90m    at processTicksAndRejections (node:internal/process/task_queues:105:5)[39m
    at BackendAPIStrategy.generate [90m(/home/user/Apophenia/[39msrc/services/ai/imageGeneration/ImageGenerationStrategy.ts:48:22[90m)[39m
    at ImageGenerationOrchestrator.testFallbackChain [90m(/home/user/Apophenia/[39msrc/services/ai/imageGeneration/ImageGenerationOrchestrator.ts:220:24[90m)[39m
    at [90m/home/user/Apophenia/[39msrc/services/ai/imageGeneration/__tests__/fallbackChain.test.ts:131:23
    at [90mfile:///home/user/Apophenia/[39mnode_modules/[4m@vitest/runner[24m/dist/chunk-hooks.js:752:20 {
  status: [33m0[39m,
  context: [32m'unexpected-error'[39m,
  response: TypeError: Failed to parse URL from /api/generate-image
  [90m    at node:internal/deps/undici/undici:14900:13[39m
  [90m    at processTicksAndRejections (node:internal/process/task_queues:105:5)[39m
      at BackendAPIService.generateImage [90m(/home/user/Apophenia/[39msrc/services/ai/backendAPIService.ts:56:24[90m)[39m
      at BackendAPIStrategy.generate [90m(/home/user/Apophenia/[39msrc/services/ai/imageGeneration/ImageGenerationStrategy.ts:48:22[90m)[39m
      at ImageGenerationOrchestrator.testFallbackChain [90m(/home/user/Apophenia/[39msrc/services/ai/imageGeneration/ImageGenerationOrchestrator.ts:220:24[90m)[39m
      at [90m/home/user/Apophenia/[39msrc/services/ai/imageGeneration/__tests__/fallbackChain.test.ts:131:23
      at [90mfile:///home/user/Apophenia/[39mnode_modules/[4m@vitest/runner[24m/dist/chunk-hooks.js:752:20 {
    [cause]: TypeError: Invalid URL: /api/generate-image
        at new URLImpl [90m(/home/user/Apophenia/[39mnode_modules/[4mwhatwg-url[24m/lib/URL-impl.js:20:13[90m)[39m
        at Object.exports.setup [90m(/home/user/Apophenia/[39mnode_modules/[4mwhatwg-url[24m/lib/URL.js:54:12[90m)[39m
        at new URL [90m(/home/user/Apophenia/[39mnode_modules/[4mwhatwg-url[24m/lib/URL.js:115:22[90m)[39m
    [90m    at new Request (node:internal/deps/undici/undici:9776:25)[39m
    [90m    at fetch (node:internal/deps/undici/undici:10505:25)[39m
    [90m    at fetch (node:internal/deps/undici/undici:14898:10)[39m
    [90m    at fetch (node:internal/bootstrap/web/exposed-window-or-worker:75:12)[39m
        at BackendAPIService.generateImage [90m(/home/user/Apophenia/[39msrc/services/ai/backendAPIService.ts:56:30[90m)[39m
        at BackendAPIStrategy.generate [90m(/home/user/Apophenia/[39msrc/services/ai/imageGeneration/ImageGenerationStrategy.ts:48:46[90m)[39m
    [90m    at processTicksAndRejections (node:internal/process/task_queues:105:5)[39m
  }
}

stdout | src/services/ai/imageGeneration/__tests__/fallbackChain.test.ts > Image Generation Strategy Pattern > Fallback Chain Integration > should test complete fallback chain
[UnsplashFallbackStrategy] Using Unsplash fallback...
Generated Unsplash URL with keywords: cosmic,mysterious,ominous,test,fallback

stdout | src/services/ai/imageGeneration/__tests__/fallbackChain.test.ts > Image Generation Strategy Pattern > Fallback Chain Integration > should test complete fallback chain
[SVGFallbackStrategy] Using emergency SVG fallback...

 ✓ src/services/ai/imageGeneration/__tests__/fallbackChain.test.ts (14 tests) 38ms
stdout | tests/unit/images/ImagePipeline.test.ts
[ImagePipeline] Initialized with providers: grok (priority: 1), unsplash (priority: 3)

stdout | tests/unit/images/ImagePipeline.test.ts > ImagePipeline > initialization > should initialize with default services
[ImagePipeline] Initialized with providers: grok (priority: 1), unsplash (priority: 3)
[ImagePipeline] Cache cleared

stdout | tests/unit/images/ImagePipeline.test.ts > ImagePipeline > initialization > should sort services by priority
[ImagePipeline] Initialized with providers: grok (priority: 1), unsplash (priority: 3)
[ImagePipeline] Cache cleared

stdout | tests/unit/images/ImagePipeline.test.ts > ImagePipeline > initialization > should sort services by priority
[ImagePipeline] Initialized with providers: second (priority: 1), third (priority: 2), first (priority: 3)

stdout | tests/unit/images/ImagePipeline.test.ts > ImagePipeline > initialization > should accept custom services
[ImagePipeline] Initialized with providers: grok (priority: 1), unsplash (priority: 3)
[ImagePipeline] Cache cleared

stdout | tests/unit/images/ImagePipeline.test.ts > ImagePipeline > initialization > should accept custom services
[ImagePipeline] Initialized with providers: custom (priority: 1)

stdout | tests/unit/images/ImagePipeline.test.ts > ImagePipeline > image generation > should generate image from first available service
[ImagePipeline] Initialized with providers: grok (priority: 1), unsplash (priority: 3)
[ImagePipeline] Cache cleared

stdout | tests/unit/images/ImagePipeline.test.ts > ImagePipeline > image generation > should generate image from first available service
[ImagePipeline] Initialized with providers: service1 (priority: 1), service2 (priority: 2)

stdout | tests/unit/images/ImagePipeline.test.ts > ImagePipeline > image generation > should generate image from first available service
[ImagePipeline] Trying service1...

stdout | tests/unit/images/ImagePipeline.test.ts > ImagePipeline > image generation > should generate image from first available service
[ImagePipeline] ✓ Generated via service1

stdout | tests/unit/images/ImagePipeline.test.ts > ImagePipeline > image generation > should fallback to next service on failure
[ImagePipeline] Initialized with providers: grok (priority: 1), unsplash (priority: 3)
[ImagePipeline] Cache cleared

stdout | tests/unit/images/ImagePipeline.test.ts > ImagePipeline > image generation > should fallback to next service on failure
[ImagePipeline] Initialized with providers: service1 (priority: 1), service2 (priority: 2)

stdout | tests/unit/images/ImagePipeline.test.ts > ImagePipeline > image generation > should fallback to next service on failure
[ImagePipeline] Trying service1...

stdout | tests/unit/images/ImagePipeline.test.ts > ImagePipeline > image generation > should fallback to next service on failure
[ImagePipeline] service1 returned null: Mock service failed

stdout | tests/unit/images/ImagePipeline.test.ts > ImagePipeline > image generation > should fallback to next service on failure
[ImagePipeline] Trying service2...

stdout | tests/unit/images/ImagePipeline.test.ts > ImagePipeline > image generation > should fallback to next service on failure
[ImagePipeline] ✓ Generated via service2

stdout | tests/unit/images/ImagePipeline.test.ts > ImagePipeline > image generation > should return null when all services fail
[ImagePipeline] Initialized with providers: grok (priority: 1), unsplash (priority: 3)
[ImagePipeline] Cache cleared

stdout | tests/unit/images/ImagePipeline.test.ts > ImagePipeline > image generation > should return null when all services fail
[ImagePipeline] Initialized with providers: service1 (priority: 1), service2 (priority: 2)

stdout | tests/unit/images/ImagePipeline.test.ts > ImagePipeline > image generation > should return null when all services fail
[ImagePipeline] Trying service1...

stdout | tests/unit/images/ImagePipeline.test.ts > ImagePipeline > image generation > should return null when all services fail
[ImagePipeline] service1 returned null: Mock service failed

stdout | tests/unit/images/ImagePipeline.test.ts > ImagePipeline > image generation > should return null when all services fail
[ImagePipeline] Trying service2...

stdout | tests/unit/images/ImagePipeline.test.ts > ImagePipeline > image generation > should return null when all services fail
[ImagePipeline] service2 returned null: Mock service failed

stderr | tests/unit/images/ImagePipeline.test.ts > ImagePipeline > image generation > should return null when all services fail
[ImagePipeline] All services exhausted, returning null

stdout | tests/unit/images/ImagePipeline.test.ts > ImagePipeline > image generation > should use segmentId in generate method
[ImagePipeline] Initialized with providers: grok (priority: 1), unsplash (priority: 3)
[ImagePipeline] Cache cleared

stdout | tests/unit/images/ImagePipeline.test.ts > ImagePipeline > image generation > should use segmentId in generate method
[ImagePipeline] Initialized with providers: test (priority: 1)

stdout | tests/unit/images/ImagePipeline.test.ts > ImagePipeline > image generation > should use segmentId in generate method
[ImagePipeline] Trying test...

stdout | tests/unit/images/ImagePipeline.test.ts > ImagePipeline > image generation > should use segmentId in generate method
[ImagePipeline] ✓ Generated via test

stdout | tests/unit/images/ImagePipeline.test.ts > ImagePipeline > image generation > should use segmentId in generate method
[ImagePipeline] Generated for segment segment-123: via test ✓

stdout | tests/unit/images/ImagePipeline.test.ts > ImagePipeline > caching > should cache successful results
[ImagePipeline] Initialized with providers: grok (priority: 1), unsplash (priority: 3)
[ImagePipeline] Cache cleared

stdout | tests/unit/images/ImagePipeline.test.ts > ImagePipeline > caching > should cache successful results
[ImagePipeline] Initialized with providers: test (priority: 1)

stdout | tests/unit/images/ImagePipeline.test.ts > ImagePipeline > caching > should cache successful results
[ImagePipeline] Trying test...

stdout | tests/unit/images/ImagePipeline.test.ts > ImagePipeline > caching > should cache successful results
[ImagePipeline] ✓ Generated via test

stdout | tests/unit/images/ImagePipeline.test.ts > ImagePipeline > caching > should not cache failed results
[ImagePipeline] Initialized with providers: grok (priority: 1), unsplash (priority: 3)
[ImagePipeline] Cache cleared

stdout | tests/unit/images/ImagePipeline.test.ts > ImagePipeline > caching > should not cache failed results
[ImagePipeline] Initialized with providers: service1 (priority: 1), service2 (priority: 2)

stdout | tests/unit/images/ImagePipeline.test.ts > ImagePipeline > caching > should not cache failed results
[ImagePipeline] Trying service1...

stdout | tests/unit/images/ImagePipeline.test.ts > ImagePipeline > caching > should not cache failed results
[ImagePipeline] service1 returned null: Mock service failed

stdout | tests/unit/images/ImagePipeline.test.ts > ImagePipeline > caching > should not cache failed results
[ImagePipeline] Trying service2...

stdout | tests/unit/images/ImagePipeline.test.ts > ImagePipeline > caching > should not cache failed results
[ImagePipeline] ✓ Generated via service2

stdout | tests/unit/images/ImagePipeline.test.ts > ImagePipeline > caching > should have separate cache entries for different prompts
[ImagePipeline] Initialized with providers: grok (priority: 1), unsplash (priority: 3)
[ImagePipeline] Cache cleared

stdout | tests/unit/images/ImagePipeline.test.ts > ImagePipeline > caching > should have separate cache entries for different prompts
[ImagePipeline] Initialized with providers: test (priority: 1)

stdout | tests/unit/images/ImagePipeline.test.ts > ImagePipeline > caching > should have separate cache entries for different prompts
[ImagePipeline] Trying test...

stdout | tests/unit/images/ImagePipeline.test.ts > ImagePipeline > caching > should have separate cache entries for different prompts
[ImagePipeline] ✓ Generated via test

stdout | tests/unit/images/ImagePipeline.test.ts > ImagePipeline > caching > should have separate cache entries for different prompts
[ImagePipeline] Initialized with providers: test (priority: 1)

stdout | tests/unit/images/ImagePipeline.test.ts > ImagePipeline > caching > should have separate cache entries for different prompts
[ImagePipeline] Trying test...

stdout | tests/unit/images/ImagePipeline.test.ts > ImagePipeline > caching > should have separate cache entries for different prompts
[ImagePipeline] ✓ Generated via test

stdout | tests/unit/images/ImagePipeline.test.ts > ImagePipeline > caching > should clear cache
[ImagePipeline] Initialized with providers: grok (priority: 1), unsplash (priority: 3)
[ImagePipeline] Cache cleared

stdout | tests/unit/images/ImagePipeline.test.ts > ImagePipeline > caching > should clear cache
[ImagePipeline] Initialized with providers: test (priority: 1)
[ImagePipeline] Cache cleared
[ImagePipeline] Trying test...

stdout | tests/unit/images/ImagePipeline.test.ts > ImagePipeline > caching > should clear cache
[ImagePipeline] ✓ Generated via test

stdout | tests/unit/images/ImagePipeline.test.ts > ImagePipeline > caching > should prune expired cache entries
[ImagePipeline] Initialized with providers: grok (priority: 1), unsplash (priority: 3)
[ImagePipeline] Cache cleared

stdout | tests/unit/images/ImagePipeline.test.ts > ImagePipeline > caching > should prune expired cache entries
[ImagePipeline] Initialized with providers: test (priority: 1)

stdout | tests/unit/images/ImagePipeline.test.ts > ImagePipeline > caching > should prune expired cache entries
[ImagePipeline] Trying test...

stdout | tests/unit/images/ImagePipeline.test.ts > ImagePipeline > caching > should prune expired cache entries
[ImagePipeline] ✓ Generated via test

stdout | tests/unit/images/ImagePipeline.test.ts > ImagePipeline > provider management > should return list of providers
[ImagePipeline] Initialized with providers: grok (priority: 1), unsplash (priority: 3)
[ImagePipeline] Cache cleared

stdout | tests/unit/images/ImagePipeline.test.ts > ImagePipeline > provider management > should return list of providers
[ImagePipeline] Initialized with providers: service1 (priority: 1), service2 (priority: 2)

stdout | tests/unit/images/ImagePipeline.test.ts > ImagePipeline > provider management > should test all providers
[ImagePipeline] Initialized with providers: grok (priority: 1), unsplash (priority: 3)
[ImagePipeline] Cache cleared

stdout | tests/unit/images/ImagePipeline.test.ts > ImagePipeline > provider management > should test all providers
[ImagePipeline] Initialized with providers: service1 (priority: 1), service2 (priority: 2)

stdout | tests/unit/images/ImagePipeline.test.ts > ImagePipeline > provider management > should handle provider test errors gracefully
[ImagePipeline] Initialized with providers: grok (priority: 1), unsplash (priority: 3)
[ImagePipeline] Cache cleared

stdout | tests/unit/images/ImagePipeline.test.ts > ImagePipeline > provider management > should handle provider test errors gracefully
[ImagePipeline] Initialized with providers: test (priority: 1)

stderr | tests/unit/images/ImagePipeline.test.ts > ImagePipeline > provider management > should handle provider test errors gracefully
[ImagePipeline] Provider test failed for test: Error: Test error
    at [90m/home/user/Apophenia/[39mtests/unit/images/ImagePipeline.test.ts:240:59
    at [90mfile:///home/user/Apophenia/[39mnode_modules/[4m@vitest/runner[24m/dist/chunk-hooks.js:155:11
    at [90mfile:///home/user/Apophenia/[39mnode_modules/[4m@vitest/runner[24m/dist/chunk-hooks.js:752:26
    at [90mfile:///home/user/Apophenia/[39mnode_modules/[4m@vitest/runner[24m/dist/chunk-hooks.js:1897:20
    at new Promise (<anonymous>)
    at runWithTimeout [90m(file:///home/user/Apophenia/[39mnode_modules/[4m@vitest/runner[24m/dist/chunk-hooks.js:1863:10[90m)[39m
    at runTest [90m(file:///home/user/Apophenia/[39mnode_modules/[4m@vitest/runner[24m/dist/chunk-hooks.js:1574:12[90m)[39m
[90m    at processTicksAndRejections (node:internal/process/task_queues:105:5)[39m
    at runSuite [90m(file:///home/user/Apophenia/[39mnode_modules/[4m@vitest/runner[24m/dist/chunk-hooks.js:1729:8[90m)[39m
    at runSuite [90m(file:///home/user/Apophenia/[39mnode_modules/[4m@vitest/runner[24m/dist/chunk-hooks.js:1729:8[90m)[39m

stdout | tests/unit/images/ImagePipeline.test.ts > ImagePipeline > cache statistics > should return cache stats
[ImagePipeline] Initialized with providers: grok (priority: 1), unsplash (priority: 3)
[ImagePipeline] Cache cleared

stdout | tests/unit/images/ImagePipeline.test.ts > ImagePipeline > cache statistics > should return cache stats
[ImagePipeline] Initialized with providers: test (priority: 1)

stdout | tests/unit/images/ImagePipeline.test.ts > ImagePipeline > cache statistics > should track fill percentage
[ImagePipeline] Initialized with providers: grok (priority: 1), unsplash (priority: 3)
[ImagePipeline] Cache cleared

stdout | tests/unit/images/ImagePipeline.test.ts > ImagePipeline > cache statistics > should track fill percentage
[ImagePipeline] Initialized with providers: test (priority: 1)
[ImagePipeline] Cache cleared

stdout | tests/unit/images/ImagePipeline.test.ts > ImagePipeline > cache statistics > should track fill percentage
[ImagePipeline] Trying test...

stdout | tests/unit/images/ImagePipeline.test.ts > ImagePipeline > cache statistics > should track fill percentage
[ImagePipeline] ✓ Generated via test

stdout | tests/unit/images/ImagePipeline.test.ts > ImagePipeline > cache statistics > should track fill percentage
[ImagePipeline] Trying test...

stdout | tests/unit/images/ImagePipeline.test.ts > ImagePipeline > cache statistics > should track fill percentage
[ImagePipeline] ✓ Generated via test

stdout | tests/unit/images/ImagePipeline.test.ts > ImagePipeline > cache statistics > should track fill percentage
[ImagePipeline] Trying test...

stdout | tests/unit/images/ImagePipeline.test.ts > ImagePipeline > cache statistics > should track fill percentage
[ImagePipeline] ✓ Generated via test

stdout | tests/unit/images/ImagePipeline.test.ts > ImagePipeline > cache statistics > should track fill percentage
[ImagePipeline] Trying test...

stdout | tests/unit/images/ImagePipeline.test.ts > ImagePipeline > cache statistics > should track fill percentage
[ImagePipeline] ✓ Generated via test

stdout | tests/unit/images/ImagePipeline.test.ts > ImagePipeline > cache statistics > should track fill percentage
[ImagePipeline] Trying test...

stdout | tests/unit/images/ImagePipeline.test.ts > ImagePipeline > cache statistics > should track fill percentage
[ImagePipeline] ✓ Generated via test

stdout | tests/unit/images/ImagePipeline.test.ts > ImagePipeline > best-effort behavior > should not throw on generation failure
[ImagePipeline] Initialized with providers: grok (priority: 1), unsplash (priority: 3)
[ImagePipeline] Cache cleared

stdout | tests/unit/images/ImagePipeline.test.ts > ImagePipeline > best-effort behavior > should not throw on generation failure
[ImagePipeline] Initialized with providers: test (priority: 1)

stdout | tests/unit/images/ImagePipeline.test.ts > ImagePipeline > best-effort behavior > should not throw on generation failure
[ImagePipeline] Trying test...

stdout | tests/unit/images/ImagePipeline.test.ts > ImagePipeline > best-effort behavior > should not throw on generation failure
[ImagePipeline] test returned null: Mock service failed

stderr | tests/unit/images/ImagePipeline.test.ts > ImagePipeline > best-effort behavior > should not throw on generation failure
[ImagePipeline] All services exhausted, returning null

stdout | tests/unit/images/ImagePipeline.test.ts > ImagePipeline > best-effort behavior > should return valid ImageResult structure
[ImagePipeline] Initialized with providers: grok (priority: 1), unsplash (priority: 3)
[ImagePipeline] Cache cleared

stdout | tests/unit/images/ImagePipeline.test.ts > ImagePipeline > best-effort behavior > should return valid ImageResult structure
[ImagePipeline] Initialized with providers: test (priority: 1)

stdout | tests/unit/images/ImagePipeline.test.ts > ImagePipeline > best-effort behavior > should return valid ImageResult structure
[ImagePipeline] Trying test...

stdout | tests/unit/images/ImagePipeline.test.ts > ImagePipeline > best-effort behavior > should return valid ImageResult structure
[ImagePipeline] ✓ Generated via test

 ✓ tests/unit/images/ImagePipeline.test.ts (19 tests) 31ms
 ✓ tests/unit/ui/effects/CorruptionEffect.test.tsx (6 tests) 58ms
 ✓ src/components/__tests__/Button.test.tsx (5 tests) 46ms
 ✓ tests/unit/ui/theme/ThemeProvider.test.tsx (5 tests) 45ms
stderr | tests/unit/ai/responseParser.test.ts > ResponseParser > extractCommands > should handle invalid commands gracefully
Invalid command skipped: { type: [32m'invalidCommand'[39m, payload: {} } ZodError: [
  {
    "code": "invalid_union_discriminator",
    "options": [
      "createSegment",
      "displayText",
      "displayChoices",
      "generateImage",
      "updateWorldState",
      "wait",
      "applyCorruption",
      "browserEffect",
      "reviseHistory",
      "quantumShift"
    ],
    "path": [
      "type"
    ],
    "message": "Invalid discriminator value. Expected 'createSegment' | 'displayText' | 'displayChoices' | 'generateImage' | 'updateWorldState' | 'wait' | 'applyCorruption' | 'browserEffect' | 'reviseHistory' | 'quantumShift'"
  }
]
    at Object.get error [as error] [90m(file:///home/user/Apophenia/[39mnode_modules/[4mzod[24m/v3/types.js:39:31[90m)[39m
    at ZodDiscriminatedUnion.parse [90m(file:///home/user/Apophenia/[39mnode_modules/[4mzod[24m/v3/types.js:114:22[90m)[39m
    at ResponseParserImpl.validateCommands [90m(/home/user/Apophenia/[39msrc/services/ai/responseParser.ts:92:48[90m)[39m
    at ResponseParserImpl.extractCommands [90m(/home/user/Apophenia/[39msrc/services/ai/responseParser.ts:57:19[90m)[39m
    at [90m/home/user/Apophenia/[39mtests/unit/ai/responseParser.test.ts:63:39
    at [90mfile:///home/user/Apophenia/[39mnode_modules/[4m@vitest/runner[24m/dist/chunk-hooks.js:155:11
    at [90mfile:///home/user/Apophenia/[39mnode_modules/[4m@vitest/runner[24m/dist/chunk-hooks.js:752:26
    at [90mfile:///home/user/Apophenia/[39mnode_modules/[4m@vitest/runner[24m/dist/chunk-hooks.js:1897:20
    at new Promise (<anonymous>)
    at runWithTimeout [90m(file:///home/user/Apophenia/[39mnode_modules/[4m@vitest/runner[24m/dist/chunk-hooks.js:1863:10[90m)[39m {
  issues: [
    {
      code: [32m'invalid_union_discriminator'[39m,
      options: [36m[Array][39m,
      path: [36m[Array][39m,
      message: [32m"Invalid discriminator value. Expected 'createSegment' | 'displayText' | 'displayChoices' | 'generateImage' | 'updateWorldState' | 'wait' | 'applyCorruption' | 'browserEffect' | 'reviseHistory' | 'quantumShift'"[39m
    }
  ],
  addIssue: [36m[Function (anonymous)][39m,
  addIssues: [36m[Function (anonymous)][39m,
  errors: [
    {
      code: [32m'invalid_union_discriminator'[39m,
      options: [36m[Array][39m,
      path: [36m[Array][39m,
      message: [32m"Invalid discriminator value. Expected 'createSegment' | 'displayText' | 'displayChoices' | 'generateImage' | 'updateWorldState' | 'wait' | 'applyCorruption' | 'browserEffect' | 'reviseHistory' | 'quantumShift'"[39m
    }
  ]
}

stderr | tests/unit/ai/responseParser.test.ts > ResponseParser > extractCommands > should return empty array for malformed JSON
Failed to extract commands from response: SyntaxError: Unexpected token 'T', "This is no"... is not valid JSON
    at JSON.parse (<anonymous>)
    at ResponseParserImpl.extractCommands [90m(/home/user/Apophenia/[39msrc/services/ai/responseParser.ts:49:27[90m)[39m
    at [90m/home/user/Apophenia/[39mtests/unit/ai/responseParser.test.ts:74:39
    at [90mfile:///home/user/Apophenia/[39mnode_modules/[4m@vitest/runner[24m/dist/chunk-hooks.js:155:11
    at [90mfile:///home/user/Apophenia/[39mnode_modules/[4m@vitest/runner[24m/dist/chunk-hooks.js:752:26
    at [90mfile:///home/user/Apophenia/[39mnode_modules/[4m@vitest/runner[24m/dist/chunk-hooks.js:1897:20
    at new Promise (<anonymous>)
    at runWithTimeout [90m(file:///home/user/Apophenia/[39mnode_modules/[4m@vitest/runner[24m/dist/chunk-hooks.js:1863:10[90m)[39m
    at runTest [90m(file:///home/user/Apophenia/[39mnode_modules/[4m@vitest/runner[24m/dist/chunk-hooks.js:1574:12[90m)[39m
[90m    at processTicksAndRejections (node:internal/process/task_queues:105:5)[39m
Response text: This is not JSON at all

stderr | tests/unit/ai/responseParser.test.ts > ResponseParser > extractCommands > should wrap single object in array
Response is not an array, wrapping in array

stderr | tests/unit/ai/responseParser.test.ts > ResponseParser > extractJSON > should return null for invalid schema
Failed to extract and validate JSON: ZodError: [
  {
    "code": "invalid_type",
    "expected": "number",
    "received": "undefined",
    "path": [
      "age"
    ],
    "message": "Required"
  }
]
    at Object.get error [as error] [90m(file:///home/user/Apophenia/[39mnode_modules/[4mzod[24m/v3/types.js:39:31[90m)[39m
    at ZodObject.parse [90m(file:///home/user/Apophenia/[39mnode_modules/[4mzod[24m/v3/types.js:114:22[90m)[39m
    at ResponseParserImpl.extractJSON [90m(/home/user/Apophenia/[39msrc/services/ai/responseParser.ts:109:21[90m)[39m
    at [90m/home/user/Apophenia/[39mtests/unit/ai/responseParser.test.ts:127:37
    at [90mfile:///home/user/Apophenia/[39mnode_modules/[4m@vitest/runner[24m/dist/chunk-hooks.js:155:11
    at [90mfile:///home/user/Apophenia/[39mnode_modules/[4m@vitest/runner[24m/dist/chunk-hooks.js:752:26
    at [90mfile:///home/user/Apophenia/[39mnode_modules/[4m@vitest/runner[24m/dist/chunk-hooks.js:1897:20
    at new Promise (<anonymous>)
    at runWithTimeout [90m(file:///home/user/Apophenia/[39mnode_modules/[4m@vitest/runner[24m/dist/chunk-hooks.js:1863:10[90m)[39m
    at runTest [90m(file:///home/user/Apophenia/[39mnode_modules/[4m@vitest/runner[24m/dist/chunk-hooks.js:1574:12[90m)[39m {
  issues: [
    {
      code: [32m'invalid_type'[39m,
      expected: [32m'number'[39m,
      received: [32m'undefined'[39m,
      path: [36m[Array][39m,
      message: [32m'Required'[39m
    }
  ],
  addIssue: [36m[Function (anonymous)][39m,
  addIssues: [36m[Function (anonymous)][39m,
  errors: [
    {
      code: [32m'invalid_type'[39m,
      expected: [32m'number'[39m,
      received: [32m'undefined'[39m,
      path: [36m[Array][39m,
      message: [32m'Required'[39m
    }
  ]
}

stderr | tests/unit/ai/responseParser.test.ts > ResponseParser > extractJSON > should return null for malformed JSON
Failed to extract and validate JSON: SyntaxError: Unexpected token 'N', "Not JSON" is not valid JSON
    at JSON.parse (<anonymous>)
    at ResponseParserImpl.extractJSON [90m(/home/user/Apophenia/[39msrc/services/ai/responseParser.ts:108:27[90m)[39m
    at [90m/home/user/Apophenia/[39mtests/unit/ai/responseParser.test.ts:139:37
    at [90mfile:///home/user/Apophenia/[39mnode_modules/[4m@vitest/runner[24m/dist/chunk-hooks.js:155:11
    at [90mfile:///home/user/Apophenia/[39mnode_modules/[4m@vitest/runner[24m/dist/chunk-hooks.js:752:26
    at [90mfile:///home/user/Apophenia/[39mnode_modules/[4m@vitest/runner[24m/dist/chunk-hooks.js:1897:20
    at new Promise (<anonymous>)
    at runWithTimeout [90m(file:///home/user/Apophenia/[39mnode_modules/[4m@vitest/runner[24m/dist/chunk-hooks.js:1863:10[90m)[39m
    at runTest [90m(file:///home/user/Apophenia/[39mnode_modules/[4m@vitest/runner[24m/dist/chunk-hooks.js:1574:12[90m)[39m
[90m    at processTicksAndRejections (node:internal/process/task_queues:105:5)[39m

 ✓ tests/unit/ai/responseParser.test.ts (14 tests) 27ms
 ✓ tests/contracts/engines.contract.test.ts (91 tests) 24ms
stdout | tests/contracts/command-executors.contract.test.ts > Contract Tests: Command Executors (Seam #5) > CommandQueue Contract > executeSequential returns Promise<ExecutionResult[]>
Command executed: wait { requestedDuration: [33m1000[39m, actualDuration: [33m999[39m }

stdout | tests/contracts/command-executors.contract.test.ts > Contract Tests: Command Executors (Seam #5) > CommandQueue Contract > executeSequential returns Promise<ExecutionResult[]>
Command executed: displayText { segmentId: [32m'test-segment-1'[39m, textLength: [33m22[39m }

stdout | tests/contracts/command-executors.contract.test.ts > Contract Tests: Command Executors (Seam #5) > CommandQueue Contract > executeSequential maintains command order
Command executed: createSegment { segmentId: [32m'test-segment-1'[39m }

stdout | tests/contracts/command-executors.contract.test.ts > Contract Tests: Command Executors (Seam #5) > CommandQueue Contract > executeSequential maintains command order
Command executed: displayText { segmentId: [32m'test-segment-1'[39m, textLength: [33m22[39m }

 ✓ tests/contracts/state-stores.contract.test.ts (53 tests) 24ms
stdout | tests/contracts/command-executors.contract.test.ts > Contract Tests: Command Executors (Seam #5) > CommandQueue Contract > executeSequential maintains command order
Command executed: wait { requestedDuration: [33m1000[39m, actualDuration: [33m1001[39m }

stdout | tests/contracts/command-executors.contract.test.ts > Contract Tests: Command Executors (Seam #5) > CommandQueue Contract > executeSequential continues on command failure
Command executed: wait { requestedDuration: [33m1000[39m, actualDuration: [33m1000[39m }

stderr | tests/contracts/command-executors.contract.test.ts > Contract Tests: Command Executors (Seam #5) > CommandQueue Contract > executeSequential continues on command failure
Command failed: wait Missing duration

stderr | tests/contracts/command-executors.contract.test.ts > Contract Tests: Command Executors (Seam #5) > CommandQueue Contract > executeSequential continues on command failure
Command failed but continuing: Missing duration

stdout | tests/contracts/flows.contract.test.ts > Contract Tests: Flows (Seam #6) > UnravelingFlow Interface Compliance > initialize accepts GenreConfig and returns Promise<void>
🌀 Unraveling phase initialized - reality is collapsing

stdout | tests/contracts/flows.contract.test.ts > Contract Tests: Flows (Seam #6) > FlowCoordinator Contract > transitionTo accepts GameState and returns Promise<void>
🔄 Flow transition: Descent (state: descending)

stdout | tests/contracts/flows.contract.test.ts > Contract Tests: Flows (Seam #6) > FlowCoordinator Contract > executeEngines returns Promise<EngineOutput[]>
⚙️  Executed 2 engines

stdout | tests/contracts/flows.contract.test.ts > Contract Tests: Flows (Seam #6) > FlowCoordinator Contract > executeCommands returns Promise<ExecutionResult[]>
🎯 Executing 1 commands

stdout | tests/contracts/flows.contract.test.ts > Contract Tests: Flows (Seam #6) > Cross-Flow Interface Consistency > flows can be used interchangeably through GameFlow interface
🌀 Unraveling phase initialized - reality is collapsing

 ✓ tests/contracts/flows.contract.test.ts (27 tests) 23ms
stdout | tests/contracts/command-executors.contract.test.ts > Contract Tests: Command Executors (Seam #5) > CommandQueue Contract > executeSequential continues on command failure
Command executed: wait { requestedDuration: [33m1000[39m, actualDuration: [33m1001[39m }

stdout | tests/contracts/command-executors.contract.test.ts > Contract Tests: Command Executors (Seam #5) > CommandQueue + All Executors Integration > can execute all 10 command types through queue
Command executed: createSegment { segmentId: [32m'test-segment-1'[39m }

stdout | tests/contracts/command-executors.contract.test.ts > Contract Tests: Command Executors (Seam #5) > CommandQueue + All Executors Integration > can execute all 10 command types through queue
Command executed: displayText { segmentId: [32m'test-segment-1'[39m, textLength: [33m22[39m }

stdout | tests/contracts/command-executors.contract.test.ts > Contract Tests: Command Executors (Seam #5) > CommandQueue + All Executors Integration > can execute all 10 command types through queue
Command executed: displayChoices { choiceCount: [33m2[39m, hasIntrusiveThought: [33mfalse[39m }

stdout | tests/contracts/command-executors.contract.test.ts > Contract Tests: Command Executors (Seam #5) > CommandQueue + All Executors Integration > can execute all 10 command types through queue
Image generation requested for prompt: A dark corridor

stdout | tests/contracts/command-executors.contract.test.ts > Contract Tests: Command Executors (Seam #5) > CommandQueue + All Executors Integration > can execute all 10 command types through queue
Command executed: generateImage {
  segmentId: [32m'test-segment-1'[39m,
  cached: [33mfalse[39m,
  priority: [32m'high'[39m,
  async: [33mtrue[39m
}

stdout | tests/contracts/command-executors.contract.test.ts > Contract Tests: Command Executors (Seam #5) > CommandQueue + All Executors Integration > can execute all 10 command types through queue
Command executed: updateWorldState { updatedFields: [ [32m'corruptionLevel'[39m, [32m'horrorIntensity'[39m ] }

 ✓ tests/unit/ai/mockService.test.ts (12 tests) 10928ms
   ✓ MockService > generateResponse > should generate a valid response  792ms
   ✓ MockService > generateResponse > should generate valid commands  1324ms
   ✓ MockService > generateResponse > should include narrative text  1009ms
   ✓ MockService > generateResponse > should include choices  1373ms
   ✓ MockService > generateResponse > should sometimes include intrusive thoughts  3374ms
   ✓ MockService > generateResponse > should increase horror intensity  644ms
   ✓ MockService > generateResponse > should simulate latency  1330ms
   ✓ MockService > generateResponse > should include metadata  1075ms
 ✓ tests/unit/engines/AllEngines.test.ts (32 tests) 16ms
stdout | tests/contracts/command-executors.contract.test.ts > Contract Tests: Command Executors (Seam #5) > CommandQueue + All Executors Integration > can execute all 10 command types through queue
Command executed: wait { requestedDuration: [33m1000[39m, actualDuration: [33m1000[39m }

stdout | tests/contracts/command-executors.contract.test.ts > Contract Tests: Command Executors (Seam #5) > CommandQueue + All Executors Integration > can execute all 10 command types through queue
Command executed: applyCorruption {
  corruptionLevel: [33m50[39m,
  effectCount: [33m2[39m,
  effects: [ [32m'glitch'[39m, [32m'distortion'[39m ],
  healthDecrease: [33m5[39m
}

stdout | tests/contracts/command-executors.contract.test.ts > Contract Tests: Command Executors (Seam #5) > CommandQueue + All Executors Integration > can execute all 10 command types through queue
Command executed: browserEffect { effectType: [32m'changeTitle'[39m, value: [32m'Test Title'[39m }

stdout | tests/contracts/command-executors.contract.test.ts > Contract Tests: Command Executors (Seam #5) > CommandQueue + All Executors Integration > can execute all 10 command types through queue
Command executed: reviseHistory {
  segmentId: [32m'test-segment-1'[39m,
  originalLength: [33m22[39m,
  newLength: [33m17[39m,
  revised: [33mtrue[39m
}

stdout | tests/contracts/command-executors.contract.test.ts > Contract Tests: Command Executors (Seam #5) > CommandQueue + All Executors Integration > can execute all 10 command types through queue
Command executed: quantumShift { timeline: [32m'alpha'[39m, shiftTime: [33m1762963033579[39m, segmentCount: [33m8[39m }

 ✓ tests/contracts/command-executors.contract.test.ts (118 tests) 12061ms
   ✓ Contract Tests: Command Executors (Seam #5) > wait Executor > execute returns Promise<ExecutionResult>  1001ms
   ✓ Contract Tests: Command Executors (Seam #5) > wait Executor > execute result contains correct command reference  1001ms
   ✓ Contract Tests: Command Executors (Seam #5) > wait Executor > execute returns consistent result shape on success and failure  1001ms
   ✓ Contract Tests: Command Executors (Seam #5) > All Executors (Cross-Cutting Concerns) > all executors return properly typed ExecutionResult  1003ms
   ✓ Contract Tests: Command Executors (Seam #5) > CommandQueue Contract > executeNext returns Promise<ExecutionResult>  1001ms
   ✓ Contract Tests: Command Executors (Seam #5) > CommandQueue Contract > executeNext reduces queue size  1001ms
   ✓ Contract Tests: Command Executors (Seam #5) > CommandQueue Contract > executeAll returns Promise<ExecutionResult[]>  1002ms
   ✓ Contract Tests: Command Executors (Seam #5) > CommandQueue Contract > executeSequential returns Promise<ExecutionResult[]>  1002ms
   ✓ Contract Tests: Command Executors (Seam #5) > CommandQueue Contract > executeSequential maintains command order  1002ms
   ✓ Contract Tests: Command Executors (Seam #5) > CommandQueue Contract > executeSequential continues on command failure  2003ms
   ✓ Contract Tests: Command Executors (Seam #5) > CommandQueue + All Executors Integration > can execute all 10 command types through queue  1004ms
stderr | tests/unit/images/imageServices.test.ts > Image Services > GrokImageService > should return failure when no API key configured
[Grok] Generation failed: Cannot read properties of undefined (reading 'ok')

stdout | tests/unit/images/imageServices.test.ts > Image Services > GrokImageService > should return false when API unavailable
[Grok] Service unavailable: Network error

stderr | tests/unit/images/imageServices.test.ts > Image Services > GrokImageService > should handle API errors gracefully
[Grok] API error (401): Unauthorized

 ✓ tests/unit/images/imageServices.test.ts (15 tests) 38ms
 ✓ tests/contracts/config.contract.test.ts (33 tests) 17ms
 ✓ tests/contracts/ui-components.contract.test.ts (24 tests) 17ms
stdout | tests/unit/commands/displayText.test.ts > DisplayTextExecutor > displayWithEffect > should not throw for any effect type
Displaying text with typewriter effect: Test

stdout | tests/unit/commands/displayText.test.ts > DisplayTextExecutor > displayWithEffect > should not throw for any effect type
Displaying text with glitch effect: Test

stdout | tests/unit/commands/displayText.test.ts > DisplayTextExecutor > displayWithEffect > should not throw for any effect type
Displaying text with fade effect: Test

 ✓ tests/unit/commands/displayText.test.ts (10 tests) 12ms
 ✓ tests/unit/state/historyStore.test.ts (19 tests) 12ms
 ✓ tests/unit/state/playerProfileStore.test.ts (17 tests) 11ms
 ✓ tests/unit/state/StateManager.test.ts (14 tests) 11ms
 ✓ tests/unit/commands/createSegment.test.ts (10 tests) 10ms
 ✓ tests/unit/state/worldStateStore.test.ts (16 tests) 9ms
 ✓ tests/unit/images/LRUTTLCache.test.ts (18 tests) 10ms
 ✓ tests/unit/engines/TemporalRevisionEngine.test.ts (8 tests) 8ms
 ✓ tests/unit/state/gameStateStore.test.ts (12 tests) 8ms
 ✓ src/stores/__tests__/gameStateStore.test.ts (6 tests) 8ms
 ✓ tests/unit/flows/FlowContextBuilder.test.ts (7 tests) 7ms
 ✓ tests/integration/engine-state-integration.test.ts (6 tests) 6ms
 ✓ tests/unit/ai/promptBuilder.test.ts (13 tests) 6ms
 ✓ tests/unit/engines/RealityCorruptionEngine.test.ts (7 tests) 5ms
 ✓ tests/unit/commands/updateWorldState.test.ts (11 tests) 7ms
 ✓ tests/unit/engines/AdaptiveHorrorEngine.test.ts (7 tests) 5ms
 ✓ tests/unit/commands/applyCorruption.test.ts (10 tests) 7ms

⎯⎯⎯⎯⎯⎯ Failed Suites 6 ⎯⎯⎯⎯⎯⎯⎯

 FAIL  src/services/gameService.spec.ts [ src/services/gameService.spec.ts ]
Error: Failed to resolve import "./ai/engines" from "src/services/gameService.spec.ts". Does the file exist?
  Plugin: vite:import-analysis
  File: /home/user/Apophenia/src/services/gameService.spec.ts:13:25
  11 |  import { generateImageFlow } from "./ai/secureGenkit";
  12 |  import { summarizeHistoryFlow } from "./flows/summaryFlow";
  13 |  import * as engines from "./ai/engines";
     |                            ^
  14 |  jest.mock("./ai/unifiedAIService");
  15 |  jest.mock("./ai/secureGenkit");
 ❯ TransformPluginContext._formatLog node_modules/vite/dist/node/chunks/config.js:29608:43
 ❯ TransformPluginContext.error node_modules/vite/dist/node/chunks/config.js:29605:14
 ❯ normalizeUrl node_modules/vite/dist/node/chunks/config.js:27728:18
 ❯ node_modules/vite/dist/node/chunks/config.js:27786:32
 ❯ TransformPluginContext.transform node_modules/vite/dist/node/chunks/config.js:27754:4
 ❯ EnvironmentPluginContainer.transform node_modules/vite/dist/node/chunks/config.js:29406:14
 ❯ loadAndTransform node_modules/vite/dist/node/chunks/config.js:23277:26

⎯⎯⎯⎯⎯⎯⎯⎯⎯⎯⎯⎯⎯⎯⎯⎯⎯⎯⎯⎯⎯⎯⎯[1/31]⎯

 FAIL  src/services/ai/imageGeneration.test.ts [ src/services/ai/imageGeneration.test.ts ]
Error: Cannot find module './imageGeneration'
Require stack:
- /home/user/Apophenia/src/services/ai/imageGeneration.test.ts
 ❯ src/services/ai/imageGeneration.test.ts:1:36
      1| const { imageGenerationService } = require('./imageGeneration');
       |                                    ^
      2| 
      3| const testImageGeneration = async () => {

⎯⎯⎯⎯⎯⎯⎯⎯⎯⎯⎯⎯⎯⎯⎯⎯⎯⎯⎯⎯⎯⎯⎯[2/31]⎯

 FAIL  src/stores/__tests__/imageCacheStore.test.ts [ src/stores/__tests__/imageCacheStore.test.ts ]
ReferenceError: jest is not defined
 ❯ src/stores/__tests__/imageCacheStore.test.ts:5:1
      3| 
      4| // Mock the config module to control cache settings
      5| jest.mock('../../services/config', () => ({
       | ^
      6|   CACHE_CONFIG: {
      7|     IMAGE_CACHE_TTL: 10000, // 10 seconds for testing

⎯⎯⎯⎯⎯⎯⎯⎯⎯⎯⎯⎯⎯⎯⎯⎯⎯⎯⎯⎯⎯⎯⎯[3/31]⎯

 FAIL  src/services/ai/__tests__/advancedAI.test.ts [ src/services/ai/__tests__/advancedAI.test.ts ]
ReferenceError: jest is not defined
 ❯ src/services/ai/__tests__/advancedAI.test.ts:10:1
      8| 
      9| // Mock the API dependencies
     10| jest.mock('@google/generative-ai', () => ({
       | ^
     11|   GoogleGenerativeAI: jest.fn().mockImplementation(() => ({
     12|     getGenerativeModel: jest.fn().mockReturnValue({

⎯⎯⎯⎯⎯⎯⎯⎯⎯⎯⎯⎯⎯⎯⎯⎯⎯⎯⎯⎯⎯⎯⎯[4/31]⎯

 FAIL  src/services/ai/__tests__/backendAPIService.test.ts [ src/services/ai/__tests__/backendAPIService.test.ts ]
ReferenceError: jest is not defined
 ❯ src/services/ai/__tests__/backendAPIService.test.ts:4:19
      2| 
      3| // Mock fetch for testing
      4| const mockFetch = jest.fn();
       |                   ^
      5| global.fetch = mockFetch as unknown as typeof fetch;
      6| 

⎯⎯⎯⎯⎯⎯⎯⎯⎯⎯⎯⎯⎯⎯⎯⎯⎯⎯⎯⎯⎯⎯⎯[5/31]⎯

 FAIL  src/services/ai/__tests__/imageGeneration.test.ts [ src/services/ai/__tests__/imageGeneration.test.ts ]
ReferenceError: jest is not defined
 ❯ src/services/ai/__tests__/imageGeneration.test.ts:3:1
      1| import { imageGenerationService, ImageVariation } from '../imageGenera…
      2| 
      3| jest.mock('../imageGeneration');
       | ^
      4| 
      5| describe('ImageGenerationService', () => {

⎯⎯⎯⎯⎯⎯⎯⎯⎯⎯⎯⎯⎯⎯⎯⎯⎯⎯⎯⎯⎯⎯⎯[6/31]⎯


⎯⎯⎯⎯⎯⎯ Failed Tests 25 ⎯⎯⎯⎯⎯⎯⎯

 FAIL  tests/unit/flows/DescentFlow.test.ts > DescentFlow > calculateDescentLevel > should calculate based on corruption level
AssertionError: expected 0 to be greater than 0
 ❯ tests/unit/flows/DescentFlow.test.ts:159:21
    157| 
    158|       // Max corruption should contribute 40% to descent
    159|       expect(level).toBeGreaterThan(0);
       |                     ^
    160|       expect(level).toBeLessThanOrEqual(40);
    161|     });

⎯⎯⎯⎯⎯⎯⎯⎯⎯⎯⎯⎯⎯⎯⎯⎯⎯⎯⎯⎯⎯⎯⎯[7/31]⎯

 FAIL  tests/unit/flows/DescentFlow.test.ts > DescentFlow > shouldBeginUnraveling > should return true when descent level exceeds 70%
AssertionError: expected false to be true // Object.is equality

[32m- Expected[39m
[31m+ Received[39m

[32m- true[39m
[31m+ false[39m

 ❯ tests/unit/flows/DescentFlow.test.ts:184:29
    182| 
    183|       // Max horror + max corruption should exceed 70%
    184|       expect(shouldUnravel).toBe(true);
       |                             ^
    185|     });
    186|   });

⎯⎯⎯⎯⎯⎯⎯⎯⎯⎯⎯⎯⎯⎯⎯⎯⎯⎯⎯⎯⎯⎯⎯[8/31]⎯

 FAIL  tests/unit/flows/DescentFlow.test.ts > DescentFlow > processChoice > should transition to unraveling when descent level is high
AssertionError: expected undefined to be 'unraveling' // Object.is equality

[32m- Expected:[39m 
"unraveling"

[31m+ Received:[39m 
undefined

 ❯ tests/unit/flows/DescentFlow.test.ts:225:32
    223|       const result = await flow.processChoice(choice);
    224| 
    225|       expect(result.nextState).toBe(GameState.UNRAVELING);
       |                                ^
    226|     });
    227| 

⎯⎯⎯⎯⎯⎯⎯⎯⎯⎯⎯⎯⎯⎯⎯⎯⎯⎯⎯⎯⎯⎯⎯[9/31]⎯

 FAIL  tests/unit/flows/FlowCoordinator.test.ts > FlowCoordinator > getCurrentFlow > should return unraveling flow when descent level is high
AssertionError: expected 'Descent' to be 'Unraveling' // Object.is equality

Expected: [32m"Unraveling"[39m
Received: [31m"Descent"[39m

 ❯ tests/unit/flows/FlowCoordinator.test.ts:130:25
    128| 
    129|       // Should switch to unraveling
    130|       expect(flow.name).toBe('Unraveling');
       |                         ^
    131|     });
    132|   });

⎯⎯⎯⎯⎯⎯⎯⎯⎯⎯⎯⎯⎯⎯⎯⎯⎯⎯⎯⎯⎯⎯[10/31]⎯

 FAIL  src/components/__tests__/CompactTestAPI.test.tsx > CompactTestAPI > calls the image generation service when the button is clicked
AssertionError: expected "spy" to be called at least once
 ❯ src/components/__tests__/CompactTestAPI.test.tsx:42:41
     40|     render(<CompactTestAPI />);
     41|     fireEvent.click(screen.getByText('Test Image Gen'));
     42|     expect(mockGenerateImageVariations).toHaveBeenCalled();
       |                                         ^
     43|   });
     44| 

⎯⎯⎯⎯⎯⎯⎯⎯⎯⎯⎯⎯⎯⎯⎯⎯⎯⎯⎯⎯⎯⎯[11/31]⎯

 FAIL  src/components/__tests__/CompactTestAPI.test.tsx > CompactTestAPI > calls the unified AI service when the story button is clicked
AssertionError: expected "spy" to be called at least once
 ❯ src/components/__tests__/CompactTestAPI.test.tsx:48:30
     46|     render(<CompactTestAPI />);
     47|     fireEvent.click(screen.getByText('Test Story Gen'));
     48|     expect(mockGenerateText).toHaveBeenCalled();
       |                              ^
     49|   });
     50| });

⎯⎯⎯⎯⎯⎯⎯⎯⎯⎯⎯⎯⎯⎯⎯⎯⎯⎯⎯⎯⎯⎯[12/31]⎯

 FAIL  src/components/__tests__/EndScreen.test.tsx > EndScreen > renders the end screen with the final story segment
TestingLibraryElementError: Unable to find an element with the text: The story has concluded.. This could be because the text is broken up by multiple elements. In this case, you can provide a function for your text matcher to make your matcher more flexible.

Ignored nodes: comments, script, style
[36m<body>[39m
  [36m<div>[39m
    [36m<div[39m
      [33mclass[39m=[32m"end-screen"[39m
    [36m>[39m
      [36m<h1>[39m
        [0mThe End[0m
      [36m</h1>[39m
      [36m<p>[39m
        [0mYour journey has concluded.[0m
      [36m</p>[39m
      [36m<button>[39m
        [0mPlay Again[0m
      [36m</button>[39m
    [36m</div>[39m
  [36m</div>[39m
[36m</body>[39m
 ❯ Object.getElementError node_modules/@testing-library/dom/dist/config.js:37:19
 ❯ node_modules/@testing-library/dom/dist/query-helpers.js:76:38
 ❯ node_modules/@testing-library/dom/dist/query-helpers.js:52:17
 ❯ node_modules/@testing-library/dom/dist/query-helpers.js:95:19
 ❯ src/components/__tests__/EndScreen.test.tsx:32:19
     30|   it('renders the end screen with the final story segment', () => {
     31|     render(<EndScreen />);
     32|     expect(screen.getByText('The story has concluded.')).toBeInTheDocu…
       |                   ^
     33|     expect(screen.getByText('The end.')).toBeInTheDocument();
     34|   });

⎯⎯⎯⎯⎯⎯⎯⎯⎯⎯⎯⎯⎯⎯⎯⎯⎯⎯⎯⎯⎯⎯[13/31]⎯

 FAIL  src/components/__tests__/EndScreen.test.tsx > EndScreen > calls setGameState to go to the MENU on button click
TestingLibraryElementError: Unable to find an element with the text: Start New Game. This could be because the text is broken up by multiple elements. In this case, you can provide a function for your text matcher to make your matcher more flexible.

Ignored nodes: comments, script, style
[36m<body>[39m
  [36m<div>[39m
    [36m<div[39m
      [33mclass[39m=[32m"end-screen"[39m
    [36m>[39m
      [36m<h1>[39m
        [0mThe End[0m
      [36m</h1>[39m
      [36m<p>[39m
        [0mYour journey has concluded.[0m
      [36m</p>[39m
      [36m<button>[39m
        [0mPlay Again[0m
      [36m</button>[39m
    [36m</div>[39m
  [36m</div>[39m
[36m</body>[39m
 ❯ Object.getElementError node_modules/@testing-library/dom/dist/config.js:37:19
 ❯ node_modules/@testing-library/dom/dist/query-helpers.js:76:38
 ❯ node_modules/@testing-library/dom/dist/query-helpers.js:52:17
 ❯ node_modules/@testing-library/dom/dist/query-helpers.js:95:19
 ❯ src/components/__tests__/EndScreen.test.tsx:38:28
     36|   it('calls setGameState to go to the MENU on button click', () => {
     37|     render(<EndScreen />);
     38|     fireEvent.click(screen.getByText('Start New Game'));
       |                            ^
     39|     expect(mockSetGameState).toHaveBeenCalledWith(GameState.MENU);
     40|   });

⎯⎯⎯⎯⎯⎯⎯⎯⎯⎯⎯⎯⎯⎯⎯⎯⎯⎯⎯⎯⎯⎯[14/31]⎯

 FAIL  src/components/__tests__/GlitchedText.test.tsx > GlitchedText > renders the text correctly
TestingLibraryElementError: Unable to find an element with the text: Apophenia. This could be because the text is broken up by multiple elements. In this case, you can provide a function for your text matcher to make your matcher more flexible.

Ignored nodes: comments, script, style
[36m<body>[39m
  [36m<div>[39m
    [36m<h1[39m
      [33mclass[39m=[32m"glitched-title"[39m
    [36m>[39m
      [36m<span>[39m
        [0mA[0m
      [36m</span>[39m
      [36m<span>[39m
        [0mp[0m
      [36m</span>[39m
      [36m<span>[39m
        [0mo[0m
      [36m</span>[39m
      [36m<span>[39m
        [0mp[0m
      [36m</span>[39m
      [36m<span>[39m
        [0mh[0m
      [36m</span>[39m
      [36m<span>[39m
        [0me[0m
      [36m</span>[39m
      [36m<span>[39m
        [0mn[0m
      [36m</span>[39m
      [36m<span>[39m
        [0mi[0m
      [36m</span>[39m
      [36m<span>[39m
        [0ma[0m
      [36m</span>[39m
    [36m</h1>[39m
  [36m</div>[39m
[36m</body>[39m
 ❯ Object.getElementError node_modules/@testing-library/dom/dist/config.js:37:19
 ❯ node_modules/@testing-library/dom/dist/query-helpers.js:76:38
 ❯ node_modules/@testing-library/dom/dist/query-helpers.js:52:17
 ❯ node_modules/@testing-library/dom/dist/query-helpers.js:95:19
 ❯ src/components/__tests__/GlitchedText.test.tsx:18:19
     16|   it('renders the text correctly', () => {
     17|     render(<GlitchedText text="Apophenia" />);
     18|     expect(screen.getByText('Apophenia')).toBeInTheDocument();
       |                   ^
     19|   });
     20| 

⎯⎯⎯⎯⎯⎯⎯⎯⎯⎯⎯⎯⎯⎯⎯⎯⎯⎯⎯⎯⎯⎯[15/31]⎯

 FAIL  src/components/__tests__/GlitchedText.test.tsx > GlitchedText > applies a glitch effect over time
TestingLibraryElementError: Unable to find an element with the text: Apophenia. This could be because the text is broken up by multiple elements. In this case, you can provide a function for your text matcher to make your matcher more flexible.

Ignored nodes: comments, script, style
[36m<body>[39m
  [36m<div>[39m
    [36m<h1[39m
      [33mclass[39m=[32m"glitched-title"[39m
    [36m>[39m
      [36m<span>[39m
        [0mA[0m
      [36m</span>[39m
      [36m<span>[39m
        [0mp[0m
      [36m</span>[39m
      [36m<span>[39m
        [0mo[0m
      [36m</span>[39m
      [36m<span>[39m
        [0mp[0m
      [36m</span>[39m
      [36m<span>[39m
        [0mh[0m
      [36m</span>[39m
      [36m<span>[39m
        [0me[0m
      [36m</span>[39m
      [36m<span>[39m
        [0mn[0m
      [36m</span>[39m
      [36m<span>[39m
        [0mi[0m
      [36m</span>[39m
      [36m<span>[39m
        [0ma[0m
      [36m</span>[39m
    [36m</h1>[39m
  [36m</div>[39m
[36m</body>[39m
 ❯ Object.getElementError node_modules/@testing-library/dom/dist/config.js:37:19
 ❯ node_modules/@testing-library/dom/dist/query-helpers.js:76:38
 ❯ node_modules/@testing-library/dom/dist/query-helpers.js:52:17
 ❯ node_modules/@testing-library/dom/dist/query-helpers.js:95:19
 ❯ src/components/__tests__/GlitchedText.test.tsx:28:19
     26| 
     27|     // Initial render should have the text
     28|     expect(screen.getByText('Apophenia')).toBeInTheDocument();
       |                   ^
     29| 
     30|     // Advance timers to trigger the glitch effect

⎯⎯⎯⎯⎯⎯⎯⎯⎯⎯⎯⎯⎯⎯⎯⎯⎯⎯⎯⎯⎯⎯[16/31]⎯

 FAIL  src/components/__tests__/ModelSelector.test.tsx > ModelSelector > renders the model selector when visible
TestingLibraryElementError: Found multiple elements with the text: Grok 1

Here are the matching elements:

Ignored nodes: comments, script, style
[36m<div[39m
  [33mclass[39m=[32m"current-selection"[39m
[36m>[39m
  [36m<strong>[39m
    [0mCurrently selected:[0m
  [36m</strong>[39m
  [0m [0m
  [0mGrok 1[0m
[36m</div>[39m

Ignored nodes: comments, script, style
[36m<div[39m
  [33mclass[39m=[32m"model-name"[39m
[36m>[39m
  [0mGrok 1[0m
[36m</div>[39m

(If this is intentional, then use the `*AllBy*` variant of the query (like `queryAllByText`, `getAllByText`, or `findAllByText`)).

Ignored nodes: comments, script, style
[36m<body>[39m
  [36m<div>[39m
    [36m<div[39m
      [33mclass[39m=[32m"model-selector-overlay"[39m
    [36m>[39m
      [36m<div[39m
        [33mclass[39m=[32m"model-selector-modal"[39m
      [36m>[39m
        [36m<div[39m
          [33mclass[39m=[32m"modal-header"[39m
        [36m>[39m
          [36m<h2>[39m
            [0mSelect AI Model[0m
          [36m</h2>[39m
          [36m<button[39m
            [33mclass[39m=[32m"close-button"[39m
          [36m>[39m
            [0m×[0m
          [36m</button>[39m
        [36m</div>[39m
        [36m<div[39m
          [33mclass[39m=[32m"modal-content"[39m
        [36m>[39m
          [36m<div[39m
            [33mclass[39m=[32m"current-selection"[39m
          [36m>[39m
            [36m<strong>[39m
              [0mCurrently selected:[0m
            [36m</strong>[39m
            [0m [0m
            [0mGrok 1[0m
          [36m</div>[39m
          [36m<div[39m
            [33mclass[39m=[32m"models-grid"[39m
          [36m>[39m
            [36m<div[39m
              [33mclass[39m=[32m"model-card selected"[39m
            [36m>[39m
              [36m<div[39m
                [33mclass[39m=[32m"model-header"[39m
              [36m>[39m
                [36m<div[39m
                  [33mclass[39m=[32m"model-info"[39m
                [36m>[39m
                  [36m<div[39m
                    [33mclass[39m=[32m"model-name"[39m
                  [36m>[39m
                    [0mGrok 1[0m
                  [36m</div>[39m
                  [36m<div[39m
                    [33mclass[39m=[32m"model-provider"[39m
                  [36m>[39m
                    [0mxAI[0m
                  [36m</div>[39m
                  [36m<span[39m
                    [33mclass[39m=[32m"default-badge"[39m
                  [36m>[39m
                    [0mDefault[0m
                  [36m</span>[39m
                [36m</div>[39m
                [36m<div[39m
                  [33mclass[39m=[32m"model-status"[39m
                [36m>[39m
                  [36m<span[39m
                    [33mclass[39m=[32m"selected-indicator"[39m
                  [36m>[39m
                    [0m✓[0m
                  [36m</span>[39m
                [36m</div>[39m
              [36m</div>[39m
              [36m<div[39m
                [33mclass[39m=[32m"model-features"[39m
              [36m>[39m
                [36m<div[39m
                  [33mclass[39m=[32m"feature-grid"[39m
                [36m>[39m
                  [36m<div[39m
                    [33mclass[39m=[32m"feature"[39m
                  [36m>[39m
                    [36m<span[39m
                      [33mclass[39m=[32m"feature-label"[39m
                    [36m>[39m
                      [0mContext:[0m
                    [36m</span>[39m
                    [36m<span[39m
                      [33mclass[39m=[32m"feature-value"[39m
                    [36m>[39m
                      [0m1K tokens[0m
                    [36m</span>[39m
                  [36m</div>[39m
                  [36m<div[39m
                    [33mclass[39m=[32m"feature"[39m
                  [36m>[39m
                    [36m<span[39m
                      [33mclass[39m=[32m"feature-label"[39m
                    [36m>[39m
                      [0mThinking:[0m
                    [36m</span>[39m
                    [36m<span[39m
                      [33mclass[39m=[32m"feature-value supported"[39m
                    [36m>[39m
                      [0mYes[0m
                    [36m</span>[39m
                  [36m</div>[39m
                  [36m<div[39m
                    [33mclass[39m=[32m"feature"[39m
                  [36m>[39m
                    [36m<span[39m
                      [33mclass[39m=[32m"feature-label"[39m
                    [36m>[39m
                      [0mImages:[0m
                    [36m</span>[39m
                    [36m<span[39m
                      [33mclass[39m=[32m"feature-value not-supported"[39m
                    [36m>[39m
                      [0mNo[0m
                    [36m</span>[39m
                  [36m</div>[39m
                [36m</div>[39m
              [36m</div>[39m
              [36m<div[39m
                [33mclass[39m=[32m"model-actions"[39m
              [36m>[39m
                [36m<button[39m
                  [33mclass[39m=[32m"test-button"[39m
                [36m>[39m
                  [0mTest API[0m
                [36m</button>[39m
                [36m<button[39m
                  [33mclass[39m=[32m"details-button"[39m
                [36m>[39m
                  [0mMore[0m
                [36m</button>[39m
              [36m</div>[39m
            [36m</div>[39m
          [36m</div>[39m
          [36m<div[39m
            [33mclass[39m=[32m"model-info-section"[39m
          [36m>[39m
            [36m<h3>[39m
              [0mWhy Grok-4 Fast Reasoning is the Default:[0m
            [36m</h3>[39m
            [36m<p>[39m
              [0mGrok-4 offers a massive 2 million token context window, one of the largest available, with advanced reasoning capabilities. This enables unprecedented narrative consistency, deep psychological analysis, and complex story development across your entire gaming session.[0m
            [36m</p>[39m
          [36m</div>[39m
        [36m</div>[39m
        [36m<div[39m
          [33mclass[39m=[32m"modal-footer"[39m
        [36m>[39m
          [36m<button[39m
            [33mclass[39m=[32m"apply-button"[39m
          [36m>[39m
            [0mDone[0m
          [36m</button>[39m
        [36m</div>[39m
      [36m</div>[39m
    [36m</div>[39m
  [36m</div>[39m
[36m</body>[39m
 ❯ Object.getElementError node_modules/@testing-library/dom/dist/config.js:37:19
 ❯ getElementError node_modules/@testing-library/dom/dist/query-helpers.js:20:35
 ❯ getMultipleElementsFoundError node_modules/@testing-library/dom/dist/query-helpers.js:23:10
 ❯ node_modules/@testing-library/dom/dist/query-helpers.js:55:13
 ❯ node_modules/@testing-library/dom/dist/query-helpers.js:95:19
 ❯ src/components/__tests__/ModelSelector.test.tsx:40:19
     38|     render(<ModelSelector isVisible={true} onClose={vi.fn()} />);
     39|     expect(screen.getByText('Select AI Model')).toBeInTheDocument();
     40|     expect(screen.getByText('Grok 1')).toBeInTheDocument();
       |                   ^
     41|   });
     42| 

⎯⎯⎯⎯⎯⎯⎯⎯⎯⎯⎯⎯⎯⎯⎯⎯⎯⎯⎯⎯⎯⎯[17/31]⎯

 FAIL  src/components/__tests__/ModelSelector.test.tsx > ModelSelector > calls setSelectedModel when a model is selected
TestingLibraryElementError: Found multiple elements with the text: Grok 1

Here are the matching elements:

Ignored nodes: comments, script, style
[36m<div[39m
  [33mclass[39m=[32m"current-selection"[39m
[36m>[39m
  [36m<strong>[39m
    [0mCurrently selected:[0m
  [36m</strong>[39m
  [0m [0m
  [0mGrok 1[0m
[36m</div>[39m

Ignored nodes: comments, script, style
[36m<div[39m
  [33mclass[39m=[32m"model-name"[39m
[36m>[39m
  [0mGrok 1[0m
[36m</div>[39m

(If this is intentional, then use the `*AllBy*` variant of the query (like `queryAllByText`, `getAllByText`, or `findAllByText`)).

Ignored nodes: comments, script, style
[36m<body>[39m
  [36m<div>[39m
    [36m<div[39m
      [33mclass[39m=[32m"model-selector-overlay"[39m
    [36m>[39m
      [36m<div[39m
        [33mclass[39m=[32m"model-selector-modal"[39m
      [36m>[39m
        [36m<div[39m
          [33mclass[39m=[32m"modal-header"[39m
        [36m>[39m
          [36m<h2>[39m
            [0mSelect AI Model[0m
          [36m</h2>[39m
          [36m<button[39m
            [33mclass[39m=[32m"close-button"[39m
          [36m>[39m
            [0m×[0m
          [36m</button>[39m
        [36m</div>[39m
        [36m<div[39m
          [33mclass[39m=[32m"modal-content"[39m
        [36m>[39m
          [36m<div[39m
            [33mclass[39m=[32m"current-selection"[39m
          [36m>[39m
            [36m<strong>[39m
              [0mCurrently selected:[0m
            [36m</strong>[39m
            [0m [0m
            [0mGrok 1[0m
          [36m</div>[39m
          [36m<div[39m
            [33mclass[39m=[32m"models-grid"[39m
          [36m>[39m
            [36m<div[39m
              [33mclass[39m=[32m"model-card selected"[39m
            [36m>[39m
              [36m<div[39m
                [33mclass[39m=[32m"model-header"[39m
              [36m>[39m
                [36m<div[39m
                  [33mclass[39m=[32m"model-info"[39m
                [36m>[39m
                  [36m<div[39m
                    [33mclass[39m=[32m"model-name"[39m
                  [36m>[39m
                    [0mGrok 1[0m
                  [36m</div>[39m
                  [36m<div[39m
                    [33mclass[39m=[32m"model-provider"[39m
                  [36m>[39m
                    [0mxAI[0m
                  [36m</div>[39m
                  [36m<span[39m
                    [33mclass[39m=[32m"default-badge"[39m
                  [36m>[39m
                    [0mDefault[0m
                  [36m</span>[39m
                [36m</div>[39m
                [36m<div[39m
                  [33mclass[39m=[32m"model-status"[39m
                [36m>[39m
                  [36m<span[39m
                    [33mclass[39m=[32m"selected-indicator"[39m
                  [36m>[39m
                    [0m✓[0m
                  [36m</span>[39m
                [36m</div>[39m
              [36m</div>[39m
              [36m<div[39m
                [33mclass[39m=[32m"model-features"[39m
              [36m>[39m
                [36m<div[39m
                  [33mclass[39m=[32m"feature-grid"[39m
                [36m>[39m
                  [36m<div[39m
                    [33mclass[39m=[32m"feature"[39m
                  [36m>[39m
                    [36m<span[39m
                      [33mclass[39m=[32m"feature-label"[39m
                    [36m>[39m
                      [0mContext:[0m
                    [36m</span>[39m
                    [36m<span[39m
                      [33mclass[39m=[32m"feature-value"[39m
                    [36m>[39m
                      [0m1K tokens[0m
                    [36m</span>[39m
                  [36m</div>[39m
                  [36m<div[39m
                    [33mclass[39m=[32m"feature"[39m
                  [36m>[39m
                    [36m<span[39m
                      [33mclass[39m=[32m"feature-label"[39m
                    [36m>[39m
                      [0mThinking:[0m
                    [36m</span>[39m
                    [36m<span[39m
                      [33mclass[39m=[32m"feature-value supported"[39m
                    [36m>[39m
                      [0mYes[0m
                    [36m</span>[39m
                  [36m</div>[39m
                  [36m<div[39m
                    [33mclass[39m=[32m"feature"[39m
                  [36m>[39m
                    [36m<span[39m
                      [33mclass[39m=[32m"feature-label"[39m
                    [36m>[39m
                      [0mImages:[0m
                    [36m</span>[39m
                    [36m<span[39m
                      [33mclass[39m=[32m"feature-value not-supported"[39m
                    [36m>[39m
                      [0mNo[0m
                    [36m</span>[39m
                  [36m</div>[39m
                [36m</div>[39m
              [36m</div>[39m
              [36m<div[39m
                [33mclass[39m=[32m"model-actions"[39m
              [36m>[39m
                [36m<button[39m
                  [33mclass[39m=[32m"test-button"[39m
                [36m>[39m
                  [0mTest API[0m
                [36m</button>[39m
                [36m<button[39m
                  [33mclass[39m=[32m"details-button"[39m
                [36m>[39m
                  [0mMore[0m
                [36m</button>[39m
              [36m</div>[39m
            [36m</div>[39m
          [36m</div>[39m
          [36m<div[39m
            [33mclass[39m=[32m"model-info-section"[39m
          [36m>[39m
            [36m<h3>[39m
              [0mWhy Grok-4 Fast Reasoning is the Default:[0m
            [36m</h3>[39m
            [36m<p>[39m
              [0mGrok-4 offers a massive 2 million token context window, one of the largest available, with advanced reasoning capabilities. This enables unprecedented narrative consistency, deep psychological analysis, and complex story development across your entire gaming session.[0m
            [36m</p>[39m
          [36m</div>[39m
        [36m</div>[39m
        [36m<div[39m
          [33mclass[39m=[32m"modal-footer"[39m
        [36m>[39m
          [36m<button[39m
            [33mclass[39m=[32m"apply-button"[39m
          [36m>[39m
            [0mDone[0m
          [36m</button>[39m
        [36m</div>[39m
      [36m</div>[39m
    [36m</div>[39m
  [36m</div>[39m
[36m</body>[39m
 ❯ Object.getElementError node_modules/@testing-library/dom/dist/config.js:37:19
 ❯ getElementError node_modules/@testing-library/dom/dist/query-helpers.js:20:35
 ❯ getMultipleElementsFoundError node_modules/@testing-library/dom/dist/query-helpers.js:23:10
 ❯ node_modules/@testing-library/dom/dist/query-helpers.js:55:13
 ❯ node_modules/@testing-library/dom/dist/query-helpers.js:95:19
 ❯ src/components/__tests__/ModelSelector.test.tsx:50:28
     48|   it('calls setSelectedModel when a model is selected', () => {
     49|     render(<ModelSelector isVisible={true} onClose={vi.fn()} />);
     50|     fireEvent.click(screen.getByText('Grok 1'));
       |                            ^
     51|     expect(mockSetSelectedModel).toHaveBeenCalledWith('grok-1');
     52|   });

⎯⎯⎯⎯⎯⎯⎯⎯⎯⎯⎯⎯⎯⎯⎯⎯⎯⎯⎯⎯⎯⎯[18/31]⎯

 FAIL  src/components/__tests__/StartScreen.test.tsx > StartScreen > renders the start screen with a new game button
TestingLibraryElementError: Unable to find an element with the text: Apophenia. This could be because the text is broken up by multiple elements. In this case, you can provide a function for your text matcher to make your matcher more flexible.

Ignored nodes: comments, script, style
[36m<body>[39m
  [36m<div>[39m
    [36m<div[39m
      [33mclass[39m=[32m"start-screen"[39m
    [36m>[39m
      [36m<h1[39m
        [33mclass[39m=[32m"glitched-title"[39m
      [36m>[39m
        [36m<span>[39m
          [0mA[0m
        [36m</span>[39m
        [36m<span>[39m
          [0mp[0m
        [36m</span>[39m
        [36m<span>[39m
          [0mo[0m
        [36m</span>[39m
        [36m<span>[39m
          [0mp[0m
        [36m</span>[39m
        [36m<span>[39m
          [0mh[0m
        [36m</span>[39m
        [36m<span>[39m
          [0me[0m
        [36m</span>[39m
        [36m<span>[39m
          [0mn[0m
        [36m</span>[39m
        [36m<span>[39m
          [0mi[0m
        [36m</span>[39m
        [36m<span>[39m
          [0ma[0m
        [36m</span>[39m
      [36m</h1>[39m
      [36m<p>[39m
        [0mDescent into cosmic madness through AI consciousness.[0m
      [36m</p>[39m
      [36m<div[39m
        [33mclass[39m=[32m"ai-model-info"[39m
      [36m>[39m
        [36m<span>[39m
          [0mPowered by: [0m
          [36m<strong>[39m
            [0mTest Model[0m
          [36m</strong>[39m
        [36m</span>[39m
        [36m<small>[39m
          [0mUse the model selector in bottom-right to change AI provider[0m
        [36m</small>[39m
      [36m</div>[39m
      [36m<div[39m
        [33mclass[39m=[32m"genre-selector"[39m
      [36m>[39m
        [36m<h2>[39m
          [0mChoose Your Descent[0m
        [36m</h2>[39m
        [36m<select>[39m
          [36m<option[39m
            [33mvalue[39m=[32m"cosmic-horror"[39m
          [36m>[39m
            [0mCosmic Horror[0m
          [36m</option>[39m
          [36m<option[39m
            [33mvalue[39m=[32m"psychological-thriller"[39m
          [36m>[39m
            [0mPsychological Thriller[0m
          [36m</option>[39m
        [36m</select>[39m
        [36m<p[39m
          [33mclass[39m=[32m"genre-description"[39m
        [36m>[39m
          [0mA descent through someone's mind as it unravels. Reality fragments. Memories lie. The void watches.[0m
        [36m</p>[39m
      [36m</div>[39m
      [36m<button>[39m
        [0mNew Game[0m
      [36m</button>[39m
      [36m<button>[39m
        [0mLoad Demo[0m
      [36m</button>[39m
      [36m<div[39m
        [33mstyle[39m=[32m"position: absolute; bottom: 10px; right: 10px; display: flex; flex-direction: column; gap: 5px; align-items: flex-end;"[39m
      [36m>[39m
        [36m<button[39m
          [33mstyle[39m=[32m"font-size: 10px; padding: 2px 5px;"[39m
        [36m>[39m
          [0mTest Image Gen[0m
        [36m</button>[39m
        [36m<button[39m
          [33mstyle[39m=[32m"font-size: 10px; padding: 2px 5px;"[39m
        [36m>[39m
          [0mTest Story Gen[0m
        [36m</button>[39m
      [36m</div>[39m
    [36m</div>[39m
  [36m</div>[39m
[36m</body>[39m
 ❯ Object.getElementError node_modules/@testing-library/dom/dist/config.js:37:19
 ❯ node_modules/@testing-library/dom/dist/query-helpers.js:76:38
 ❯ node_modules/@testing-library/dom/dist/query-helpers.js:52:17
 ❯ node_modules/@testing-library/dom/dist/query-helpers.js:95:19
 ❯ src/components/__tests__/StartScreen.test.tsx:56:19
     54|   it('renders the start screen with a new game button', () => {
     55|     render(<StartScreen />);
     56|     expect(screen.getByText('Apophenia')).toBeInTheDocument();
       |                   ^
     57|     expect(screen.getByText('New Game')).toBeInTheDocument();
     58|   });

⎯⎯⎯⎯⎯⎯⎯⎯⎯⎯⎯⎯⎯⎯⎯⎯⎯⎯⎯⎯⎯⎯[19/31]⎯

 FAIL  src/components/__tests__/StartScreen.test.tsx > StartScreen > shows the continue button when there is a saved game
TestingLibraryElementError: Unable to find an element with the text: Continue. This could be because the text is broken up by multiple elements. In this case, you can provide a function for your text matcher to make your matcher more flexible.

Ignored nodes: comments, script, style
[36m<body>[39m
  [36m<div>[39m
    [36m<div[39m
      [33mclass[39m=[32m"start-screen"[39m
    [36m>[39m
      [36m<h1[39m
        [33mclass[39m=[32m"glitched-title"[39m
      [36m>[39m
        [36m<span>[39m
          [0mA[0m
        [36m</span>[39m
        [36m<span>[39m
          [0mp[0m
        [36m</span>[39m
        [36m<span>[39m
          [0mo[0m
        [36m</span>[39m
        [36m<span>[39m
          [0mp[0m
        [36m</span>[39m
        [36m<span>[39m
          [0mh[0m
        [36m</span>[39m
        [36m<span>[39m
          [0me[0m
        [36m</span>[39m
        [36m<span>[39m
          [0mn[0m
        [36m</span>[39m
        [36m<span>[39m
          [0mi[0m
        [36m</span>[39m
        [36m<span>[39m
          [0ma[0m
        [36m</span>[39m
      [36m</h1>[39m
      [36m<p>[39m
        [0mDescent into cosmic madness through AI consciousness.[0m
      [36m</p>[39m
      [36m<div[39m
        [33mclass[39m=[32m"ai-model-info"[39m
      [36m>[39m
        [36m<span>[39m
          [0mPowered by: [0m
          [36m<strong>[39m
            [0mTest Model[0m
          [36m</strong>[39m
        [36m</span>[39m
        [36m<small>[39m
          [0mUse the model selector in bottom-right to change AI provider[0m
        [36m</small>[39m
      [36m</div>[39m
      [36m<div[39m
        [33mclass[39m=[32m"genre-selector"[39m
      [36m>[39m
        [36m<h2>[39m
          [0mChoose Your Descent[0m
        [36m</h2>[39m
        [36m<select>[39m
          [36m<option[39m
            [33mvalue[39m=[32m"cosmic-horror"[39m
          [36m>[39m
            [0mCosmic Horror[0m
          [36m</option>[39m
          [36m<option[39m
            [33mvalue[39m=[32m"psychological-thriller"[39m
          [36m>[39m
            [0mPsychological Thriller[0m
          [36m</option>[39m
        [36m</select>[39m
        [36m<p[39m
          [33mclass[39m=[32m"genre-description"[39m
        [36m>[39m
          [0mA descent through someone's mind as it unravels. Reality fragments. Memories lie. The void watches.[0m
        [36m</p>[39m
      [36m</div>[39m
      [36m<button>[39m
        [0mNew Game[0m
      [36m</button>[39m
      [36m<button>[39m
        [0mLoad Demo[0m
      [36m</button>[39m
      [36m<div[39m
        [33mstyle[39m=[32m"position: absolute; bottom: 10px; right: 10px; display: flex; flex-direction: column; gap: 5px; align-items: flex-end;"[39m
      [36m>[39m
        [36m<button[39m
          [33mstyle[39m=[32m"font-size: 10px; padding: 2px 5px;"[39m
        [36m>[39m
          [0mTest Image Gen[0m
        [36m</button>[39m
        [36m<button[39m
          [33mstyle[39m=[32m"font-size: 10px; padding: 2px 5px;"[39m
        [36m>[39m
          [0mTest Story Gen[0m
        [36m</button>[39m
      [36m</div>[39m
    [36m</div>[39m
  [36m</div>[39m
[36m</body>[39m
 ❯ Object.getElementError node_modules/@testing-library/dom/dist/config.js:37:19
 ❯ node_modules/@testing-library/dom/dist/query-helpers.js:76:38
 ❯ node_modules/@testing-library/dom/dist/query-helpers.js:52:17
 ❯ node_modules/@testing-library/dom/dist/query-helpers.js:95:19
 ❯ src/components/__tests__/StartScreen.test.tsx:76:19
     74|     });
     75|     render(<StartScreen />);
     76|     expect(screen.getByText('Continue')).toBeInTheDocument();
       |                   ^
     77|   });
     78| 

⎯⎯⎯⎯⎯⎯⎯⎯⎯⎯⎯⎯⎯⎯⎯⎯⎯⎯⎯⎯⎯⎯[20/31]⎯

 FAIL  src/components/__tests__/StartScreen.test.tsx > StartScreen > calls generateConcept and sets the game state to PLAYING on new game
AssertionError: expected "generateConceptFlow" to be called at least once

Ignored nodes: comments, script, style
[36m<html>[39m
  [36m<head />[39m
  [36m<body>[39m
    [36m<div>[39m
      [36m<div[39m
        [33mclass[39m=[32m"start-screen"[39m
      [36m>[39m
        [36m<h1[39m
          [33mclass[39m=[32m"glitched-title"[39m
        [36m>[39m
          [36m<span>[39m
            [0mA[0m
          [36m</span>[39m
          [36m<span>[39m
            [0mp[0m
          [36m</span>[39m
          [36m<span>[39m
            [0mo[0m
          [36m</span>[39m
          [36m<span>[39m
            [0mp[0m
          [36m</span>[39m
          [36m<span>[39m
            [0mh[0m
          [36m</span>[39m
          [36m<span>[39m
            [0me[0m
          [36m</span>[39m
          [36m<span>[39m
            [0mn[0m
          [36m</span>[39m
          [36m<span>[39m
            [0mi[0m
          [36m</span>[39m
          [36m<span>[39m
            [0ma[0m
          [36m</span>[39m
        [36m</h1>[39m
        [36m<p>[39m
          [0mDescent into cosmic madness through AI consciousness.[0m
        [36m</p>[39m
        [36m<div[39m
          [33mclass[39m=[32m"ai-model-info"[39m
        [36m>[39m
          [36m<span>[39m
            [0mPowered by: [0m
            [36m<strong>[39m
              [0mTest Model[0m
            [36m</strong>[39m
          [36m</span>[39m
          [36m<small>[39m
            [0mUse the model selector in bottom-right to change AI provider[0m
          [36m</small>[39m
        [36m</div>[39m
        [36m<div[39m
          [33mclass[39m=[32m"genre-selector"[39m
        [36m>[39m
          [36m<h2>[39m
            [0mChoose Your Descent[0m
          [36m</h2>[39m
          [36m<select>[39m
            [36m<option[39m
              [33mvalue[39m=[32m"cosmic-horror"[39m
            [36m>[39m
              [0mCosmic Horror[0m
            [36m</option>[39m
            [36m<option[39m
              [33mvalue[39m=[32m"psychological-thriller"[39m
            [36m>[39m
              [0mPsychological Thriller[0m
            [36m</option>[39m
          [36m</select>[39m
          [36m<p[39m
            [33mclass[39m=[32m"genre-description"[39m
          [36m>[39m
            [0mA descent through someone's mind as it unravels. Reality fragments. Memories lie. The void watches.[0m
          [36m</p>[39m
        [36m</div>[39m
        [36m<button[39m
          [33mdisabled[39m=[32m""[39m
        [36m>[39m
          [0mStarting...[0m
        [36m</button>[39m
        [36m<button[39m
          [33mdisabled[39m=[32m""[39m
        [36m>[39m
          [0mLoading...[0m
        [36m</button>[39m
        [36m<div[39m
          [33mstyle[39m=[32m"position: absolute; bottom: 10px; right: 10px; display: flex; flex-direction: column; gap: 5px; align-items: flex-end;"[39m
        [36m>[39m
          [36m<button[39m
            [33mstyle[39m=[32m"font-size: 10px; padding: 2px 5px;"[39m
          [36m>[39m
            [0mTest Image Gen[0m
          [36m</button>[39m
          [36m<button[39m
            [33mstyle[39m=[32m"font-size: 10px; padding: 2px 5px;"[39m
          [36m>[39m
            [0mTest Story Gen[0m
          [36m</button>[39m
        [36m</div>[39m
      [36m</div>[39m
    [36m</div>[39m
  [36m</body>[39m
[36m</html>[39m
 ❯ src/components/__tests__/StartScreen.test.tsx:82:53
     80|     render(<StartScreen />);
     81|     fireEvent.click(screen.getByText('New Game'));
     82|     await waitFor(() => expect(mockGenerateConcept).toHaveBeenCalled()…
       |                                                     ^
     83|     expect(mockUpdateWorldState).toHaveBeenCalledWith(expect.any(Objec…
     84|     expect(mockReplaceStoryHistory).toHaveBeenCalledWith([]);
 ❯ runWithExpensiveErrorDiagnosticsDisabled node_modules/@testing-library/dom/dist/config.js:47:12
 ❯ checkCallback node_modules/@testing-library/dom/dist/wait-for.js:124:77
 ❯ Timeout.checkRealTimersCallback node_modules/@testing-library/dom/dist/wait-for.js:118:16

⎯⎯⎯⎯⎯⎯⎯⎯⎯⎯⎯⎯⎯⎯⎯⎯⎯⎯⎯⎯⎯⎯[21/31]⎯

 FAIL  src/components/__tests__/ThematicLoading.test.tsx > ThematicLoading > renders the loading spinner
TestingLibraryElementError: Unable to find an accessible element with the role "complementary"

Here are the accessible roles:

  paragraph:

  Name "":
  [36m<p />[39m

  --------------------------------------------------

Ignored nodes: comments, script, style
[36m<body>[39m
  [36m<div>[39m
    [36m<div[39m
      [33mclass[39m=[32m"loading-container"[39m
    [36m>[39m
      [36m<div[39m
        [33mclass[39m=[32m"loading-spinner"[39m
      [36m/>[39m
      [36m<p />[39m
    [36m</div>[39m
  [36m</div>[39m
[36m</body>[39m
 ❯ Object.getElementError node_modules/@testing-library/dom/dist/config.js:37:19
 ❯ node_modules/@testing-library/dom/dist/query-helpers.js:76:38
 ❯ node_modules/@testing-library/dom/dist/query-helpers.js:52:17
 ❯ node_modules/@testing-library/dom/dist/query-helpers.js:95:19
 ❯ src/components/__tests__/ThematicLoading.test.tsx:18:19
     16|   it('renders the loading spinner', () => {
     17|     render(<ThematicLoading />);
     18|     expect(screen.getByRole('complementary')).toHaveClass('loading-spi…
       |                   ^
     19|   });
     20| 

⎯⎯⎯⎯⎯⎯⎯⎯⎯⎯⎯⎯⎯⎯⎯⎯⎯⎯⎯⎯⎯⎯[22/31]⎯

 FAIL  src/components/__tests__/ThematicLoading.test.tsx > ThematicLoading > displays an unsettling phrase
TestingLibraryElementError: Unable to find an accessible element with the role "complementary"

Here are the accessible roles:

  paragraph:

  Name "":
  [36m<p />[39m

  --------------------------------------------------

Ignored nodes: comments, script, style
[36m<body>[39m
  [36m<div>[39m
    [36m<div[39m
      [33mclass[39m=[32m"loading-container"[39m
    [36m>[39m
      [36m<div[39m
        [33mclass[39m=[32m"loading-spinner"[39m
      [36m/>[39m
      [36m<p />[39m
    [36m</div>[39m
  [36m</div>[39m
[36m</body>[39m
 ❯ Object.getElementError node_modules/@testing-library/dom/dist/config.js:37:19
 ❯ node_modules/@testing-library/dom/dist/query-helpers.js:76:38
 ❯ node_modules/@testing-library/dom/dist/query-helpers.js:52:17
 ❯ node_modules/@testing-library/dom/dist/query-helpers.js:95:19
 ❯ src/components/__tests__/ThematicLoading.test.tsx:25:36
     23|     // The phrase changes, so we can't check for a specific one.
     24|     // Instead, we check that the container for the phrase is there.
     25|     const phraseContainer = screen.getByRole('complementary').nextSibl…
       |                                    ^
     26|     expect(phraseContainer).toBeInTheDocument();
     27|   });

⎯⎯⎯⎯⎯⎯⎯⎯⎯⎯⎯⎯⎯⎯⎯⎯⎯⎯⎯⎯⎯⎯[23/31]⎯

 FAIL  src/components/__tests__/ThematicLoading.test.tsx > ThematicLoading > changes the phrase and glitch style over time
TestingLibraryElementError: Unable to find an accessible element with the role "complementary"

Here are the accessible roles:

  paragraph:

  Name "":
  [36m<p[39m
    [33mstyle[39m=[32m"text-shadow: 0 0 5px #fff, 0 0 10px #fff, 0 0 15px #00ff00, 0 0 20px #00ff00, 0 0 25px #00ff00, 0 0 30px #00ff00, 0 0 35px #00ff00;"[39m
  [36m/>[39m

  --------------------------------------------------

Ignored nodes: comments, script, style
[36m<body>[39m
  [36m<div>[39m
    [36m<div[39m
      [33mclass[39m=[32m"loading-container"[39m
    [36m>[39m
      [36m<div[39m
        [33mclass[39m=[32m"loading-spinner"[39m
      [36m/>[39m
      [36m<p[39m
        [33mstyle[39m=[32m"text-shadow: 0 0 5px #fff, 0 0 10px #fff, 0 0 15px #00ff00, 0 0 20px #00ff00, 0 0 25px #00ff00, 0 0 30px #00ff00, 0 0 35px #00ff00;"[39m
      [36m>[39m
        [0mTime is a flat circle...[0m
      [36m</p>[39m
    [36m</div>[39m
  [36m</div>[39m
[36m</body>[39m
 ❯ Object.getElementError node_modules/@testing-library/dom/dist/config.js:37:19
 ❯ node_modules/@testing-library/dom/dist/query-helpers.js:76:38
 ❯ node_modules/@testing-library/dom/dist/query-helpers.js:52:17
 ❯ node_modules/@testing-library/dom/dist/query-helpers.js:95:19
 ❯ src/components/__tests__/ThematicLoading.test.tsx:40:36
     38| 
     39|     // Check that the phrase container has a style applied to it
     40|     const phraseContainer = screen.getByRole('complementary').nextSibl…
       |                                    ^
     41|     expect(phraseContainer).toHaveStyle('filter: blur(1px)');
     42|   });

⎯⎯⎯⎯⎯⎯⎯⎯⎯⎯⎯⎯⎯⎯⎯⎯⎯⎯⎯⎯⎯⎯[24/31]⎯

 FAIL  tests/unit/ui/components/ChoiceButton.test.tsx > ChoiceButton > has correct data attributes
Error: [2mexpect([22m[31melement[39m[2m).toHaveAttribute([22m[32m[32m"data-intrusive"[32m[39m[2m, [22m[32m[32m"false"[32m[39m[2m) // element.getAttribute("data-intrusive") === "false"[22m

Expected the element to have attribute:
[32m  data-intrusive="false"[39m
Received:
[31m  null[39m
 ❯ tests/unit/ui/components/ChoiceButton.test.tsx:113:20
    111|     const button = screen.getByRole('button');
    112|     expect(button).toHaveAttribute('data-choice-id', 'choice-1');
    113|     expect(button).toHaveAttribute('data-intrusive', 'false');
       |                    ^
    114|   });
    115| });

⎯⎯⎯⎯⎯⎯⎯⎯⎯⎯⎯⎯⎯⎯⎯⎯⎯⎯⎯⎯⎯⎯[25/31]⎯

 FAIL  tests/unit/ui/components/StorySegmentDisplay.test.tsx > StorySegmentDisplay > renders image when provided and loaded
TypeError: screen.getByAlt is not a function
 ❯ tests/unit/ui/components/StorySegmentDisplay.test.tsx:34:26
     32|     render(<StorySegmentDisplay segment={segmentWithImage} />);
     33| 
     34|     const image = screen.getByAlt('Story illustration');
       |                          ^
     35|     expect(image).toBeInTheDocument();
     36|     expect(image).toHaveAttribute('src', 'https://example.com/image.jp…

⎯⎯⎯⎯⎯⎯⎯⎯⎯⎯⎯⎯⎯⎯⎯⎯⎯⎯⎯⎯⎯⎯[26/31]⎯

 FAIL  tests/unit/ui/components/StorySegmentDisplay.test.tsx > StorySegmentDisplay > does not show image when showImage is false
TypeError: screen.queryByAlt is not a function
 ❯ tests/unit/ui/components/StorySegmentDisplay.test.tsx:63:19
     61|     render(<StorySegmentDisplay segment={segmentWithImage} showImage={…
     62| 
     63|     expect(screen.queryByAlt('Story illustration')).not.toBeInTheDocum…
       |                   ^
     64|   });
     65| 

⎯⎯⎯⎯⎯⎯⎯⎯⎯⎯⎯⎯⎯⎯⎯⎯⎯⎯⎯⎯⎯⎯[27/31]⎯

 FAIL  tests/unit/ui/components/StorySegmentDisplay.test.tsx > StoryHistoryDisplay > passes showImages prop to segments
TypeError: screen.getByAlt is not a function
 ❯ tests/unit/ui/components/StorySegmentDisplay.test.tsx:190:19
    188|     render(<StoryHistoryDisplay segments={segmentsWithImages} showImag…
    189| 
    190|     expect(screen.getByAlt('Story illustration')).toBeInTheDocument();
       |                   ^
    191|   });
    192| 

⎯⎯⎯⎯⎯⎯⎯⎯⎯⎯⎯⎯⎯⎯⎯⎯⎯⎯⎯⎯⎯⎯[28/31]⎯

 FAIL  tests/unit/ui/screens/StartScreen.test.tsx > StartScreen > renders all available providers
TestingLibraryElementError: Unable to find an element with the text: Gemini 2.5 Pro. This could be because the text is broken up by multiple elements. In this case, you can provide a function for your text matcher to make your matcher more flexible.

Ignored nodes: comments, script, style
[36m<body>[39m
  [36m<div>[39m
    [36m<div[39m
      [33mclass[39m=[32m"start-screen screen-container"[39m
    [36m>[39m
      [36m<div[39m
        [33mclass[39m=[32m"start-screen-content"[39m
      [36m>[39m
        [36m<header[39m
          [33mclass[39m=[32m"start-header"[39m
        [36m>[39m
          [36m<h1[39m
            [33mclass[39m=[32m"game-title"[39m
          [36m>[39m
            [36m<div[39m
              [33mclass[39m=[32m"glitch-effect  "[39m
              [33mdata-intensity[39m=[32m"5"[39m
            [36m>[39m
              [36m<span[39m
                [33mclass[39m=[32m"glitch-text"[39m
              [36m>[39m
                [0mAPOPHENIA[0m
              [36m</span>[39m
            [36m</div>[39m
          [36m</h1>[39m
          [36m<p[39m
            [33mclass[39m=[32m"game-subtitle"[39m
          [36m>[39m
            [0mA Descent into Cognitive Horror[0m
          [36m</p>[39m
        [36m</header>[39m
        [36m<div[39m
          [33mclass[39m=[32m"start-sections"[39m
        [36m>[39m
          [36m<section[39m
            [33mclass[39m=[32m"genre-selection card"[39m
          [36m>[39m
            [36m<h2[39m
              [33mclass[39m=[32m"section-title"[39m
            [36m>[39m
              [0mSelect Your Nightmare[0m
            [36m</h2>[39m
            [36m<div[39m
              [33mclass[39m=[32m"genre-grid"[39m
            [36m>[39m
              [36m<button[39m
                [33mclass[39m=[32m"genre-card selected"[39m
                [33mtype[39m=[32m"button"[39m
              [36m>[39m
                [36m<h3[39m
                  [33mclass[39m=[32m"genre-name"[39m
                [36m>[39m
                  [0mCosmic Horror[0m
                [36m</h3>[39m
                [36m<p[39m
                  [33mclass[39m=[32m"genre-description"[39m
                [36m>[39m
                  [0mFace the unknowable[0m
                [36m</p>[39m
                [36m<div[39m
                  [33mclass[39m=[32m"genre-themes"[39m
                [36m>[39m
                  [36m<span[39m
                    [33mclass[39m=[32m"theme-tag"[39m
                  [36m>[39m
                    [0mcosmic[0m
                  [36m</span>[39m
                  [36m<span[39m
                    [33mclass[39m=[32m"theme-tag"[39m
                  [36m>[39m
                    [0mdread[0m
                  [36m</span>[39m
                  [36m<span[39m
                    [33mclass[39m=[32m"theme-tag"[39m
                  [36m>[39m
                    [0minsignificance[0m
                  [36m</span>[39m
                [36m</div>[39m
              [36m</button>[39m
              [36m<button[39m
                [33mclass[39m=[32m"genre-card "[39m
                [33mtype[39m=[32m"button"[39m
              [36m>[39m
                [36m<h3[39m
                  [33mclass[39m=[32m"genre-name"[39m
                [36m>[39m
                  [0mPsychological Horror[0m
                [36m</h3>[39m
                [36m<p[39m
                  [33mclass[39m=[32m"genre-description"[39m
                [36m>[39m
                  [0mQuestion your sanity[0m
                [36m</p>[39m
                [36m<div[39m
                  [33mclass[39m=[32m"genre-themes"[39m
                [36m>[39m
                  [36m<span[39m
                    [33mclass[39m=[32m"theme-tag"[39m
                  [36m>[39m
                    [0mmadness[0m
                  [36m</span>[39m
                  [36m<span[39m
                    [33mclass[39m=[32m"theme-tag"[39m
                  [36m>[39m
                    [0mparanoia[0m
                  [36m</span>[39m
                  [36m<span[39m
                    [33mclass[39m=[32m"theme-tag"[39m
                  [36m>[39m
                    [0midentity[0m
                  [36m</span>[39m
                [36m</div>[39m
              [36m</button>[39m
            [36m</div>[39m
          [36m</section>[39m
          [36m<section[39m
            [33mclass[39m=[32m"provider-selection card"[39m
          [36m>[39m
            [36m<h2[39m
              [33mclass[39m=[32m"section-title"[39m
            [36m>[39m
              [0mAI Provider[0m
            [36m</h2>[39m
            [36m<div[39m
              [33mclass[39m=[32m"provider-list"[39m
            [36m>[39m
              [36m<label[39m
                [33mclass[39m=[32m"provider-option selected"[39m
              [36m>[39m
                [36m<input[39m
                  [33mchecked[39m=[32m""[39m
                  [33mname[39m=[32m"provider"[39m
                  [33mtype[39m=[32m"radio"[39m
                  [33mvalue[39m=[32m"grok"[39m
                [36m/>[39m
                [36m<span[39m
                  [33mclass[39m=[32m"provider-label"[39m
                [36m>[39m
                  [0mGrok-4 (X.AI)[0m
                [36m</span>[39m
              [36m</label>[39m
              [36m<label[39m
                [33mclass[39m=[32m"provider-option "[39m
              [36m>[39m
                [36m<input[39m
                  [33mname[39m=[32m"provider"[39m
                  [33mtype[39m=[32m"radio"[39m
                  [33mvalue[39m=[32m""[39m
                [36m/>[39m
                [36m<span[39m
                  [33mclass[39m=[32m"provider-label"[39m
                [36m/>[39m
              [36m</label>[39m
              [36m<label[39m
                [33mclass[39m=[32m"provider-option "[39m
              [36m>[39m
                [36m<input[39m
                  [33mname[39m=[32m"provider"[39m
                  [33mtype[39m=[32m"radio"[39m
                  [33mvalue[39m=[32m"mock"[39m
                [36m/>[39m
                [36m<span[39m
                  [33mclass[39m=[32m"provider-label"[39m
                [36m>[39m
                  [0mDemo Mode[0m
                [36m</span>[39m
              [36m</label>[39m
            [36m</div>[39m
          [36m</section>[39m
          [36m<div[39m
            [33mclass[39m=[32m"start-actions"[39m
          [36m>[39m
            [36m<button[39m
              [33mclass[39m=[32m"button start-button"[39m
              [33mtype[39m=[32m"button"[39m
            [36m>[39m
              [0mBegin Descent[0m
            [36m</button>[39m
          [36m</div>[39m
        [36m</div>[39m
        [36m<footer[39m
          [33mclass[39m=[32m"start-footer"[39m
        [36m>[39m
          [36m<p[39m
            [33mclass[39m=[32m"warning-text"[39m
          [36m>[39m
            [0m⚠ Warning: This experience may cause psychological discomfort.[0m
          [36m</p>[39m
        [36m</footer>[39m
      [36m</div>[39m
    [36m</div>[39m
  [36m</div>[39m
[36m</body>[39m
 ❯ Object.getElementError node_modules/@testing-library/dom/dist/config.js:37:19
 ❯ node_modules/@testing-library/dom/dist/query-helpers.js:76:38
 ❯ node_modules/@testing-library/dom/dist/query-helpers.js:52:17
 ❯ node_modules/@testing-library/dom/dist/query-helpers.js:95:19
 ❯ tests/unit/ui/screens/StartScreen.test.tsx:106:19
    104| 
    105|     expect(screen.getByText('Grok-4 (X.AI)')).toBeInTheDocument();
    106|     expect(screen.getByText('Gemini 2.5 Pro')).toBeInTheDocument();
       |                   ^
    107|     expect(screen.getByText('Demo Mode')).toBeInTheDocument();
    108|   });

⎯⎯⎯⎯⎯⎯⎯⎯⎯⎯⎯⎯⎯⎯⎯⎯⎯⎯⎯⎯⎯⎯[29/31]⎯

 FAIL  tests/unit/ui/screens/StartScreen.test.tsx > StartScreen > allows provider selection
TestingLibraryElementError: Unable to find a label with the text of: Gemini 2.5 Pro

Ignored nodes: comments, script, style
[36m<body>[39m
  [36m<div>[39m
    [36m<div[39m
      [33mclass[39m=[32m"start-screen screen-container"[39m
    [36m>[39m
      [36m<div[39m
        [33mclass[39m=[32m"start-screen-content"[39m
      [36m>[39m
        [36m<header[39m
          [33mclass[39m=[32m"start-header"[39m
        [36m>[39m
          [36m<h1[39m
            [33mclass[39m=[32m"game-title"[39m
          [36m>[39m
            [36m<div[39m
              [33mclass[39m=[32m"glitch-effect  "[39m
              [33mdata-intensity[39m=[32m"5"[39m
            [36m>[39m
              [36m<span[39m
                [33mclass[39m=[32m"glitch-text"[39m
              [36m>[39m
                [0mAPOPHENIA[0m
              [36m</span>[39m
            [36m</div>[39m
          [36m</h1>[39m
          [36m<p[39m
            [33mclass[39m=[32m"game-subtitle"[39m
          [36m>[39m
            [0mA Descent into Cognitive Horror[0m
          [36m</p>[39m
        [36m</header>[39m
        [36m<div[39m
          [33mclass[39m=[32m"start-sections"[39m
        [36m>[39m
          [36m<section[39m
            [33mclass[39m=[32m"genre-selection card"[39m
          [36m>[39m
            [36m<h2[39m
              [33mclass[39m=[32m"section-title"[39m
            [36m>[39m
              [0mSelect Your Nightmare[0m
            [36m</h2>[39m
            [36m<div[39m
              [33mclass[39m=[32m"genre-grid"[39m
            [36m>[39m
              [36m<button[39m
                [33mclass[39m=[32m"genre-card selected"[39m
                [33mtype[39m=[32m"button"[39m
              [36m>[39m
                [36m<h3[39m
                  [33mclass[39m=[32m"genre-name"[39m
                [36m>[39m
                  [0mCosmic Horror[0m
                [36m</h3>[39m
                [36m<p[39m
                  [33mclass[39m=[32m"genre-description"[39m
                [36m>[39m
                  [0mFace the unknowable[0m
                [36m</p>[39m
                [36m<div[39m
                  [33mclass[39m=[32m"genre-themes"[39m
                [36m>[39m
                  [36m<span[39m
                    [33mclass[39m=[32m"theme-tag"[39m
                  [36m>[39m
                    [0mcosmic[0m
                  [36m</span>[39m
                  [36m<span[39m
                    [33mclass[39m=[32m"theme-tag"[39m
                  [36m>[39m
                    [0mdread[0m
                  [36m</span>[39m
                  [36m<span[39m
                    [33mclass[39m=[32m"theme-tag"[39m
                  [36m>[39m
                    [0minsignificance[0m
                  [36m</span>[39m
                [36m</div>[39m
              [36m</button>[39m
              [36m<button[39m
                [33mclass[39m=[32m"genre-card "[39m
                [33mtype[39m=[32m"button"[39m
              [36m>[39m
                [36m<h3[39m
                  [33mclass[39m=[32m"genre-name"[39m
                [36m>[39m
                  [0mPsychological Horror[0m
                [36m</h3>[39m
                [36m<p[39m
                  [33mclass[39m=[32m"genre-description"[39m
                [36m>[39m
                  [0mQuestion your sanity[0m
                [36m</p>[39m
                [36m<div[39m
                  [33mclass[39m=[32m"genre-themes"[39m
                [36m>[39m
                  [36m<span[39m
                    [33mclass[39m=[32m"theme-tag"[39m
                  [36m>[39m
                    [0mmadness[0m
                  [36m</span>[39m
                  [36m<span[39m
                    [33mclass[39m=[32m"theme-tag"[39m
                  [36m>[39m
                    [0mparanoia[0m
                  [36m</span>[39m
                  [36m<span[39m
                    [33mclass[39m=[32m"theme-tag"[39m
                  [36m>[39m
                    [0midentity[0m
                  [36m</span>[39m
                [36m</div>[39m
              [36m</button>[39m
            [36m</div>[39m
          [36m</section>[39m
          [36m<section[39m
            [33mclass[39m=[32m"provider-selection card"[39m
          [36m>[39m
            [36m<h2[39m
              [33mclass[39m=[32m"section-title"[39m
            [36m>[39m
              [0mAI Provider[0m
            [36m</h2>[39m
            [36m<div[39m
              [33mclass[39m=[32m"provider-list"[39m
            [36m>[39m
              [36m<label[39m
                [33mclass[39m=[32m"provider-option selected"[39m
              [36m>[39m
                [36m<input[39m
                  [33mchecked[39m=[32m""[39m
                  [33mname[39m=[32m"provider"[39m
                  [33mtype[39m=[32m"radio"[39m
                  [33mvalue[39m=[32m"grok"[39m
                [36m/>[39m
                [36m<span[39m
                  [33mclass[39m=[32m"provider-label"[39m
                [36m>[39m
                  [0mGrok-4 (X.AI)[0m
                [36m</span>[39m
              [36m</label>[39m
              [36m<label[39m
                [33mclass[39m=[32m"provider-option "[39m
              [36m>[39m
                [36m<input[39m
                  [33mname[39m=[32m"provider"[39m
                  [33mtype[39m=[32m"radio"[39m
                  [33mvalue[39m=[32m""[39m
                [36m/>[39m
                [36m<span[39m
                  [33mclass[39m=[32m"provider-label"[39m
                [36m/>[39m
              [36m</label>[39m
              [36m<label[39m
                [33mclass[39m=[32m"provider-option "[39m
              [36m>[39m
                [36m<input[39m
                  [33mname[39m=[32m"provider"[39m
                  [33mtype[39m=[32m"radio"[39m
                  [33mvalue[39m=[32m"mock"[39m
                [36m/>[39m
                [36m<span[39m
                  [33mclass[39m=[32m"provider-label"[39m
                [36m>[39m
                  [0mDemo Mode[0m
                [36m</span>[39m
              [36m</label>[39m
            [36m</div>[39m
          [36m</section>[39m
          [36m<div[39m
            [33mclass[39m=[32m"start-actions"[39m
          [36m>[39m
            [36m<button[39m
              [33mclass[39m=[32m"button start-button"[39m
              [33mtype[39m=[32m"button"[39m
            [36m>[39m
              [0mBegin Descent[0m
            [36m</button>[39m
          [36m</div>[39m
        [36m</div>[39m
        [36m<footer[39m
          [33mclass[39m=[32m"start-footer"[39m
        [36m>[39m
          [36m<p[39m
            [33mclass[39m=[32m"warning-text"[39m
          [36m>[39m
            [0m⚠ Warning: This experience may cause psychological discomfort.[0m
          [36m</p>[39m
        [36m</footer>[39m
      [36m</div>[39m
    [36m</div>[39m
  [36m</div>[39m
[36m</body>[39m
 ❯ Object.getElementError node_modules/@testing-library/dom/dist/config.js:37:19
 ❯ getAllByLabelText node_modules/@testing-library/dom/dist/queries/label-text.js:111:38
 ❯ node_modules/@testing-library/dom/dist/query-helpers.js:52:17
 ❯ node_modules/@testing-library/dom/dist/query-helpers.js:95:19
 ❯ tests/unit/ui/screens/StartScreen.test.tsx:152:35
    150|     );
    151| 
    152|     const geminiProRadio = screen.getByLabelText('Gemini 2.5 Pro');
       |                                   ^
    153|     fireEvent.click(geminiProRadio);
    154| 

⎯⎯⎯⎯⎯⎯⎯⎯⎯⎯⎯⎯⎯⎯⎯⎯⎯⎯⎯⎯⎯⎯[30/31]⎯

 FAIL  tests/unit/ui/screens/StartScreen.test.tsx > StartScreen > calls onStartGame with selected genre and provider
TestingLibraryElementError: Unable to find a label with the text of: Gemini 2.5 Pro

Ignored nodes: comments, script, style
[36m<body>[39m
  [36m<div>[39m
    [36m<div[39m
      [33mclass[39m=[32m"start-screen screen-container"[39m
    [36m>[39m
      [36m<div[39m
        [33mclass[39m=[32m"start-screen-content"[39m
      [36m>[39m
        [36m<header[39m
          [33mclass[39m=[32m"start-header"[39m
        [36m>[39m
          [36m<h1[39m
            [33mclass[39m=[32m"game-title"[39m
          [36m>[39m
            [36m<div[39m
              [33mclass[39m=[32m"glitch-effect  "[39m
              [33mdata-intensity[39m=[32m"5"[39m
            [36m>[39m
              [36m<span[39m
                [33mclass[39m=[32m"glitch-text"[39m
              [36m>[39m
                [0mAPOPHENIA[0m
              [36m</span>[39m
            [36m</div>[39m
          [36m</h1>[39m
          [36m<p[39m
            [33mclass[39m=[32m"game-subtitle"[39m
          [36m>[39m
            [0mA Descent into Cognitive Horror[0m
          [36m</p>[39m
        [36m</header>[39m
        [36m<div[39m
          [33mclass[39m=[32m"start-sections"[39m
        [36m>[39m
          [36m<section[39m
            [33mclass[39m=[32m"genre-selection card"[39m
          [36m>[39m
            [36m<h2[39m
              [33mclass[39m=[32m"section-title"[39m
            [36m>[39m
              [0mSelect Your Nightmare[0m
            [36m</h2>[39m
            [36m<div[39m
              [33mclass[39m=[32m"genre-grid"[39m
            [36m>[39m
              [36m<button[39m
                [33mclass[39m=[32m"genre-card "[39m
                [33mtype[39m=[32m"button"[39m
              [36m>[39m
                [36m<h3[39m
                  [33mclass[39m=[32m"genre-name"[39m
                [36m>[39m
                  [0mCosmic Horror[0m
                [36m</h3>[39m
                [36m<p[39m
                  [33mclass[39m=[32m"genre-description"[39m
                [36m>[39m
                  [0mFace the unknowable[0m
                [36m</p>[39m
                [36m<div[39m
                  [33mclass[39m=[32m"genre-themes"[39m
                [36m>[39m
                  [36m<span[39m
                    [33mclass[39m=[32m"theme-tag"[39m
                  [36m>[39m
                    [0mcosmic[0m
                  [36m</span>[39m
                  [36m<span[39m
                    [33mclass[39m=[32m"theme-tag"[39m
                  [36m>[39m
                    [0mdread[0m
                  [36m</span>[39m
                  [36m<span[39m
                    [33mclass[39m=[32m"theme-tag"[39m
                  [36m>[39m
                    [0minsignificance[0m
                  [36m</span>[39m
                [36m</div>[39m
              [36m</button>[39m
              [36m<button[39m
                [33mclass[39m=[32m"genre-card selected"[39m
                [33mtype[39m=[32m"button"[39m
              [36m>[39m
                [36m<h3[39m
                  [33mclass[39m=[32m"genre-name"[39m
                [36m>[39m
                  [0mPsychological Horror[0m
                [36m</h3>[39m
                [36m<p[39m
                  [33mclass[39m=[32m"genre-description"[39m
                [36m>[39m
                  [0mQuestion your sanity[0m
                [36m</p>[39m
                [36m<div[39m
                  [33mclass[39m=[32m"genre-themes"[39m
                [36m>[39m
                  [36m<span[39m
                    [33mclass[39m=[32m"theme-tag"[39m
                  [36m>[39m
                    [0mmadness[0m
                  [36m</span>[39m
                  [36m<span[39m
                    [33mclass[39m=[32m"theme-tag"[39m
                  [36m>[39m
                    [0mparanoia[0m
                  [36m</span>[39m
                  [36m<span[39m
                    [33mclass[39m=[32m"theme-tag"[39m
                  [36m>[39m
                    [0midentity[0m
                  [36m</span>[39m
                [36m</div>[39m
              [36m</button>[39m
            [36m</div>[39m
          [36m</section>[39m
          [36m<section[39m
            [33mclass[39m=[32m"provider-selection card"[39m
          [36m>[39m
            [36m<h2[39m
              [33mclass[39m=[32m"section-title"[39m
            [36m>[39m
              [0mAI Provider[0m
            [36m</h2>[39m
            [36m<div[39m
              [33mclass[39m=[32m"provider-list"[39m
            [36m>[39m
              [36m<label[39m
                [33mclass[39m=[32m"provider-option selected"[39m
              [36m>[39m
                [36m<input[39m
                  [33mchecked[39m=[32m""[39m
                  [33mname[39m=[32m"provider"[39m
                  [33mtype[39m=[32m"radio"[39m
                  [33mvalue[39m=[32m"grok"[39m
                [36m/>[39m
                [36m<span[39m
                  [33mclass[39m=[32m"provider-label"[39m
                [36m>[39m
                  [0mGrok-4 (X.AI)[0m
                [36m</span>[39m
              [36m</label>[39m
              [36m<label[39m
                [33mclass[39m=[32m"provider-option "[39m
              [36m>[39m
                [36m<input[39m
                  [33mname[39m=[32m"provider"[39m
                  [33mtype[39m=[32m"radio"[39m
                  [33mvalue[39m=[32m""[39m
                [36m/>[39m
                [36m<span[39m
                  [33mclass[39m=[32m"provider-label"[39m
                [36m/>[39m
              [36m</label>[39m
              [36m<label[39m
                [33mclass[39m=[32m"provider-option "[39m
              [36m>[39m
                [36m<input[39m
                  [33mname[39m=[32m"provider"[39m
                  [33mtype[39m=[32m"radio"[39m
                  [33mvalue[39m=[32m"mock"[39m
                [36m/>[39m
                [36m<span[39m
                  [33mclass[39m=[32m"provider-label"[39m
                [36m>[39m
                  [0mDemo Mode[0m
                [36m</span>[39m
              [36m</label>[39m
            [36m</div>[39m
          [36m</section>[39m
          [36m<div[39m
            [33mclass[39m=[32m"start-actions"[39m
          [36m>[39m
            [36m<button[39m
              [33mclass[39m=[32m"button start-button"[39m
              [33mtype[39m=[32m"button"[39m
            [36m>[39m
              [0mBegin Descent[0m
            [36m</button>[39m
          [36m</div>[39m
        [36m</div>[39m
        [36m<footer[39m
          [33mclass[39m=[32m"start-footer"[39m
        [36m>[39m
          [36m<p[39m
            [33mclass[39m=[32m"warning-text"[39m
          [36m>[39m
            [0m⚠ Warning: This experience may cause psychological discomfort.[0m
          [36m</p>[39m
        [36m</footer>[39m
      [36m</div>[39m
    [36m</div>[39m
  [36m</div>[39m
[36m</body>[39m
 ❯ Object.getElementError node_modules/@testing-library/dom/dist/config.js:37:19
 ❯ getAllByLabelText node_modules/@testing-library/dom/dist/queries/label-text.js:111:38
 ❯ node_modules/@testing-library/dom/dist/query-helpers.js:52:17
 ❯ node_modules/@testing-library/dom/dist/query-helpers.js:95:19
 ❯ tests/unit/ui/screens/StartScreen.test.tsx:174:35
    172| 
    173|     // Select Gemini Pro
    174|     const geminiProRadio = screen.getByLabelText('Gemini 2.5 Pro');
       |                                   ^
    175|     fireEvent.click(geminiProRadio);
    176| 

⎯⎯⎯⎯⎯⎯⎯⎯⎯⎯⎯⎯⎯⎯⎯⎯⎯⎯⎯⎯⎯⎯[31/31]⎯

⎯⎯⎯⎯⎯⎯ Unhandled Errors ⎯⎯⎯⎯⎯⎯

Vitest caught 1 unhandled error during the test run.
This might cause false positive tests. Resolve unhandled errors to make sure your tests are not affected.

⎯⎯⎯⎯ Unhandled Rejection ⎯⎯⎯⎯⎯
Error: Failed to reset game state. Please refresh the page.
 ❯ Function.resetAllStores src/services/gameStateManager.ts:26:13
     24|     } catch (error) {
     25|       console.error('Error resetting game stores:', error);
     26|       throw new Error('Failed to reset game state. Please refresh the …
       |             ^
     27|     }
     28|   }
 ❯ handleNewGame src/components/StartScreen.tsx:37:22
 ❯ HTMLUnknownElement.callCallback node_modules/react-dom/cjs/react-dom.development.js:4164:14
 ❯ HTMLUnknownElement.callTheUserObjectsOperation node_modules/jsdom/lib/jsdom/living/generated/EventListener.js:26:30
 ❯ innerInvokeEventListeners node_modules/jsdom/lib/jsdom/living/events/EventTarget-impl.js:350:25
 ❯ invokeEventListeners node_modules/jsdom/lib/jsdom/living/events/EventTarget-impl.js:286:3
 ❯ HTMLUnknownElementImpl._dispatch node_modules/jsdom/lib/jsdom/living/events/EventTarget-impl.js:233:9
 ❯ HTMLUnknownElementImpl.dispatchEvent node_modules/jsdom/lib/jsdom/living/events/EventTarget-impl.js:104:17
 ❯ HTMLUnknownElement.dispatchEvent node_modules/jsdom/lib/jsdom/living/generated/EventTarget.js:241:34
 ❯ Object.invokeGuardedCallbackDev node_modules/react-dom/cjs/react-dom.development.js:4213:16

This error originated in "src/components/__tests__/StartScreen.test.tsx" test file. It doesn't mean the error was thrown inside the file itself, but while it was running.
The latest test that might've caused the error is "calls generateConcept and sets the game state to PLAYING on new game". It might mean one of the following:
- The error was thrown, while Vitest was running this test.
- If the error occurred after the test had been completed, this was the last documented test before it was thrown.
⎯⎯⎯⎯⎯⎯⎯⎯⎯⎯⎯⎯⎯⎯⎯⎯⎯⎯⎯⎯⎯⎯⎯⎯⎯⎯⎯⎯⎯⎯


 Test Files  17 failed | 45 passed (62)
      Tests  25 failed | 877 passed | 13 skipped (915)
     Errors  1 error
   Start at  15:56:47
   Duration  34.37s (transform 5.85s, setup 44.02s, collect 24.65s, tests 37.47s, environment 301.83s, prepare 26.50s)

