
> apophenia-cosmic-narrative@1.0.0 test
> npx vitest


 RUN  v3.2.4 /home/user/Apophenia

stdout | tests/unit/flows/DescentFlow.test.ts > DescentFlow > processChoice > should transition to unraveling when descent level is high
🌀 Descent level critical - beginning unraveling phase

stderr | tests/unit/flows/DescentFlow.test.ts > DescentFlow > processChoice > should handle errors gracefully
DescentFlow.processChoice error: Error: AI service failed
    at [90m/home/user/Apophenia/[39mtests/unit/flows/DescentFlow.test.ts:219:66
[90m    at processTicksAndRejections (node:internal/process/task_queues:105:5)[39m
    at [90mfile:///home/user/Apophenia/[39mnode_modules/[4m@vitest/runner[24m/dist/chunk-hooks.js:752:20

 ✓ tests/unit/flows/DescentFlow.test.ts (9 tests) 16ms
stdout | tests/unit/flows/FlowCoordinator.test.ts > FlowCoordinator > transitionTo > should transition to a new state
🔄 Flow transition: Descent (state: descending)

stdout | tests/unit/flows/FlowCoordinator.test.ts > FlowCoordinator > transitionTo > should update current flow after transition
🔄 Flow transition: Descent (state: unraveling)

stdout | tests/unit/flows/FlowCoordinator.test.ts > FlowCoordinator > executeEngines > should execute active engines
⚙️  Executed 2 engines

stdout | tests/unit/flows/FlowCoordinator.test.ts > FlowCoordinator > executeEngines > should skip inactive engines
⚙️  Executed 2 engines

stdout | tests/unit/flows/FlowCoordinator.test.ts > FlowCoordinator > executeCommands > should execute a queue of commands
🎯 Executing 2 commands

stdout | tests/unit/flows/FlowCoordinator.test.ts > FlowCoordinator > executeCommands > should handle command execution errors
🎯 Executing 1 commands

stderr | tests/unit/flows/FlowCoordinator.test.ts > FlowCoordinator > executeCommands > should handle command execution errors
Command execution failed: Error: Command failed
    at [90m/home/user/Apophenia/[39mtests/unit/flows/FlowCoordinator.test.ts:283:60
[90m    at processTicksAndRejections (node:internal/process/task_queues:105:5)[39m
    at [90mfile:///home/user/Apophenia/[39mnode_modules/[4m@vitest/runner[24m/dist/chunk-hooks.js:752:20

 ✓ tests/unit/flows/FlowCoordinator.test.ts (9 tests) 15ms
 ✓ src/components/__tests__/GlitchedText.test.tsx (2 tests) 42ms
 ✓ src/components/__tests__/ThematicLoading.test.tsx (3 tests) 43ms
stderr | tests/unit/ui/screens/StartScreen.test.tsx > StartScreen > renders game title
Warning: Each child in a list should have a unique "key" prop.

Check the render method of `StartScreen`. See https://reactjs.org/link/warning-keys for more information.
    at label
    at StartScreen (/home/user/Apophenia/src/ui/screens/StartScreen.tsx:12:3)

 ✓ tests/unit/ui/components/ChoiceButton.test.tsx (13 tests) 173ms
 ✓ tests/unit/ui/components/StorySegmentDisplay.test.tsx (16 tests) 120ms
 ✓ tests/unit/ui/screens/StartScreen.test.tsx (10 tests) 192ms
stderr | src/components/__tests__/EndScreen.test.tsx > EndScreen > calls setGameState to go to the MENU on button click
Error resetting game stores: TypeError: Cannot read properties of undefined (reading 'reset')
    at Function.resetAllStores [90m(/home/user/Apophenia/[39msrc/services/gameStateManager.ts:19:34[90m)[39m
    at handleRestart [90m(/home/user/Apophenia/[39msrc/components/EndScreen.tsx:11:22[90m)[39m
    at HTMLUnknownElement.callCallback [90m(/home/user/Apophenia/[39mnode_modules/[4mreact-dom[24m/cjs/react-dom.development.js:4164:14[90m)[39m
    at HTMLUnknownElement.callTheUserObjectsOperation [90m(/home/user/Apophenia/[39mnode_modules/[4mjsdom[24m/lib/jsdom/living/generated/EventListener.js:26:30[90m)[39m
    at innerInvokeEventListeners [90m(/home/user/Apophenia/[39mnode_modules/[4mjsdom[24m/lib/jsdom/living/events/EventTarget-impl.js:350:25[90m)[39m
    at invokeEventListeners [90m(/home/user/Apophenia/[39mnode_modules/[4mjsdom[24m/lib/jsdom/living/events/EventTarget-impl.js:286:3[90m)[39m
    at HTMLUnknownElementImpl._dispatch [90m(/home/user/Apophenia/[39mnode_modules/[4mjsdom[24m/lib/jsdom/living/events/EventTarget-impl.js:233:9[90m)[39m
    at HTMLUnknownElementImpl.dispatchEvent [90m(/home/user/Apophenia/[39mnode_modules/[4mjsdom[24m/lib/jsdom/living/events/EventTarget-impl.js:104:17[90m)[39m
    at HTMLUnknownElement.dispatchEvent [90m(/home/user/Apophenia/[39mnode_modules/[4mjsdom[24m/lib/jsdom/living/generated/EventTarget.js:241:34[90m)[39m
    at Object.invokeGuardedCallbackDev [90m(/home/user/Apophenia/[39mnode_modules/[4mreact-dom[24m/cjs/react-dom.development.js:4213:16[90m)[39m
Error: Uncaught [Error: Failed to reset game state. Please refresh the page.]
    at reportException (/home/user/Apophenia/node_modules/jsdom/lib/jsdom/living/helpers/runtime-script-errors.js:66:24)
    at innerInvokeEventListeners (/home/user/Apophenia/node_modules/jsdom/lib/jsdom/living/events/EventTarget-impl.js:353:9)
    at invokeEventListeners (/home/user/Apophenia/node_modules/jsdom/lib/jsdom/living/events/EventTarget-impl.js:286:3)
    at HTMLUnknownElementImpl._dispatch (/home/user/Apophenia/node_modules/jsdom/lib/jsdom/living/events/EventTarget-impl.js:233:9)
    at HTMLUnknownElementImpl.dispatchEvent (/home/user/Apophenia/node_modules/jsdom/lib/jsdom/living/events/EventTarget-impl.js:104:17)
    at HTMLUnknownElement.dispatchEvent (/home/user/Apophenia/node_modules/jsdom/lib/jsdom/living/generated/EventTarget.js:241:34)
    at Object.invokeGuardedCallbackDev (/home/user/Apophenia/node_modules/react-dom/cjs/react-dom.development.js:4213:16)
    at invokeGuardedCallback (/home/user/Apophenia/node_modules/react-dom/cjs/react-dom.development.js:4277:31)
    at invokeGuardedCallbackAndCatchFirstError (/home/user/Apophenia/node_modules/react-dom/cjs/react-dom.development.js:4291:25)
    at executeDispatch (/home/user/Apophenia/node_modules/react-dom/cjs/react-dom.development.js:9041:3) Error: Failed to reset game state. Please refresh the page.
    at Function.resetAllStores [90m(/home/user/Apophenia/[39msrc/services/gameStateManager.ts:26:13[90m)[39m
    at handleRestart [90m(/home/user/Apophenia/[39msrc/components/EndScreen.tsx:11:22[90m)[39m
    at HTMLUnknownElement.callCallback [90m(/home/user/Apophenia/[39mnode_modules/[4mreact-dom[24m/cjs/react-dom.development.js:4164:14[90m)[39m
    at HTMLUnknownElement.callTheUserObjectsOperation [90m(/home/user/Apophenia/[39mnode_modules/[4mjsdom[24m/lib/jsdom/living/generated/EventListener.js:26:30[90m)[39m
    at innerInvokeEventListeners [90m(/home/user/Apophenia/[39mnode_modules/[4mjsdom[24m/lib/jsdom/living/events/EventTarget-impl.js:350:25[90m)[39m
    at invokeEventListeners [90m(/home/user/Apophenia/[39mnode_modules/[4mjsdom[24m/lib/jsdom/living/events/EventTarget-impl.js:286:3[90m)[39m
    at HTMLUnknownElementImpl._dispatch [90m(/home/user/Apophenia/[39mnode_modules/[4mjsdom[24m/lib/jsdom/living/events/EventTarget-impl.js:233:9[90m)[39m
    at HTMLUnknownElementImpl.dispatchEvent [90m(/home/user/Apophenia/[39mnode_modules/[4mjsdom[24m/lib/jsdom/living/events/EventTarget-impl.js:104:17[90m)[39m
    at HTMLUnknownElement.dispatchEvent [90m(/home/user/Apophenia/[39mnode_modules/[4mjsdom[24m/lib/jsdom/living/generated/EventTarget.js:241:34[90m)[39m
    at Object.invokeGuardedCallbackDev [90m(/home/user/Apophenia/[39mnode_modules/[4mreact-dom[24m/cjs/react-dom.development.js:4213:16[90m)[39m
Error: Uncaught [Error: Failed to reset game state. Please refresh the page.]
    at reportException (/home/user/Apophenia/node_modules/jsdom/lib/jsdom/living/helpers/runtime-script-errors.js:66:24)
    at innerInvokeEventListeners (/home/user/Apophenia/node_modules/jsdom/lib/jsdom/living/events/EventTarget-impl.js:353:9)
    at invokeEventListeners (/home/user/Apophenia/node_modules/jsdom/lib/jsdom/living/events/EventTarget-impl.js:286:3)
    at HTMLButtonElementImpl._dispatch (/home/user/Apophenia/node_modules/jsdom/lib/jsdom/living/events/EventTarget-impl.js:233:9)
    at HTMLButtonElementImpl.dispatchEvent (/home/user/Apophenia/node_modules/jsdom/lib/jsdom/living/events/EventTarget-impl.js:104:17)
    at HTMLButtonElement.dispatchEvent (/home/user/Apophenia/node_modules/jsdom/lib/jsdom/living/generated/EventTarget.js:241:34)
    at /home/user/Apophenia/node_modules/@testing-library/dom/dist/events.js:19:20
    at /home/user/Apophenia/node_modules/@testing-library/react/dist/pure.js:108:16
    at /home/user/Apophenia/node_modules/@testing-library/react/dist/act-compat.js:48:24
    at act (/home/user/Apophenia/node_modules/react/cjs/react.development.js:2512:16) Error: Failed to reset game state. Please refresh the page.
    at Function.resetAllStores [90m(/home/user/Apophenia/[39msrc/services/gameStateManager.ts:26:13[90m)[39m
    at handleRestart [90m(/home/user/Apophenia/[39msrc/components/EndScreen.tsx:11:22[90m)[39m
    at HTMLUnknownElement.callCallback [90m(/home/user/Apophenia/[39mnode_modules/[4mreact-dom[24m/cjs/react-dom.development.js:4164:14[90m)[39m
    at HTMLUnknownElement.callTheUserObjectsOperation [90m(/home/user/Apophenia/[39mnode_modules/[4mjsdom[24m/lib/jsdom/living/generated/EventListener.js:26:30[90m)[39m
    at innerInvokeEventListeners [90m(/home/user/Apophenia/[39mnode_modules/[4mjsdom[24m/lib/jsdom/living/events/EventTarget-impl.js:350:25[90m)[39m
    at invokeEventListeners [90m(/home/user/Apophenia/[39mnode_modules/[4mjsdom[24m/lib/jsdom/living/events/EventTarget-impl.js:286:3[90m)[39m
    at HTMLUnknownElementImpl._dispatch [90m(/home/user/Apophenia/[39mnode_modules/[4mjsdom[24m/lib/jsdom/living/events/EventTarget-impl.js:233:9[90m)[39m
    at HTMLUnknownElementImpl.dispatchEvent [90m(/home/user/Apophenia/[39mnode_modules/[4mjsdom[24m/lib/jsdom/living/events/EventTarget-impl.js:104:17[90m)[39m
    at HTMLUnknownElement.dispatchEvent [90m(/home/user/Apophenia/[39mnode_modules/[4mjsdom[24m/lib/jsdom/living/generated/EventTarget.js:241:34[90m)[39m
    at Object.invokeGuardedCallbackDev [90m(/home/user/Apophenia/[39mnode_modules/[4mreact-dom[24m/cjs/react-dom.development.js:4213:16[90m)[39m

 ❯ src/components/__tests__/EndScreen.test.tsx (2 tests | 1 failed) 86ms
   ✓ EndScreen > renders the end screen with the final story segment 44ms
   × EndScreen > calls setGameState to go to the MENU on button click 41ms
     → expected "spy" to be called with arguments: [ +0 ][90m

Number of calls: [1m0[22m
[39m
 ❯ src/components/__tests__/ModelSelector.test.tsx (4 tests | 2 failed) 88ms
   × ModelSelector > renders the model selector when visible 65ms
     → Found multiple elements with the text: Grok 1

Here are the matching elements:

Ignored nodes: comments, script, style
[36m<div[39m
  [33mclass[39m=[32m"current-selection"[39m
[36m>[39m
  [36m<strong>[39m
    [0mCurrently selected:[0m
  [36m</strong>[39m
  [0m [0m
  [0mGrok 1[0m
[36m</div>[39m

Ignored nodes: comments, script, style
[36m<div[39m
  [33mclass[39m=[32m"model-name"[39m
[36m>[39m
  [0mGrok 1[0m
[36m</div>[39m

(If this is intentional, then use the `*AllBy*` variant of the query (like `queryAllByText`, `getAllByText`, or `findAllByText`)).

Ignored nodes: comments, script, style
[36m<body>[39m
  [36m<div>[39m
    [36m<div[39m
      [33mclass[39m=[32m"model-selector-overlay"[39m
    [36m>[39m
      [36m<div[39m
        [33mclass[39m=[32m"model-selector-modal"[39m
      [36m>[39m
        [36m<div[39m
          [33mclass[39m=[32m"modal-header"[39m
        [36m>[39m
          [36m<h2>[39m
            [0mSelect AI Model[0m
          [36m</h2>[39m
          [36m<button[39m
            [33mclass[39m=[32m"close-button"[39m
          [36m>[39m
            [0m×[0m
          [36m</button>[39m
        [36m</div>[39m
        [36m<div[39m
          [33mclass[39m=[32m"modal-content"[39m
        [36m>[39m
          [36m<div[39m
            [33mclass[39m=[32m"current-selection"[39m
          [36m>[39m
            [36m<strong>[39m
              [0mCurrently selected:[0m
            [36m</strong>[39m
            [0m [0m
            [0mGrok 1[0m
          [36m</div>[39m
          [36m<div[39m
            [33mclass[39m=[32m"models-grid"[39m
          [36m>[39m
            [36m<div[39m
              [33mclass[39m=[32m"model-card selected"[39m
            [36m>[39m
              [36m<div[39m
                [33mclass[39m=[32m"model-header"[39m
              [36m>[39m
                [36m<div[39m
                  [33mclass[39m=[32m"model-info"[39m
                [36m>[39m
                  [36m<div[39m
                    [33mclass[39m=[32m"model-name"[39m
                  [36m>[39m
                    [0mGrok 1[0m
                  [36m</div>[39m
                  [36m<div[39m
                    [33mclass[39m=[32m"model-provider"[39m
                  [36m>[39m
                    [0mxAI[0m
                  [36m</div>[39m
                  [36m<span[39m
                    [33mclass[39m=[32m"default-badge"[39m
                  [36m>[39m
                    [0mDefault[0m
                  [36m</span>[39m
                [36m</div>[39m
                [36m<div[39m
                  [33mclass[39m=[32m"model-status"[39m
                [36m>[39m
                  [36m<span[39m
                    [33mclass[39m=[32m"selected-indicator"[39m
                  [36m>[39m
                    [0m✓[0m
                  [36m</span>[39m
                [36m</div>[39m
              [36m</div>[39m
              [36m<div[39m
                [33mclass[39m=[32m"model-features"[39m
              [36m>[39m
                [36m<div[39m
                  [33mclass[39m=[32m"feature-grid"[39m
                [36m>[39m
                  [36m<div[39m
                    [33mclass[39m=[32m"feature"[39m
                  [36m>[39m
                    [36m<span[39m
                      [33mclass[39m=[32m"feature-label"[39m
                    [36m>[39m
                      [0mContext:[0m
                    [36m</span>[39m
                    [36m<span[39m
                      [33mclass[39m=[32m"feature-value"[39m
                    [36m>[39m
                      [0m1K tokens[0m
                    [36m</span>[39m
                  [36m</div>[39m
                  [36m<div[39m
                    [33mclass[39m=[32m"feature"[39m
                  [36m>[39m
                    [36m<span[39m
                      [33mclass[39m=[32m"feature-label"[39m
                    [36m>[39m
                      [0mThinking:[0m
                    [36m</span>[39m
                    [36m<span[39m
                      [33mclass[39m=[32m"feature-value supported"[39m
                    [36m>[39m
                      [0mYes[0m
                    [36m</span>[39m
                  [36m</div>[39m
                  [36m<div[39m
                    [33mclass[39m=[32m"feature"[39m
                  [36m>[39m
                    [36m<span[39m
                      [33mclass[39m=[32m"feature-label"[39m
                    [36m>[39m
                      [0mImages:[0m
                    [36m</span>[39m
                    [36m<span[39m
                      [33mclass[39m=[32m"feature-value not-supported"[39m
                    [36m>[39m
                      [0mNo[0m
                    [36m</span>[39m
                  [36m</div>[39m
                [36m</div>[39m
              [36m</div>[39m
              [36m<div[39m
                [33mclass[39m=[32m"model-actions"[39m
              [36m>[39m
                [36m<button[39m
                  [33mclass[39m=[32m"test-button"[39m
                [36m>[39m
                  [0mTest API[0m
                [36m</button>[39m
                [36m<button[39m
                  [33mclass[39m=[32m"details-button"[39m
                [36m>[39m
                  [0mMore[0m
                [36m</button>[39m
              [36m</div>[39m
            [36m</div>[39m
          [36m</div>[39m
          [36m<div[39m
            [33mclass[39m=[32m"model-info-section"[39m
          [36m>[39m
            [36m<h3>[39m
              [0mWhy Grok-4 Fast Reasoning is the Default:[0m
            [36m</h3>[39m
            [36m<p>[39m
              [0mGrok-4 offers a massive 2 million token context window, one of the largest available, with advanced reasoning capabilities. This enables unprecedented narrative consistency, deep psychological analysis, and complex story development across your entire gaming session.[0m
            [36m</p>[39m
          [36m</div>[39m
        [36m</div>[39m
        [36m<div[39m
          [33mclass[39m=[32m"modal-footer"[39m
        [36m>[39m
          [36m<button[39m
            [33mclass[39m=[32m"apply-button"[39m
          [36m>[39m
            [0mDone[0m
          [36m</button>[39m
        [36m</div>[39m
      [36m</div>[39m
    [36m</div>[39m
  [36m</div>[39m
[36m</body>[39m
   ✓ ModelSelector > does not render when not visible 2ms
   × ModelSelector > calls setSelectedModel when a model is selected 8ms
     → Found multiple elements with the text: Grok 1

Here are the matching elements:

Ignored nodes: comments, script, style
[36m<div[39m
  [33mclass[39m=[32m"current-selection"[39m
[36m>[39m
  [36m<strong>[39m
    [0mCurrently selected:[0m
  [36m</strong>[39m
  [0m [0m
  [0mGrok 1[0m
[36m</div>[39m

Ignored nodes: comments, script, style
[36m<div[39m
  [33mclass[39m=[32m"model-name"[39m
[36m>[39m
  [0mGrok 1[0m
[36m</div>[39m

(If this is intentional, then use the `*AllBy*` variant of the query (like `queryAllByText`, `getAllByText`, or `findAllByText`)).

Ignored nodes: comments, script, style
[36m<body>[39m
  [36m<div>[39m
    [36m<div[39m
      [33mclass[39m=[32m"model-selector-overlay"[39m
    [36m>[39m
      [36m<div[39m
        [33mclass[39m=[32m"model-selector-modal"[39m
      [36m>[39m
        [36m<div[39m
          [33mclass[39m=[32m"modal-header"[39m
        [36m>[39m
          [36m<h2>[39m
            [0mSelect AI Model[0m
          [36m</h2>[39m
          [36m<button[39m
            [33mclass[39m=[32m"close-button"[39m
          [36m>[39m
            [0m×[0m
          [36m</button>[39m
        [36m</div>[39m
        [36m<div[39m
          [33mclass[39m=[32m"modal-content"[39m
        [36m>[39m
          [36m<div[39m
            [33mclass[39m=[32m"current-selection"[39m
          [36m>[39m
            [36m<strong>[39m
              [0mCurrently selected:[0m
            [36m</strong>[39m
            [0m [0m
            [0mGrok 1[0m
          [36m</div>[39m
          [36m<div[39m
            [33mclass[39m=[32m"models-grid"[39m
          [36m>[39m
            [36m<div[39m
              [33mclass[39m=[32m"model-card selected"[39m
            [36m>[39m
              [36m<div[39m
                [33mclass[39m=[32m"model-header"[39m
              [36m>[39m
                [36m<div[39m
                  [33mclass[39m=[32m"model-info"[39m
                [36m>[39m
                  [36m<div[39m
                    [33mclass[39m=[32m"model-name"[39m
                  [36m>[39m
                    [0mGrok 1[0m
                  [36m</div>[39m
                  [36m<div[39m
                    [33mclass[39m=[32m"model-provider"[39m
                  [36m>[39m
                    [0mxAI[0m
                  [36m</div>[39m
                  [36m<span[39m
                    [33mclass[39m=[32m"default-badge"[39m
                  [36m>[39m
                    [0mDefault[0m
                  [36m</span>[39m
                [36m</div>[39m
                [36m<div[39m
                  [33mclass[39m=[32m"model-status"[39m
                [36m>[39m
                  [36m<span[39m
                    [33mclass[39m=[32m"selected-indicator"[39m
                  [36m>[39m
                    [0m✓[0m
                  [36m</span>[39m
                [36m</div>[39m
              [36m</div>[39m
              [36m<div[39m
                [33mclass[39m=[32m"model-features"[39m
              [36m>[39m
                [36m<div[39m
                  [33mclass[39m=[32m"feature-grid"[39m
                [36m>[39m
                  [36m<div[39m
                    [33mclass[39m=[32m"feature"[39m
                  [36m>[39m
                    [36m<span[39m
                      [33mclass[39m=[32m"feature-label"[39m
                    [36m>[39m
                      [0mContext:[0m
                    [36m</span>[39m
                    [36m<span[39m
                      [33mclass[39m=[32m"feature-value"[39m
                    [36m>[39m
                      [0m1K tokens[0m
                    [36m</span>[39m
                  [36m</div>[39m
                  [36m<div[39m
                    [33mclass[39m=[32m"feature"[39m
                  [36m>[39m
                    [36m<span[39m
                      [33mclass[39m=[32m"feature-label"[39m
                    [36m>[39m
                      [0mThinking:[0m
                    [36m</span>[39m
                    [36m<span[39m
                      [33mclass[39m=[32m"feature-value supported"[39m
                    [36m>[39m
                      [0mYes[0m
                    [36m</span>[39m
                  [36m</div>[39m
                  [36m<div[39m
                    [33mclass[39m=[32m"feature"[39m
                  [36m>[39m
                    [36m<span[39m
                      [33mclass[39m=[32m"feature-label"[39m
                    [36m>[39m
                      [0mImages:[0m
                    [36m</span>[39m
                    [36m<span[39m
                      [33mclass[39m=[32m"feature-value not-supported"[39m
                    [36m>[39m
                      [0mNo[0m
                    [36m</span>[39m
                  [36m</div>[39m
                [36m</div>[39m
              [36m</div>[39m
              [36m<div[39m
                [33mclass[39m=[32m"model-actions"[39m
              [36m>[39m
                [36m<button[39m
                  [33mclass[39m=[32m"test-button"[39m
                [36m>[39m
                  [0mTest API[0m
                [36m</button>[39m
                [36m<button[39m
                  [33mclass[39m=[32m"details-button"[39m
                [36m>[39m
                  [0mMore[0m
                [36m</button>[39m
              [36m</div>[39m
            [36m</div>[39m
          [36m</div>[39m
          [36m<div[39m
            [33mclass[39m=[32m"model-info-section"[39m
          [36m>[39m
            [36m<h3>[39m
              [0mWhy Grok-4 Fast Reasoning is the Default:[0m
            [36m</h3>[39m
            [36m<p>[39m
              [0mGrok-4 offers a massive 2 million token context window, one of the largest available, with advanced reasoning capabilities. This enables unprecedented narrative consistency, deep psychological analysis, and complex story development across your entire gaming session.[0m
            [36m</p>[39m
          [36m</div>[39m
        [36m</div>[39m
        [36m<div[39m
          [33mclass[39m=[32m"modal-footer"[39m
        [36m>[39m
          [36m<button[39m
            [33mclass[39m=[32m"apply-button"[39m
          [36m>[39m
            [0mDone[0m
          [36m</button>[39m
        [36m</div>[39m
      [36m</div>[39m
    [36m</div>[39m
  [36m</div>[39m
[36m</body>[39m
   ✓ ModelSelector > calls testModel when the test button is clicked 10ms
stdout | src/components/__tests__/CompactTestAPI.test.tsx > CompactTestAPI > calls the image generation service when the button is clicked
--- Testing Image Generation ---

stderr | src/components/__tests__/CompactTestAPI.test.tsx > CompactTestAPI > calls the image generation service when the button is clicked
Image generation service call failed: TypeError: Cannot read properties of undefined (reading 'variations')
    at generateImage [90m(/home/user/Apophenia/[39msrc/services/gameService.ts:246:17[90m)[39m
[90m    at processTicksAndRejections (node:internal/process/task_queues:105:5)[39m
    at async Promise.all (index 0)
    at handleTestImageGeneration [90m(/home/user/Apophenia/[39msrc/components/CompactTestAPI.tsx:39:22[90m)[39m

stdout | src/components/__tests__/CompactTestAPI.test.tsx > CompactTestAPI > calls the image generation service when the button is clicked
--- Test Complete ---

stdout | src/components/__tests__/CompactTestAPI.test.tsx > CompactTestAPI > calls the unified AI service when the story button is clicked
--- Generating story with selected AI model ---

stderr | src/components/__tests__/CompactTestAPI.test.tsx > CompactTestAPI > calls the unified AI service when the story button is clicked
Story generation failed: TypeError: Cannot read properties of undefined (reading 'content')
    at generateHorrorStory [90m(/home/user/Apophenia/[39msrc/components/CompactTestAPI.tsx:83:31[90m)[39m
[90m    at processTicksAndRejections (node:internal/process/task_queues:105:5)[39m

stdout | src/components/__tests__/CompactTestAPI.test.tsx > CompactTestAPI > calls the unified AI service when the story button is clicked
--- Test Complete ---

 ❯ src/components/__tests__/CompactTestAPI.test.tsx (3 tests | 2 failed) 73ms
   ✓ CompactTestAPI > renders the test buttons 41ms
   × CompactTestAPI > calls the image generation service when the button is clicked 24ms
     → expected "spy" to be called at least once
   × CompactTestAPI > calls the unified AI service when the story button is clicked 6ms
     → expected "spy" to be called at least once
 ❯ src/components/__tests__/StartScreen.test.tsx (4 tests | 2 failed) 127ms
   ✓ StartScreen > renders the start screen with a new game button 61ms
   ✓ StartScreen > does not show the continue button when there is no saved game 8ms
   × StartScreen > shows the continue button when there is a saved game 30ms
     → Unable to find an element with the text: Continue. This could be because the text is broken up by multiple elements. In this case, you can provide a function for your text matcher to make your matcher more flexible.

Ignored nodes: comments, script, style
[36m<body>[39m
  [36m<div>[39m
    [36m<div[39m
      [33mclass[39m=[32m"start-screen"[39m
    [36m>[39m
      [36m<h1[39m
        [33mclass[39m=[32m"glitched-title"[39m
      [36m>[39m
        [36m<span>[39m
          [0mA[0m
        [36m</span>[39m
        [36m<span>[39m
          [0mp[0m
        [36m</span>[39m
        [36m<span>[39m
          [0mo[0m
        [36m</span>[39m
        [36m<span>[39m
          [0mp[0m
        [36m</span>[39m
        [36m<span>[39m
          [0mh[0m
        [36m</span>[39m
        [36m<span>[39m
          [0me[0m
        [36m</span>[39m
        [36m<span>[39m
          [0mn[0m
        [36m</span>[39m
        [36m<span>[39m
          [0mi[0m
        [36m</span>[39m
        [36m<span>[39m
          [0ma[0m
        [36m</span>[39m
      [36m</h1>[39m
      [36m<p>[39m
        [0mDescent into cosmic madness through AI consciousness.[0m
      [36m</p>[39m
      [36m<div[39m
        [33mclass[39m=[32m"ai-model-info"[39m
      [36m>[39m
        [36m<span>[39m
          [0mPowered by: [0m
          [36m<strong>[39m
            [0mTest Model[0m
          [36m</strong>[39m
        [36m</span>[39m
        [36m<small>[39m
          [0mUse the model selector in bottom-right to change AI provider[0m
        [36m</small>[39m
      [36m</div>[39m
      [36m<div[39m
        [33mclass[39m=[32m"genre-selector"[39m
      [36m>[39m
        [36m<h2>[39m
          [0mChoose Your Descent[0m
        [36m</h2>[39m
        [36m<select>[39m
          [36m<option[39m
            [33mvalue[39m=[32m"cosmic-horror"[39m
          [36m>[39m
            [0mCosmic Horror[0m
          [36m</option>[39m
          [36m<option[39m
            [33mvalue[39m=[32m"psychological-thriller"[39m
          [36m>[39m
            [0mPsychological Thriller[0m
          [36m</option>[39m
        [36m</select>[39m
        [36m<p[39m
          [33mclass[39m=[32m"genre-description"[39m
        [36m>[39m
          [0mA descent through someone's mind as it unravels. Reality fragments. Memories lie. The void watches.[0m
        [36m</p>[39m
      [36m</div>[39m
      [36m<button>[39m
        [0mNew Game[0m
      [36m</button>[39m
      [36m<button>[39m
        [0mLoad Demo[0m
      [36m</button>[39m
      [36m<div[39m
        [33mstyle[39m=[32m"position: absolute; bottom: 10px; right: 10px; display: flex; flex-direction: column; gap: 5px; align-items: flex-end;"[39m
      [36m>[39m
        [36m<button[39m
          [33mstyle[39m=[32m"font-size: 10px; padding: 2px 5px;"[39m
        [36m>[39m
          [0mTest Image Gen[0m
        [36m</button>[39m
        [36m<button[39m
          [33mstyle[39m=[32m"font-size: 10px; padding: 2px 5px;"[39m
        [36m>[39m
          [0mTest Story Gen[0m
        [36m</button>[39m
      [36m</div>[39m
    [36m</div>[39m
  [36m</div>[39m
[36m</body>[39m
   × StartScreen > calls generateConcept and sets the game state to PLAYING on new game 27ms
     → expected "spy" to be called with arguments: [ [] ][90m

Number of calls: [1m0[22m
[39m
stdout | tests/contracts/command-executors.contract.test.ts > Contract Tests: Command Executors (Seam #5) > generateImage Executor > execute returns Promise<ExecutionResult>
Image generation requested for prompt: A dark corridor

stdout | tests/contracts/command-executors.contract.test.ts > Contract Tests: Command Executors (Seam #5) > generateImage Executor > execute result contains correct command reference
Image generation requested for prompt: A dark corridor

stdout | tests/contracts/command-executors.contract.test.ts > Contract Tests: Command Executors (Seam #5) > generateImage Executor > execute returns consistent result shape on success and failure
Image generation requested for prompt: A dark corridor

stderr | tests/contracts/ai-services.contract.test.ts > Contract Tests: AI Services (Seam #4)
Grok availability check failed: TypeError: fetch failed
[90m    at node:internal/deps/undici/undici:14900:13[39m
[90m    at processTicksAndRejections (node:internal/process/task_queues:105:5)[39m
    at GrokService.isAvailable [90m(/home/user/Apophenia/[39msrc/services/ai/grokService.ts:40:24[90m)[39m
    at [90m/home/user/Apophenia/[39mtests/contracts/ai-services.contract.test.ts:103:21 {
  [cause]: Error: getaddrinfo EAI_AGAIN api.x.ai
  [90m    at GetAddrInfoReqWrap.onlookupall [as oncomplete] (node:dns:122:26)[39m {
    errno: [33m-3001[39m,
    code: [32m'EAI_AGAIN'[39m,
    syscall: [32m'getaddrinfo'[39m,
    hostname: [32m'api.x.ai'[39m
  }
}

stdout | tests/contracts/ai-services.contract.test.ts > Contract Tests: AI Services (Seam #4)

📋 Service Availability Check:
  ✓ GrokService: ⚠️  Unavailable (skipping network tests)
  ✓ MockService: ✅ Available

stderr | tests/contracts/ai-services.contract.test.ts > Contract Tests: AI Services (Seam #4) > GrokService Interface Compliance > isAvailable returns Promise<boolean>
Grok availability check failed: TypeError: fetch failed
[90m    at node:internal/deps/undici/undici:14900:13[39m
[90m    at processTicksAndRejections (node:internal/process/task_queues:105:5)[39m
    at GrokService.isAvailable [90m(/home/user/Apophenia/[39msrc/services/ai/grokService.ts:40:24[90m)[39m
    at [90m/home/user/Apophenia/[39mtests/contracts/ai-services.contract.test.ts:151:24
    at [90mfile:///home/user/Apophenia/[39mnode_modules/[4m@vitest/runner[24m/dist/chunk-hooks.js:752:20 {
  [cause]: Error: getaddrinfo EAI_AGAIN api.x.ai
  [90m    at GetAddrInfoReqWrap.onlookupall [as oncomplete] (node:dns:122:26)[39m {
    errno: [33m-3001[39m,
    code: [32m'EAI_AGAIN'[39m,
    syscall: [32m'getaddrinfo'[39m,
    hostname: [32m'api.x.ai'[39m
  }
}

stderr | tests/contracts/ai-services.contract.test.ts > Contract Tests: AI Services (Seam #4) > GrokService Interface Compliance > isAvailable handles errors gracefully
Grok availability check failed: TypeError: fetch failed
[90m    at node:internal/deps/undici/undici:14900:13[39m
[90m    at processTicksAndRejections (node:internal/process/task_queues:105:5)[39m
    at GrokService.isAvailable [90m(/home/user/Apophenia/[39msrc/services/ai/grokService.ts:40:24[90m)[39m
    at [90m/home/user/Apophenia/[39mtests/contracts/ai-services.contract.test.ts:157:9
    at [90mfile:///home/user/Apophenia/[39mnode_modules/[4m@vitest/runner[24m/dist/chunk-hooks.js:752:20 {
  [cause]: Error: getaddrinfo EAI_AGAIN api.x.ai
  [90m    at GetAddrInfoReqWrap.onlookupall [as oncomplete] (node:dns:122:26)[39m {
    errno: [33m-3001[39m,
    code: [32m'EAI_AGAIN'[39m,
    syscall: [32m'getaddrinfo'[39m,
    hostname: [32m'api.x.ai'[39m
  }
}

stdout | tests/contracts/ai-services.contract.test.ts > UnifiedAIService Contract > setPrimaryProvider accepts valid AIProvider
Primary AI provider set to: mock
Primary AI provider set to: grok

stdout | tests/contracts/ai-services.contract.test.ts > UnifiedAIService Contract > setFallbackChain accepts array of AIProviders
Fallback chain set to: mock
Fallback chain set to: grok → mock

stderr | tests/contracts/ai-services.contract.test.ts > UnifiedAIService Contract > testProvider returns correct provider name
Grok availability check failed: TypeError: fetch failed
[90m    at node:internal/deps/undici/undici:14900:13[39m
[90m    at processTicksAndRejections (node:internal/process/task_queues:105:5)[39m
    at GrokService.isAvailable [90m(/home/user/Apophenia/[39msrc/services/ai/grokService.ts:40:24[90m)[39m
    at UnifiedAIServiceImpl.testProvider [90m(/home/user/Apophenia/[39msrc/services/ai/unifiedAIService.ts:119:27[90m)[39m
    at [90m/home/user/Apophenia/[39mtests/contracts/ai-services.contract.test.ts:387:24
    at [90mfile:///home/user/Apophenia/[39mnode_modules/[4m@vitest/runner[24m/dist/chunk-hooks.js:752:20 {
  [cause]: Error: getaddrinfo EAI_AGAIN api.x.ai
  [90m    at GetAddrInfoReqWrap.onlookupall [as oncomplete] (node:dns:122:26)[39m {
    errno: [33m-3001[39m,
    code: [32m'EAI_AGAIN'[39m,
    syscall: [32m'getaddrinfo'[39m,
    hostname: [32m'api.x.ai'[39m
  }
}

stderr | tests/contracts/ai-services.contract.test.ts > UnifiedAIService Contract > testProvider has error field when available is false
Grok availability check failed: TypeError: fetch failed
[90m    at node:internal/deps/undici/undici:14900:13[39m
[90m    at processTicksAndRejections (node:internal/process/task_queues:105:5)[39m
    at GrokService.isAvailable [90m(/home/user/Apophenia/[39msrc/services/ai/grokService.ts:40:24[90m)[39m
    at UnifiedAIServiceImpl.testProvider [90m(/home/user/Apophenia/[39msrc/services/ai/unifiedAIService.ts:119:27[90m)[39m
    at [90m/home/user/Apophenia/[39mtests/contracts/ai-services.contract.test.ts:401:20
    at [90mfile:///home/user/Apophenia/[39mnode_modules/[4m@vitest/runner[24m/dist/chunk-hooks.js:752:20 {
  [cause]: Error: getaddrinfo EAI_AGAIN api.x.ai
  [90m    at GetAddrInfoReqWrap.onlookupall [as oncomplete] (node:dns:122:26)[39m {
    errno: [33m-3001[39m,
    code: [32m'EAI_AGAIN'[39m,
    syscall: [32m'getaddrinfo'[39m,
    hostname: [32m'api.x.ai'[39m
  }
}

stderr | tests/contracts/ai-services.contract.test.ts > UnifiedAIService Contract > testAllProviders returns Map<AIProvider, ProviderTestResult>
Grok availability check failed: TypeError: fetch failed
[90m    at node:internal/deps/undici/undici:14900:13[39m
[90m    at processTicksAndRejections (node:internal/process/task_queues:105:5)[39m
    at GrokService.isAvailable [90m(/home/user/Apophenia/[39msrc/services/ai/grokService.ts:40:24[90m)[39m
    at UnifiedAIServiceImpl.testProvider [90m(/home/user/Apophenia/[39msrc/services/ai/unifiedAIService.ts:119:27[90m)[39m
    at [90m/home/user/Apophenia/[39msrc/services/ai/unifiedAIService.ts:155:22
    at async Promise.all (index 0)
    at UnifiedAIServiceImpl.testAllProviders [90m(/home/user/Apophenia/[39msrc/services/ai/unifiedAIService.ts:159:5[90m)[39m
    at [90m/home/user/Apophenia/[39mtests/contracts/ai-services.contract.test.ts:415:21
    at [90mfile:///home/user/Apophenia/[39mnode_modules/[4m@vitest/runner[24m/dist/chunk-hooks.js:752:20 {
  [cause]: Error: getaddrinfo EAI_AGAIN api.x.ai
  [90m    at GetAddrInfoReqWrap.onlookupall [as oncomplete] (node:dns:122:26)[39m {
    errno: [33m-3001[39m,
    code: [32m'EAI_AGAIN'[39m,
    syscall: [32m'getaddrinfo'[39m,
    hostname: [32m'api.x.ai'[39m
  }
}

stderr | tests/contracts/ai-services.contract.test.ts > UnifiedAIService Contract > testAllProviders includes all known providers
Grok availability check failed: TypeError: fetch failed
[90m    at node:internal/deps/undici/undici:14900:13[39m
[90m    at processTicksAndRejections (node:internal/process/task_queues:105:5)[39m
    at GrokService.isAvailable [90m(/home/user/Apophenia/[39msrc/services/ai/grokService.ts:40:24[90m)[39m
    at UnifiedAIServiceImpl.testProvider [90m(/home/user/Apophenia/[39msrc/services/ai/unifiedAIService.ts:119:27[90m)[39m
    at [90m/home/user/Apophenia/[39msrc/services/ai/unifiedAIService.ts:155:22
    at async Promise.all (index 0)
    at UnifiedAIServiceImpl.testAllProviders [90m(/home/user/Apophenia/[39msrc/services/ai/unifiedAIService.ts:159:5[90m)[39m
    at [90m/home/user/Apophenia/[39mtests/contracts/ai-services.contract.test.ts:422:21
    at [90mfile:///home/user/Apophenia/[39mnode_modules/[4m@vitest/runner[24m/dist/chunk-hooks.js:752:20 {
  [cause]: Error: getaddrinfo EAI_AGAIN api.x.ai
  [90m    at GetAddrInfoReqWrap.onlookupall [as oncomplete] (node:dns:122:26)[39m {
    errno: [33m-3001[39m,
    code: [32m'EAI_AGAIN'[39m,
    syscall: [32m'getaddrinfo'[39m,
    hostname: [32m'api.x.ai'[39m
  }
}

stderr | tests/contracts/ai-services.contract.test.ts > UnifiedAIService Contract > testAllProviders results match ProviderTestResult contract
Grok availability check failed: TypeError: fetch failed
[90m    at node:internal/deps/undici/undici:14900:13[39m
[90m    at processTicksAndRejections (node:internal/process/task_queues:105:5)[39m
    at GrokService.isAvailable [90m(/home/user/Apophenia/[39msrc/services/ai/grokService.ts:40:24[90m)[39m
    at UnifiedAIServiceImpl.testProvider [90m(/home/user/Apophenia/[39msrc/services/ai/unifiedAIService.ts:119:27[90m)[39m
    at [90m/home/user/Apophenia/[39msrc/services/ai/unifiedAIService.ts:155:22
    at async Promise.all (index 0)
    at UnifiedAIServiceImpl.testAllProviders [90m(/home/user/Apophenia/[39msrc/services/ai/unifiedAIService.ts:159:5[90m)[39m
    at [90m/home/user/Apophenia/[39mtests/contracts/ai-services.contract.test.ts:429:21
    at [90mfile:///home/user/Apophenia/[39mnode_modules/[4m@vitest/runner[24m/dist/chunk-hooks.js:752:20 {
  [cause]: Error: getaddrinfo EAI_AGAIN api.x.ai
  [90m    at GetAddrInfoReqWrap.onlookupall [as oncomplete] (node:dns:122:26)[39m {
    errno: [33m-3001[39m,
    code: [32m'EAI_AGAIN'[39m,
    syscall: [32m'getaddrinfo'[39m,
    hostname: [32m'api.x.ai'[39m
  }
}

stdout | tests/contracts/ai-services.contract.test.ts > UnifiedAIService Contract > generate returns Promise<AIResponse>
Primary AI provider set to: mock

stdout | tests/unit/ai/unifiedAIService.test.ts > UnifiedAIService > setPrimaryProvider > should set the primary provider
Fallback chain set to: grok → mock
Primary AI provider set to: grok

stdout | tests/unit/ai/unifiedAIService.test.ts > UnifiedAIService > setPrimaryProvider > should set the primary provider
Primary AI provider set to: mock

stdout | tests/unit/ai/unifiedAIService.test.ts > UnifiedAIService > setFallbackChain > should set custom fallback chain
Fallback chain set to: grok → mock
Primary AI provider set to: grok

stdout | tests/unit/ai/unifiedAIService.test.ts > UnifiedAIService > setFallbackChain > should set custom fallback chain
Fallback chain set to: mock → grok

stdout | tests/unit/ai/unifiedAIService.test.ts > UnifiedAIService > setFallbackChain > should throw error for empty chain
Fallback chain set to: grok → mock
Primary AI provider set to: grok

stdout | tests/unit/ai/unifiedAIService.test.ts > UnifiedAIService > generateWithFallback > should eventually succeed with mock provider
Fallback chain set to: grok → mock
Primary AI provider set to: grok

stdout | tests/unit/ai/unifiedAIService.test.ts > UnifiedAIService > generateWithFallback > should eventually succeed with mock provider
Fallback chain set to: mock

stdout | tests/unit/ai/unifiedAIService.test.ts > UnifiedAIService > generateWithFallback > should eventually succeed with mock provider
Attempting generation with mock...

stdout | tests/contracts/image-services.contract.test.ts
[ImagePipeline] Initialized with providers: grok (priority: 1), unsplash (priority: 3)

stdout | tests/unit/commands/CommandQueue.test.ts > CommandQueue > executeNext > should execute next command
Command executed: createSegment { segmentId: [32m'test-segment'[39m }

stderr | tests/unit/commands/CommandQueue.test.ts > CommandQueue > executeNext > should handle executor errors gracefully
Command failed: displayText Missing content

stdout | tests/unit/commands/CommandQueue.test.ts > CommandQueue > executeSequential > should execute all commands in order
Command executed: createSegment { segmentId: [32m'segment-1'[39m }

stdout | tests/unit/commands/CommandQueue.test.ts > CommandQueue > executeSequential > should execute all commands in order
Command executed: displayText { segmentId: [32m'segment-1'[39m, textLength: [33m6[39m }

stdout | tests/unit/commands/CommandQueue.test.ts > CommandQueue > executeSequential > should execute all commands in order
Command executed: createSegment { segmentId: [32m'segment-2'[39m }

stdout | tests/unit/commands/CommandQueue.test.ts > CommandQueue > executeSequential > should execute all commands in order
Command executed: displayText { segmentId: [32m'segment-2'[39m, textLength: [33m6[39m }

stdout | tests/unit/commands/CommandQueue.test.ts > CommandQueue > executeSequential > should continue execution even if a command fails
Command executed: createSegment { segmentId: [32m'segment-1'[39m }

stderr | tests/unit/commands/CommandQueue.test.ts > CommandQueue > executeSequential > should continue execution even if a command fails
Command failed: displayText Missing content

stderr | tests/unit/commands/CommandQueue.test.ts > CommandQueue > executeSequential > should continue execution even if a command fails
Command failed but continuing: Missing content

stdout | tests/unit/commands/CommandQueue.test.ts > CommandQueue > executeSequential > should continue execution even if a command fails
Command executed: createSegment { segmentId: [32m'segment-2'[39m }

stderr | tests/contracts/image-services.contract.test.ts > Contract Tests: Image Services (Seam #7) > Service Interface Compliance > GrokImageService Interface Compliance > generate accepts string and returns Promise<ImageResult>
[Grok] Generation failed: fetch failed

 ✓ tests/unit/commands/wait.test.ts (10 tests) 159ms
stdout | tests/contracts/image-services.contract.test.ts > Contract Tests: Image Services (Seam #7) > Service Interface Compliance > GrokImageService Interface Compliance > isAvailable returns Promise<boolean>
[Grok] Service unavailable: fetch failed

stderr | tests/contracts/image-services.contract.test.ts > Contract Tests: Image Services (Seam #7) > Service Interface Compliance > UnsplashService Interface Compliance > generate accepts string and returns Promise<ImageResult>
[Unsplash] Search failed: fetch failed

stdout | tests/contracts/image-services.contract.test.ts > Contract Tests: Image Services (Seam #7) > ImagePipeline Contract > implements ImagePipeline interface
[ImagePipeline] Initialized with providers: grok (priority: 1), unsplash (priority: 3)

stdout | tests/contracts/image-services.contract.test.ts > Contract Tests: Image Services (Seam #7) > ImagePipeline Contract > generate accepts prompt and segmentId, returns Promise<string | null>
[ImagePipeline] Initialized with providers: grok (priority: 1), unsplash (priority: 3)

stdout | tests/contracts/image-services.contract.test.ts > Contract Tests: Image Services (Seam #7) > ImagePipeline Contract > generate accepts prompt and segmentId, returns Promise<string | null>
[Grok] Service unavailable: fetch failed

stdout | tests/contracts/image-services.contract.test.ts > Contract Tests: Image Services (Seam #7) > ImagePipeline Contract > generate accepts prompt and segmentId, returns Promise<string | null>
[ImagePipeline] grok not available

stderr | tests/contracts/image-services.contract.test.ts > Contract Tests: Image Services (Seam #7) > ImagePipeline Contract > generate accepts prompt and segmentId, returns Promise<string | null>
[ImagePipeline] All services exhausted, returning null

stdout | tests/contracts/image-services.contract.test.ts > Contract Tests: Image Services (Seam #7) > ImagePipeline Contract > generate accepts prompt and segmentId, returns Promise<string | null>
[ImagePipeline] unsplash not available

stdout | tests/contracts/image-services.contract.test.ts > Contract Tests: Image Services (Seam #7) > ImagePipeline Contract > generate accepts prompt and segmentId, returns Promise<string | null>
[ImagePipeline] Generated for segment test-segment-id: via none ✗

stdout | tests/contracts/image-services.contract.test.ts > Contract Tests: Image Services (Seam #7) > ImagePipeline Contract > generateWithFallback accepts string and returns Promise<ImageResult>
[ImagePipeline] Initialized with providers: grok (priority: 1), unsplash (priority: 3)

stdout | tests/contracts/image-services.contract.test.ts > Contract Tests: Image Services (Seam #7) > ImagePipeline Contract > generateWithFallback accepts string and returns Promise<ImageResult>
[Grok] Service unavailable: fetch failed

stdout | tests/contracts/image-services.contract.test.ts > Contract Tests: Image Services (Seam #7) > ImagePipeline Contract > generateWithFallback accepts string and returns Promise<ImageResult>
[ImagePipeline] grok not available

stderr | tests/contracts/image-services.contract.test.ts > Contract Tests: Image Services (Seam #7) > ImagePipeline Contract > generateWithFallback accepts string and returns Promise<ImageResult>
[ImagePipeline] All services exhausted, returning null

stdout | tests/contracts/image-services.contract.test.ts > Contract Tests: Image Services (Seam #7) > ImagePipeline Contract > generateWithFallback accepts string and returns Promise<ImageResult>
[ImagePipeline] unsplash not available

stdout | tests/contracts/image-services.contract.test.ts > Contract Tests: Image Services (Seam #7) > ImagePipeline Contract > getProviders returns ImageService array
[ImagePipeline] Initialized with providers: grok (priority: 1), unsplash (priority: 3)

stdout | tests/contracts/image-services.contract.test.ts > Contract Tests: Image Services (Seam #7) > ImagePipeline Contract > testProviders returns Promise<Map<string, boolean>>
[ImagePipeline] Initialized with providers: grok (priority: 1), unsplash (priority: 3)

stdout | tests/contracts/image-services.contract.test.ts > Contract Tests: Image Services (Seam #7) > ImagePipeline Contract > testProviders returns Promise<Map<string, boolean>>
[Grok] Service unavailable: fetch failed

stdout | tests/contracts/image-services.contract.test.ts > Contract Tests: Image Services (Seam #7) > ImagePipeline Contract > singleton instance exports correct type
[ImagePipeline] Initialized with providers: grok (priority: 1), unsplash (priority: 3)

stderr | tests/contracts/image-services.contract.test.ts > Contract Tests: Image Services (Seam #7) > ImageResult Contract > successful result has correct shape
[Grok] Generation failed: fetch failed

stderr | tests/contracts/image-services.contract.test.ts > Contract Tests: Image Services (Seam #7) > ImageResult Contract > failed result has correct shape
[Grok] Generation failed: fetch failed

stdout | tests/contracts/image-services.contract.test.ts > Contract Tests: Image Services (Seam #7) > ImageResult Contract > cached result has correct shape
[ImagePipeline] Initialized with providers: grok (priority: 1), unsplash (priority: 3)

stdout | tests/contracts/image-services.contract.test.ts > Contract Tests: Image Services (Seam #7) > ImageResult Contract > cached result has correct shape
[Grok] Service unavailable: fetch failed

stdout | tests/contracts/image-services.contract.test.ts > Contract Tests: Image Services (Seam #7) > ImageResult Contract > cached result has correct shape
[ImagePipeline] grok not available

stderr | tests/contracts/image-services.contract.test.ts > Contract Tests: Image Services (Seam #7) > ImageResult Contract > cached result has correct shape
[ImagePipeline] All services exhausted, returning null

stdout | tests/contracts/image-services.contract.test.ts > Contract Tests: Image Services (Seam #7) > ImageResult Contract > cached result has correct shape
[ImagePipeline] unsplash not available

stdout | tests/contracts/image-services.contract.test.ts > Contract Tests: Image Services (Seam #7) > ImageResult Contract > cached result has correct shape
[Grok] Service unavailable: fetch failed

stdout | tests/contracts/image-services.contract.test.ts > Contract Tests: Image Services (Seam #7) > ImageResult Contract > cached result has correct shape
[ImagePipeline] grok not available

stdout | tests/unit/commands/CommandQueue.test.ts > CommandQueue > executeSequential > should throw if already executing
Command executed: wait { requestedDuration: [33m100[39m, actualDuration: [33m100[39m }

stdout | tests/unit/commands/CommandQueue.test.ts > CommandQueue > integration test > should execute a complete command sequence
Command executed: createSegment { segmentId: [32m'intro-1'[39m }

stdout | tests/unit/commands/CommandQueue.test.ts > CommandQueue > integration test > should execute a complete command sequence
Command executed: displayText { segmentId: [32m'intro-1'[39m, textLength: [33m29[39m }

stdout | tests/unit/commands/CommandQueue.test.ts > CommandQueue > integration test > should execute a complete command sequence
Command executed: displayChoices { choiceCount: [33m2[39m, hasIntrusiveThought: [33mfalse[39m }

stdout | tests/unit/commands/CommandQueue.test.ts > CommandQueue > integration test > should execute a complete command sequence
Command executed: wait { requestedDuration: [33m10[39m, actualDuration: [33m10[39m }

stdout | tests/unit/commands/CommandQueue.test.ts > CommandQueue > integration test > should execute a complete command sequence
Command executed: updateWorldState { updatedFields: [ [32m'horrorIntensity'[39m, [32m'setting'[39m ] }

stdout | tests/contracts/image-services.contract.test.ts > Contract Tests: Image Services (Seam #7) > ImageResult Contract > cached result has correct shape
[ImagePipeline] unsplash not available

stderr | tests/contracts/image-services.contract.test.ts > Contract Tests: Image Services (Seam #7) > ImageResult Contract > cached result has correct shape
[ImagePipeline] All services exhausted, returning null

stdout | tests/contracts/image-services.contract.test.ts > Contract Tests: Image Services (Seam #7) > Priority Ordering > services are ordered by priority
[ImagePipeline] Initialized with providers: grok (priority: 1), unsplash (priority: 3)

stdout | tests/contracts/image-services.contract.test.ts > Contract Tests: Image Services (Seam #7) > Service Interchangeability > all services can be used through ImageService interface
[Grok] Service unavailable: fetch failed

stderr | tests/contracts/image-services.contract.test.ts > Contract Tests: Image Services (Seam #7) > Service Interchangeability > all services can be used through ImageService interface
[Grok] Generation failed: fetch failed

stderr | tests/contracts/image-services.contract.test.ts > Contract Tests: Image Services (Seam #7) > Service Interchangeability > all services can be used through ImageService interface
[Unsplash] Search failed: fetch failed

stdout | tests/contracts/image-services.contract.test.ts > Contract Tests: Image Services (Seam #7) > Service Interchangeability > services can be registered in pipeline polymorphically
[ImagePipeline] Initialized with providers: grok (priority: 1), unsplash (priority: 3)

stderr | tests/contracts/image-services.contract.test.ts > Contract Tests: Image Services (Seam #7) > Error Handling Contracts > services never throw, always return ImageResult
[Grok] Generation failed: fetch failed

 ✓ tests/unit/commands/CommandQueue.test.ts (13 tests) 129ms
stderr | tests/contracts/image-services.contract.test.ts > Contract Tests: Image Services (Seam #7) > Error Handling Contracts > services never throw, always return ImageResult
[Unsplash] Search failed: fetch failed

stdout | tests/contracts/image-services.contract.test.ts > Contract Tests: Image Services (Seam #7) > Error Handling Contracts > pipeline never throws, returns null on complete failure
[ImagePipeline] Initialized with providers: grok (priority: 1), unsplash (priority: 3)

stdout | tests/contracts/image-services.contract.test.ts > Contract Tests: Image Services (Seam #7) > Error Handling Contracts > pipeline never throws, returns null on complete failure
[Grok] Service unavailable: fetch failed

stdout | tests/contracts/image-services.contract.test.ts > Contract Tests: Image Services (Seam #7) > Error Handling Contracts > pipeline never throws, returns null on complete failure
[ImagePipeline] grok not available

stderr | tests/contracts/image-services.contract.test.ts > Contract Tests: Image Services (Seam #7) > Error Handling Contracts > pipeline never throws, returns null on complete failure
[ImagePipeline] All services exhausted, returning null

stdout | tests/contracts/image-services.contract.test.ts > Contract Tests: Image Services (Seam #7) > Error Handling Contracts > pipeline never throws, returns null on complete failure
[ImagePipeline] unsplash not available

stdout | tests/contracts/image-services.contract.test.ts > Contract Tests: Image Services (Seam #7) > Error Handling Contracts > pipeline never throws, returns null on complete failure
[ImagePipeline] Generated for segment test-segment: via none ✗

stdout | tests/contracts/image-services.contract.test.ts > Contract Tests: Image Services (Seam #7) > Error Handling Contracts > generateWithFallback always returns valid ImageResult
[ImagePipeline] Initialized with providers: grok (priority: 1), unsplash (priority: 3)

stdout | tests/contracts/image-services.contract.test.ts > Contract Tests: Image Services (Seam #7) > Error Handling Contracts > generateWithFallback always returns valid ImageResult
[Grok] Service unavailable: fetch failed

stdout | tests/contracts/image-services.contract.test.ts > Contract Tests: Image Services (Seam #7) > Error Handling Contracts > generateWithFallback always returns valid ImageResult
[ImagePipeline] grok not available

stderr | tests/contracts/image-services.contract.test.ts > Contract Tests: Image Services (Seam #7) > Error Handling Contracts > generateWithFallback always returns valid ImageResult
[ImagePipeline] All services exhausted, returning null

stdout | tests/contracts/image-services.contract.test.ts > Contract Tests: Image Services (Seam #7) > Error Handling Contracts > generateWithFallback always returns valid ImageResult
[ImagePipeline] unsplash not available

stderr | tests/contracts/image-services.contract.test.ts > Contract Tests: Image Services (Seam #7) > Best-Effort Behavior Contract > services implement best-effort pattern
[Grok] Generation failed: fetch failed

stdout | tests/contracts/image-services.contract.test.ts > Contract Tests: Image Services (Seam #7) > Best-Effort Behavior Contract > pipeline implements fallback chain
[ImagePipeline] Initialized with providers: grok (priority: 1), unsplash (priority: 3)

stdout | tests/contracts/image-services.contract.test.ts > Contract Tests: Image Services (Seam #7) > Best-Effort Behavior Contract > pipeline implements fallback chain
[Grok] Service unavailable: fetch failed

stdout | tests/contracts/image-services.contract.test.ts > Contract Tests: Image Services (Seam #7) > Best-Effort Behavior Contract > pipeline implements fallback chain
[ImagePipeline] grok not available

stderr | tests/contracts/image-services.contract.test.ts > Contract Tests: Image Services (Seam #7) > Best-Effort Behavior Contract > pipeline implements fallback chain
[ImagePipeline] All services exhausted, returning null

stdout | tests/contracts/image-services.contract.test.ts > Contract Tests: Image Services (Seam #7) > Best-Effort Behavior Contract > pipeline implements fallback chain
[ImagePipeline] unsplash not available

 ✓ tests/contracts/image-services.contract.test.ts (34 tests) 159ms
 ✓ tests/integration/ai-command-integration.test.ts (9 tests) 209ms
 ✓ tests/unit/ui/screens/DescentScreen.test.tsx (12 tests) 176ms
 ✓ tests/unit/ui/screens/UnravelingScreen.test.tsx (12 tests) 191ms
 ✓ src/components/__tests__/CompactModelSelector.test.tsx (4 tests) 132ms
stdout | tests/unit/ai/unifiedAIService.test.ts > UnifiedAIService > generateWithFallback > should eventually succeed with mock provider
Successfully generated with mock

stdout | tests/unit/ai/unifiedAIService.test.ts > UnifiedAIService > generateWithFallback > should include response metadata
Fallback chain set to: grok → mock
Primary AI provider set to: grok

stdout | tests/unit/ai/unifiedAIService.test.ts > UnifiedAIService > generateWithFallback > should include response metadata
Fallback chain set to: mock

stdout | tests/unit/ai/unifiedAIService.test.ts > UnifiedAIService > generateWithFallback > should include response metadata
Attempting generation with mock...

 ✓ src/components/__tests__/ErrorBoundary.test.tsx (3 tests) 71ms
stdout | tests/contracts/ai-services.contract.test.ts > UnifiedAIService Contract > generateWithFallback returns Promise<AIResponse>
Fallback chain set to: mock

stdout | tests/contracts/ai-services.contract.test.ts > UnifiedAIService Contract > generateWithFallback returns Promise<AIResponse>
Attempting generation with mock...

 ✓ tests/unit/ui/components/LoadingIndicator.test.tsx (12 tests) 78ms
stdout | tests/unit/ai/unifiedAIService.test.ts > UnifiedAIService > generateWithFallback > should include response metadata
Successfully generated with mock

stdout | tests/unit/ai/unifiedAIService.test.ts > UnifiedAIService > generateWithFallback > should handle provider that returns no commands
Fallback chain set to: grok → mock
Primary AI provider set to: grok

stdout | tests/unit/ai/unifiedAIService.test.ts > UnifiedAIService > generateWithFallback > should handle provider that returns no commands
Fallback chain set to: mock

stdout | tests/unit/ai/unifiedAIService.test.ts > UnifiedAIService > generateWithFallback > should handle provider that returns no commands
Attempting generation with mock...

stdout | tests/contracts/ai-services.contract.test.ts > UnifiedAIService Contract > generateWithFallback returns Promise<AIResponse>
Successfully generated with mock

stdout | tests/contracts/ai-services.contract.test.ts > UnifiedAIService Contract > generateWithFallback response matches AIResponse contract
Fallback chain set to: mock

stdout | tests/contracts/ai-services.contract.test.ts > UnifiedAIService Contract > generateWithFallback response matches AIResponse contract
Attempting generation with mock...

stdout | tests/unit/ai/unifiedAIService.test.ts > UnifiedAIService > generateWithFallback > should handle provider that returns no commands
Successfully generated with mock

stdout | tests/unit/ai/unifiedAIService.test.ts > UnifiedAIService > testProvider > should test mock provider successfully
Fallback chain set to: grok → mock
Primary AI provider set to: grok

stdout | tests/unit/ai/unifiedAIService.test.ts > UnifiedAIService > testProvider > should include latency measurement
Fallback chain set to: grok → mock
Primary AI provider set to: grok

stdout | tests/unit/ai/unifiedAIService.test.ts > UnifiedAIService > testProvider > should report unavailable for providers without API keys
Fallback chain set to: grok → mock
Primary AI provider set to: grok

stdout | tests/contracts/command-executors.contract.test.ts > Contract Tests: Command Executors (Seam #5) > All Executors (Cross-Cutting Concerns) > all executors return properly typed ExecutionResult
Image generation requested for prompt: A dark corridor

stderr | tests/unit/ai/unifiedAIService.test.ts > UnifiedAIService > testProvider > should report unavailable for providers without API keys
Grok availability check failed: TypeError: fetch failed
[90m    at node:internal/deps/undici/undici:14900:13[39m
[90m    at processTicksAndRejections (node:internal/process/task_queues:105:5)[39m
    at GrokService.isAvailable [90m(/home/user/Apophenia/[39msrc/services/ai/grokService.ts:40:24[90m)[39m
    at UnifiedAIServiceImpl.testProvider [90m(/home/user/Apophenia/[39msrc/services/ai/unifiedAIService.ts:119:27[90m)[39m
    at [90m/home/user/Apophenia/[39mtests/unit/ai/unifiedAIService.test.ts:148:22
    at [90mfile:///home/user/Apophenia/[39mnode_modules/[4m@vitest/runner[24m/dist/chunk-hooks.js:752:20 {
  [cause]: Error: getaddrinfo EAI_AGAIN api.x.ai
  [90m    at GetAddrInfoReqWrap.onlookupall [as oncomplete] (node:dns:122:26)[39m {
    errno: [33m-3001[39m,
    code: [32m'EAI_AGAIN'[39m,
    syscall: [32m'getaddrinfo'[39m,
    hostname: [32m'api.x.ai'[39m
  }
}

stdout | tests/unit/ai/unifiedAIService.test.ts > UnifiedAIService > testAllProviders > should test all providers
Fallback chain set to: grok → mock
Primary AI provider set to: grok

stderr | tests/unit/ai/unifiedAIService.test.ts > UnifiedAIService > testAllProviders > should test all providers
Grok availability check failed: TypeError: fetch failed
[90m    at node:internal/deps/undici/undici:14900:13[39m
[90m    at processTicksAndRejections (node:internal/process/task_queues:105:5)[39m
    at GrokService.isAvailable [90m(/home/user/Apophenia/[39msrc/services/ai/grokService.ts:40:24[90m)[39m
    at UnifiedAIServiceImpl.testProvider [90m(/home/user/Apophenia/[39msrc/services/ai/unifiedAIService.ts:119:27[90m)[39m
    at [90m/home/user/Apophenia/[39msrc/services/ai/unifiedAIService.ts:155:22
    at async Promise.all (index 0)
    at UnifiedAIServiceImpl.testAllProviders [90m(/home/user/Apophenia/[39msrc/services/ai/unifiedAIService.ts:159:5[90m)[39m
    at [90m/home/user/Apophenia/[39mtests/unit/ai/unifiedAIService.test.ts:161:23
    at [90mfile:///home/user/Apophenia/[39mnode_modules/[4m@vitest/runner[24m/dist/chunk-hooks.js:752:20 {
  [cause]: Error: getaddrinfo EAI_AGAIN api.x.ai
  [90m    at GetAddrInfoReqWrap.onlookupall [as oncomplete] (node:dns:122:26)[39m {
    errno: [33m-3001[39m,
    code: [32m'EAI_AGAIN'[39m,
    syscall: [32m'getaddrinfo'[39m,
    hostname: [32m'api.x.ai'[39m
  }
}

stdout | tests/unit/ai/unifiedAIService.test.ts > UnifiedAIService > testAllProviders > should include results for active providers
Fallback chain set to: grok → mock
Primary AI provider set to: grok

stderr | tests/unit/ai/unifiedAIService.test.ts > UnifiedAIService > testAllProviders > should include results for active providers
Grok availability check failed: TypeError: fetch failed
[90m    at node:internal/deps/undici/undici:14900:13[39m
[90m    at processTicksAndRejections (node:internal/process/task_queues:105:5)[39m
    at GrokService.isAvailable [90m(/home/user/Apophenia/[39msrc/services/ai/grokService.ts:40:24[90m)[39m
    at UnifiedAIServiceImpl.testProvider [90m(/home/user/Apophenia/[39msrc/services/ai/unifiedAIService.ts:119:27[90m)[39m
    at [90m/home/user/Apophenia/[39msrc/services/ai/unifiedAIService.ts:155:22
    at async Promise.all (index 0)
    at UnifiedAIServiceImpl.testAllProviders [90m(/home/user/Apophenia/[39msrc/services/ai/unifiedAIService.ts:159:5[90m)[39m
    at [90m/home/user/Apophenia/[39mtests/unit/ai/unifiedAIService.test.ts:174:23
    at [90mfile:///home/user/Apophenia/[39mnode_modules/[4m@vitest/runner[24m/dist/chunk-hooks.js:752:20 {
  [cause]: Error: getaddrinfo EAI_AGAIN api.x.ai
  [90m    at GetAddrInfoReqWrap.onlookupall [as oncomplete] (node:dns:122:26)[39m {
    errno: [33m-3001[39m,
    code: [32m'EAI_AGAIN'[39m,
    syscall: [32m'getaddrinfo'[39m,
    hostname: [32m'api.x.ai'[39m
  }
}

 ✓ tests/unit/ai/unifiedAIService.test.ts (11 tests) 2774ms
   ✓ UnifiedAIService > generateWithFallback > should eventually succeed with mock provider  822ms
   ✓ UnifiedAIService > generateWithFallback > should include response metadata  918ms
   ✓ UnifiedAIService > generateWithFallback > should handle provider that returns no commands  946ms
stdout | tests/contracts/ai-services.contract.test.ts > UnifiedAIService Contract > generateWithFallback response matches AIResponse contract
Successfully generated with mock

stdout | tests/contracts/command-executors.contract.test.ts > Contract Tests: Command Executors (Seam #5) > CommandQueue Contract > executeNext returns Promise<ExecutionResult>
Command executed: wait { requestedDuration: [33m1000[39m, actualDuration: [33m1000[39m }

 ✓ tests/contracts/ai-services.contract.test.ts (50 tests | 13 skipped) 5051ms
   ✓ UnifiedAIService Contract > generate returns Promise<AIResponse>  1343ms
   ✓ UnifiedAIService Contract > generateWithFallback returns Promise<AIResponse>  900ms
   ✓ UnifiedAIService Contract > generateWithFallback response matches AIResponse contract  727ms
   ✓ Command Type Contract Compliance > Mock service generates valid discriminated union commands  789ms
   ✓ Command Type Contract Compliance > Mock service generates expected command sequence  627ms
   ✓ Command Type Contract Compliance > displayChoices command includes choices array  556ms
 ✓ tests/unit/ui/effects/GlitchEffect.test.tsx (8 tests) 55ms
stdout | src/services/ai/imageGeneration/__tests__/fallbackChain.test.ts > Image Generation Strategy Pattern > Orchestrator > should generate image with fallback chain
[ImageGenerationOrchestrator] Starting image generation for: "test cosmic horror scene"
[ImageGenerationOrchestrator] Trying Backend API...
[BackendAPIStrategy] Attempting backend API generation...

stderr | src/services/ai/imageGeneration/__tests__/fallbackChain.test.ts > Image Generation Strategy Pattern > Orchestrator > should generate image with fallback chain
[BackendAPIStrategy] Failed: BackendAPIError: Unexpected error: Failed to parse URL from /api/generate-image
    at BackendAPIService.generateImage [90m(/home/user/Apophenia/[39msrc/services/ai/backendAPIService.ts:122:13[90m)[39m
[90m    at processTicksAndRejections (node:internal/process/task_queues:105:5)[39m
    at BackendAPIStrategy.generate [90m(/home/user/Apophenia/[39msrc/services/ai/imageGeneration/ImageGenerationStrategy.ts:48:22[90m)[39m
    at ImageGenerationOrchestrator.generateImage [90m(/home/user/Apophenia/[39msrc/services/ai/imageGeneration/ImageGenerationOrchestrator.ts:87:24[90m)[39m
    at [90m/home/user/Apophenia/[39msrc/services/ai/imageGeneration/__tests__/fallbackChain.test.ts:71:22
    at [90mfile:///home/user/Apophenia/[39mnode_modules/[4m@vitest/runner[24m/dist/chunk-hooks.js:752:20 {
  status: [33m0[39m,
  context: [32m'unexpected-error'[39m,
  response: TypeError: Failed to parse URL from /api/generate-image
  [90m    at node:internal/deps/undici/undici:14900:13[39m
  [90m    at processTicksAndRejections (node:internal/process/task_queues:105:5)[39m
      at BackendAPIService.generateImage [90m(/home/user/Apophenia/[39msrc/services/ai/backendAPIService.ts:56:24[90m)[39m
      at BackendAPIStrategy.generate [90m(/home/user/Apophenia/[39msrc/services/ai/imageGeneration/ImageGenerationStrategy.ts:48:22[90m)[39m
      at ImageGenerationOrchestrator.generateImage [90m(/home/user/Apophenia/[39msrc/services/ai/imageGeneration/ImageGenerationOrchestrator.ts:87:24[90m)[39m
      at [90m/home/user/Apophenia/[39msrc/services/ai/imageGeneration/__tests__/fallbackChain.test.ts:71:22
      at [90mfile:///home/user/Apophenia/[39mnode_modules/[4m@vitest/runner[24m/dist/chunk-hooks.js:752:20 {
    [cause]: TypeError: Invalid URL: /api/generate-image
        at new URLImpl [90m(/home/user/Apophenia/[39mnode_modules/[4mwhatwg-url[24m/lib/URL-impl.js:20:13[90m)[39m
        at Object.exports.setup [90m(/home/user/Apophenia/[39mnode_modules/[4mwhatwg-url[24m/lib/URL.js:54:12[90m)[39m
        at new URL [90m(/home/user/Apophenia/[39mnode_modules/[4mwhatwg-url[24m/lib/URL.js:115:22[90m)[39m
    [90m    at new Request (node:internal/deps/undici/undici:9776:25)[39m
    [90m    at fetch (node:internal/deps/undici/undici:10505:25)[39m
    [90m    at fetch (node:internal/deps/undici/undici:14898:10)[39m
    [90m    at fetch (node:internal/bootstrap/web/exposed-window-or-worker:75:12)[39m
        at BackendAPIService.generateImage [90m(/home/user/Apophenia/[39msrc/services/ai/backendAPIService.ts:56:30[90m)[39m
        at BackendAPIStrategy.generate [90m(/home/user/Apophenia/[39msrc/services/ai/imageGeneration/ImageGenerationStrategy.ts:48:46[90m)[39m
    [90m    at processTicksAndRejections (node:internal/process/task_queues:105:5)[39m
  }
}

stdout | src/services/ai/imageGeneration/__tests__/fallbackChain.test.ts > Image Generation Strategy Pattern > Orchestrator > should generate image with fallback chain
[ImageGenerationOrchestrator] Skipping Imagen Primary (cannot attempt)
[ImageGenerationOrchestrator] Skipping Imagen Secondary (cannot attempt)
[ImageGenerationOrchestrator] Trying Unsplash Fallback...
[UnsplashFallbackStrategy] Using Unsplash fallback...
Generated Unsplash URL with keywords: otherworldly,dark,horror,test,cosmic

stdout | src/services/ai/imageGeneration/__tests__/fallbackChain.test.ts > Image Generation Strategy Pattern > Orchestrator > should generate image with fallback chain
[ImageGenerationOrchestrator] ✓ Success with Unsplash Fallback

stdout | src/services/ai/imageGeneration/__tests__/fallbackChain.test.ts > Image Generation Strategy Pattern > Orchestrator > should generate multiple image variations
[ImageGenerationOrchestrator] Generating 3 variations in parallel...
[ImageGenerationOrchestrator] Starting image generation for: "test horror variations. Photorealistic cosmic horror style, atmospheric nightmare lighting, surreal otherworldly aesthetics, lovecraftian eldritch elements, psychological horror atmosphere, high contrast cinematic composition, digital consciousness themes, reality distortion effects, close-up perspective, intimate horror"
[ImageGenerationOrchestrator] Trying Backend API...
[BackendAPIStrategy] Attempting backend API generation...
[ImageGenerationOrchestrator] Starting image generation for: "test horror variations. Photorealistic cosmic horror style, atmospheric nightmare lighting, surreal otherworldly aesthetics, lovecraftian eldritch elements, psychological horror atmosphere, high contrast cinematic composition, digital consciousness themes, reality distortion effects, wide-angle view, environmental terror"
[ImageGenerationOrchestrator] Trying Backend API...
[BackendAPIStrategy] Attempting backend API generation...
[ImageGenerationOrchestrator] Starting image generation for: "test horror variations. Photorealistic cosmic horror style, atmospheric nightmare lighting, surreal otherworldly aesthetics, lovecraftian eldritch elements, psychological horror atmosphere, high contrast cinematic composition, digital consciousness themes, reality distortion effects, dramatic lighting, shadow play emphasis"
[ImageGenerationOrchestrator] Trying Backend API...
[BackendAPIStrategy] Attempting backend API generation...

stderr | src/services/ai/imageGeneration/__tests__/fallbackChain.test.ts > Image Generation Strategy Pattern > Orchestrator > should generate multiple image variations
[BackendAPIStrategy] Failed: BackendAPIError: Unexpected error: Failed to parse URL from /api/generate-image
    at BackendAPIService.generateImage [90m(/home/user/Apophenia/[39msrc/services/ai/backendAPIService.ts:122:13[90m)[39m
[90m    at processTicksAndRejections (node:internal/process/task_queues:105:5)[39m
    at BackendAPIStrategy.generate [90m(/home/user/Apophenia/[39msrc/services/ai/imageGeneration/ImageGenerationStrategy.ts:48:22[90m)[39m
    at ImageGenerationOrchestrator.generateImage [90m(/home/user/Apophenia/[39msrc/services/ai/imageGeneration/ImageGenerationOrchestrator.ts:87:24[90m)[39m
    at [90m/home/user/Apophenia/[39msrc/services/ai/imageGeneration/ImageGenerationOrchestrator.ts:127:26
    at async Promise.all (index 0)
    at ImageGenerationOrchestrator.generateImageVariations [90m(/home/user/Apophenia/[39msrc/services/ai/imageGeneration/ImageGenerationOrchestrator.ts:152:23[90m)[39m
    at [90m/home/user/Apophenia/[39msrc/services/ai/imageGeneration/__tests__/fallbackChain.test.ts:82:22
    at [90mfile:///home/user/Apophenia/[39mnode_modules/[4m@vitest/runner[24m/dist/chunk-hooks.js:752:20 {
  status: [33m0[39m,
  context: [32m'unexpected-error'[39m,
  response: TypeError: Failed to parse URL from /api/generate-image
  [90m    at node:internal/deps/undici/undici:14900:13[39m
  [90m    at processTicksAndRejections (node:internal/process/task_queues:105:5)[39m
      at BackendAPIService.generateImage [90m(/home/user/Apophenia/[39msrc/services/ai/backendAPIService.ts:56:24[90m)[39m
      at BackendAPIStrategy.generate [90m(/home/user/Apophenia/[39msrc/services/ai/imageGeneration/ImageGenerationStrategy.ts:48:22[90m)[39m
      at ImageGenerationOrchestrator.generateImage [90m(/home/user/Apophenia/[39msrc/services/ai/imageGeneration/ImageGenerationOrchestrator.ts:87:24[90m)[39m
      at [90m/home/user/Apophenia/[39msrc/services/ai/imageGeneration/ImageGenerationOrchestrator.ts:127:26
      at async Promise.all (index 0)
      at ImageGenerationOrchestrator.generateImageVariations [90m(/home/user/Apophenia/[39msrc/services/ai/imageGeneration/ImageGenerationOrchestrator.ts:152:23[90m)[39m
      at [90m/home/user/Apophenia/[39msrc/services/ai/imageGeneration/__tests__/fallbackChain.test.ts:82:22
      at [90mfile:///home/user/Apophenia/[39mnode_modules/[4m@vitest/runner[24m/dist/chunk-hooks.js:752:20 {
    [cause]: TypeError: Invalid URL: /api/generate-image
        at new URLImpl [90m(/home/user/Apophenia/[39mnode_modules/[4mwhatwg-url[24m/lib/URL-impl.js:20:13[90m)[39m
        at Object.exports.setup [90m(/home/user/Apophenia/[39mnode_modules/[4mwhatwg-url[24m/lib/URL.js:54:12[90m)[39m
        at new URL [90m(/home/user/Apophenia/[39mnode_modules/[4mwhatwg-url[24m/lib/URL.js:115:22[90m)[39m
    [90m    at new Request (node:internal/deps/undici/undici:9776:25)[39m
    [90m    at fetch (node:internal/deps/undici/undici:10505:25)[39m
    [90m    at fetch (node:internal/deps/undici/undici:14898:10)[39m
    [90m    at fetch (node:internal/bootstrap/web/exposed-window-or-worker:75:12)[39m
        at BackendAPIService.generateImage [90m(/home/user/Apophenia/[39msrc/services/ai/backendAPIService.ts:56:30[90m)[39m
        at BackendAPIStrategy.generate [90m(/home/user/Apophenia/[39msrc/services/ai/imageGeneration/ImageGenerationStrategy.ts:48:46[90m)[39m
    [90m    at processTicksAndRejections (node:internal/process/task_queues:105:5)[39m
  }
}
[BackendAPIStrategy] Failed: BackendAPIError: Unexpected error: Failed to parse URL from /api/generate-image
    at BackendAPIService.generateImage [90m(/home/user/Apophenia/[39msrc/services/ai/backendAPIService.ts:122:13[90m)[39m
[90m    at processTicksAndRejections (node:internal/process/task_queues:105:5)[39m
    at BackendAPIStrategy.generate [90m(/home/user/Apophenia/[39msrc/services/ai/imageGeneration/ImageGenerationStrategy.ts:48:22[90m)[39m
    at ImageGenerationOrchestrator.generateImage [90m(/home/user/Apophenia/[39msrc/services/ai/imageGeneration/ImageGenerationOrchestrator.ts:87:24[90m)[39m
    at [90m/home/user/Apophenia/[39msrc/services/ai/imageGeneration/ImageGenerationOrchestrator.ts:127:26
    at async Promise.all (index 1)
    at ImageGenerationOrchestrator.generateImageVariations [90m(/home/user/Apophenia/[39msrc/services/ai/imageGeneration/ImageGenerationOrchestrator.ts:152:23[90m)[39m
    at [90m/home/user/Apophenia/[39msrc/services/ai/imageGeneration/__tests__/fallbackChain.test.ts:82:22
    at [90mfile:///home/user/Apophenia/[39mnode_modules/[4m@vitest/runner[24m/dist/chunk-hooks.js:752:20 {
  status: [33m0[39m,
  context: [32m'unexpected-error'[39m,
  response: TypeError: Failed to parse URL from /api/generate-image
  [90m    at node:internal/deps/undici/undici:14900:13[39m
  [90m    at processTicksAndRejections (node:internal/process/task_queues:105:5)[39m
      at BackendAPIService.generateImage [90m(/home/user/Apophenia/[39msrc/services/ai/backendAPIService.ts:56:24[90m)[39m
      at BackendAPIStrategy.generate [90m(/home/user/Apophenia/[39msrc/services/ai/imageGeneration/ImageGenerationStrategy.ts:48:22[90m)[39m
      at ImageGenerationOrchestrator.generateImage [90m(/home/user/Apophenia/[39msrc/services/ai/imageGeneration/ImageGenerationOrchestrator.ts:87:24[90m)[39m
      at [90m/home/user/Apophenia/[39msrc/services/ai/imageGeneration/ImageGenerationOrchestrator.ts:127:26
      at async Promise.all (index 1)
      at ImageGenerationOrchestrator.generateImageVariations [90m(/home/user/Apophenia/[39msrc/services/ai/imageGeneration/ImageGenerationOrchestrator.ts:152:23[90m)[39m
      at [90m/home/user/Apophenia/[39msrc/services/ai/imageGeneration/__tests__/fallbackChain.test.ts:82:22
      at [90mfile:///home/user/Apophenia/[39mnode_modules/[4m@vitest/runner[24m/dist/chunk-hooks.js:752:20 {
    [cause]: TypeError: Invalid URL: /api/generate-image
        at new URLImpl [90m(/home/user/Apophenia/[39mnode_modules/[4mwhatwg-url[24m/lib/URL-impl.js:20:13[90m)[39m
        at Object.exports.setup [90m(/home/user/Apophenia/[39mnode_modules/[4mwhatwg-url[24m/lib/URL.js:54:12[90m)[39m
        at new URL [90m(/home/user/Apophenia/[39mnode_modules/[4mwhatwg-url[24m/lib/URL.js:115:22[90m)[39m
    [90m    at new Request (node:internal/deps/undici/undici:9776:25)[39m
    [90m    at fetch (node:internal/deps/undici/undici:10505:25)[39m
    [90m    at fetch (node:internal/deps/undici/undici:14898:10)[39m
    [90m    at fetch (node:internal/bootstrap/web/exposed-window-or-worker:75:12)[39m
        at BackendAPIService.generateImage [90m(/home/user/Apophenia/[39msrc/services/ai/backendAPIService.ts:56:30[90m)[39m
        at BackendAPIStrategy.generate [90m(/home/user/Apophenia/[39msrc/services/ai/imageGeneration/ImageGenerationStrategy.ts:48:46[90m)[39m
    [90m    at processTicksAndRejections (node:internal/process/task_queues:105:5)[39m
  }
}
[BackendAPIStrategy] Failed: BackendAPIError: Unexpected error: Failed to parse URL from /api/generate-image
    at BackendAPIService.generateImage [90m(/home/user/Apophenia/[39msrc/services/ai/backendAPIService.ts:122:13[90m)[39m
[90m    at processTicksAndRejections (node:internal/process/task_queues:105:5)[39m
    at BackendAPIStrategy.generate [90m(/home/user/Apophenia/[39msrc/services/ai/imageGeneration/ImageGenerationStrategy.ts:48:22[90m)[39m
    at ImageGenerationOrchestrator.generateImage [90m(/home/user/Apophenia/[39msrc/services/ai/imageGeneration/ImageGenerationOrchestrator.ts:87:24[90m)[39m
    at [90m/home/user/Apophenia/[39msrc/services/ai/imageGeneration/ImageGenerationOrchestrator.ts:127:26
    at async Promise.all (index 2)
    at ImageGenerationOrchestrator.generateImageVariations [90m(/home/user/Apophenia/[39msrc/services/ai/imageGeneration/ImageGenerationOrchestrator.ts:152:23[90m)[39m
    at [90m/home/user/Apophenia/[39msrc/services/ai/imageGeneration/__tests__/fallbackChain.test.ts:82:22
    at [90mfile:///home/user/Apophenia/[39mnode_modules/[4m@vitest/runner[24m/dist/chunk-hooks.js:752:20 {
  status: [33m0[39m,
  context: [32m'unexpected-error'[39m,
  response: TypeError: Failed to parse URL from /api/generate-image
  [90m    at node:internal/deps/undici/undici:14900:13[39m
  [90m    at processTicksAndRejections (node:internal/process/task_queues:105:5)[39m
      at BackendAPIService.generateImage [90m(/home/user/Apophenia/[39msrc/services/ai/backendAPIService.ts:56:24[90m)[39m
      at BackendAPIStrategy.generate [90m(/home/user/Apophenia/[39msrc/services/ai/imageGeneration/ImageGenerationStrategy.ts:48:22[90m)[39m
      at ImageGenerationOrchestrator.generateImage [90m(/home/user/Apophenia/[39msrc/services/ai/imageGeneration/ImageGenerationOrchestrator.ts:87:24[90m)[39m
      at [90m/home/user/Apophenia/[39msrc/services/ai/imageGeneration/ImageGenerationOrchestrator.ts:127:26
      at async Promise.all (index 2)
      at ImageGenerationOrchestrator.generateImageVariations [90m(/home/user/Apophenia/[39msrc/services/ai/imageGeneration/ImageGenerationOrchestrator.ts:152:23[90m)[39m
      at [90m/home/user/Apophenia/[39msrc/services/ai/imageGeneration/__tests__/fallbackChain.test.ts:82:22
      at [90mfile:///home/user/Apophenia/[39mnode_modules/[4m@vitest/runner[24m/dist/chunk-hooks.js:752:20 {
    [cause]: TypeError: Invalid URL: /api/generate-image
        at new URLImpl [90m(/home/user/Apophenia/[39mnode_modules/[4mwhatwg-url[24m/lib/URL-impl.js:20:13[90m)[39m
        at Object.exports.setup [90m(/home/user/Apophenia/[39mnode_modules/[4mwhatwg-url[24m/lib/URL.js:54:12[90m)[39m
        at new URL [90m(/home/user/Apophenia/[39mnode_modules/[4mwhatwg-url[24m/lib/URL.js:115:22[90m)[39m
    [90m    at new Request (node:internal/deps/undici/undici:9776:25)[39m
    [90m    at fetch (node:internal/deps/undici/undici:10505:25)[39m
    [90m    at fetch (node:internal/deps/undici/undici:14898:10)[39m
    [90m    at fetch (node:internal/bootstrap/web/exposed-window-or-worker:75:12)[39m
        at BackendAPIService.generateImage [90m(/home/user/Apophenia/[39msrc/services/ai/backendAPIService.ts:56:30[90m)[39m
        at BackendAPIStrategy.generate [90m(/home/user/Apophenia/[39msrc/services/ai/imageGeneration/ImageGenerationStrategy.ts:48:46[90m)[39m
    [90m    at processTicksAndRejections (node:internal/process/task_queues:105:5)[39m
  }
}

stdout | src/services/ai/imageGeneration/__tests__/fallbackChain.test.ts > Image Generation Strategy Pattern > Orchestrator > should generate multiple image variations
[ImageGenerationOrchestrator] Skipping Imagen Primary (cannot attempt)
[ImageGenerationOrchestrator] Skipping Imagen Secondary (cannot attempt)
[ImageGenerationOrchestrator] Trying Unsplash Fallback...
[UnsplashFallbackStrategy] Using Unsplash fallback...
Generated Unsplash URL with keywords: eerie,horror,surreal,test,horror
[ImageGenerationOrchestrator] Skipping Imagen Primary (cannot attempt)
[ImageGenerationOrchestrator] Skipping Imagen Secondary (cannot attempt)
[ImageGenerationOrchestrator] Trying Unsplash Fallback...
[UnsplashFallbackStrategy] Using Unsplash fallback...
Generated Unsplash URL with keywords: atmospheric,cosmic,otherworldly,test,horror
[ImageGenerationOrchestrator] Skipping Imagen Primary (cannot attempt)
[ImageGenerationOrchestrator] Skipping Imagen Secondary (cannot attempt)
[ImageGenerationOrchestrator] Trying Unsplash Fallback...
[UnsplashFallbackStrategy] Using Unsplash fallback...
Generated Unsplash URL with keywords: nightmare,ominous,mysterious,test,horror
[ImageGenerationOrchestrator] ✓ Success with Unsplash Fallback
[ImageGenerationOrchestrator] ✓ Success with Unsplash Fallback
[ImageGenerationOrchestrator] ✓ Success with Unsplash Fallback

stdout | src/services/ai/imageGeneration/__tests__/fallbackChain.test.ts > Image Generation Strategy Pattern > Orchestrator > should generate multiple image variations
[ImageGenerationOrchestrator] ✓ Generated 3 variations, selected #0

stdout | src/services/ai/imageGeneration/__tests__/fallbackChain.test.ts > Image Generation Strategy Pattern > Unsplash Fallback > should generate Unsplash URL
Generated Unsplash URL with keywords: ominous,horror,dark,horror,scene

stdout | src/services/ai/imageGeneration/__tests__/fallbackChain.test.ts > Image Generation Strategy Pattern > Fallback Chain Integration > should test complete fallback chain
[BackendAPIStrategy] Attempting backend API generation...

stderr | src/services/ai/imageGeneration/__tests__/fallbackChain.test.ts > Image Generation Strategy Pattern > Fallback Chain Integration > should test complete fallback chain
[BackendAPIStrategy] Failed: BackendAPIError: Unexpected error: Failed to parse URL from /api/generate-image
    at BackendAPIService.generateImage [90m(/home/user/Apophenia/[39msrc/services/ai/backendAPIService.ts:122:13[90m)[39m
[90m    at processTicksAndRejections (node:internal/process/task_queues:105:5)[39m
    at BackendAPIStrategy.generate [90m(/home/user/Apophenia/[39msrc/services/ai/imageGeneration/ImageGenerationStrategy.ts:48:22[90m)[39m
    at ImageGenerationOrchestrator.testFallbackChain [90m(/home/user/Apophenia/[39msrc/services/ai/imageGeneration/ImageGenerationOrchestrator.ts:220:24[90m)[39m
    at [90m/home/user/Apophenia/[39msrc/services/ai/imageGeneration/__tests__/fallbackChain.test.ts:131:23
    at [90mfile:///home/user/Apophenia/[39mnode_modules/[4m@vitest/runner[24m/dist/chunk-hooks.js:752:20 {
  status: [33m0[39m,
  context: [32m'unexpected-error'[39m,
  response: TypeError: Failed to parse URL from /api/generate-image
  [90m    at node:internal/deps/undici/undici:14900:13[39m
  [90m    at processTicksAndRejections (node:internal/process/task_queues:105:5)[39m
      at BackendAPIService.generateImage [90m(/home/user/Apophenia/[39msrc/services/ai/backendAPIService.ts:56:24[90m)[39m
      at BackendAPIStrategy.generate [90m(/home/user/Apophenia/[39msrc/services/ai/imageGeneration/ImageGenerationStrategy.ts:48:22[90m)[39m
      at ImageGenerationOrchestrator.testFallbackChain [90m(/home/user/Apophenia/[39msrc/services/ai/imageGeneration/ImageGenerationOrchestrator.ts:220:24[90m)[39m
      at [90m/home/user/Apophenia/[39msrc/services/ai/imageGeneration/__tests__/fallbackChain.test.ts:131:23
      at [90mfile:///home/user/Apophenia/[39mnode_modules/[4m@vitest/runner[24m/dist/chunk-hooks.js:752:20 {
    [cause]: TypeError: Invalid URL: /api/generate-image
        at new URLImpl [90m(/home/user/Apophenia/[39mnode_modules/[4mwhatwg-url[24m/lib/URL-impl.js:20:13[90m)[39m
        at Object.exports.setup [90m(/home/user/Apophenia/[39mnode_modules/[4mwhatwg-url[24m/lib/URL.js:54:12[90m)[39m
        at new URL [90m(/home/user/Apophenia/[39mnode_modules/[4mwhatwg-url[24m/lib/URL.js:115:22[90m)[39m
    [90m    at new Request (node:internal/deps/undici/undici:9776:25)[39m
    [90m    at fetch (node:internal/deps/undici/undici:10505:25)[39m
    [90m    at fetch (node:internal/deps/undici/undici:14898:10)[39m
    [90m    at fetch (node:internal/bootstrap/web/exposed-window-or-worker:75:12)[39m
        at BackendAPIService.generateImage [90m(/home/user/Apophenia/[39msrc/services/ai/backendAPIService.ts:56:30[90m)[39m
        at BackendAPIStrategy.generate [90m(/home/user/Apophenia/[39msrc/services/ai/imageGeneration/ImageGenerationStrategy.ts:48:46[90m)[39m
    [90m    at processTicksAndRejections (node:internal/process/task_queues:105:5)[39m
  }
}

stdout | src/services/ai/imageGeneration/__tests__/fallbackChain.test.ts > Image Generation Strategy Pattern > Fallback Chain Integration > should test complete fallback chain
[UnsplashFallbackStrategy] Using Unsplash fallback...
Generated Unsplash URL with keywords: cosmic,abstract,horror,test,fallback

stdout | src/services/ai/imageGeneration/__tests__/fallbackChain.test.ts > Image Generation Strategy Pattern > Fallback Chain Integration > should test complete fallback chain
[SVGFallbackStrategy] Using emergency SVG fallback...

 ✓ src/components/__tests__/GameScreen.test.tsx (3 tests) 61ms
 ✓ src/services/ai/imageGeneration/__tests__/fallbackChain.test.ts (14 tests) 35ms
stdout | tests/contracts/command-executors.contract.test.ts > Contract Tests: Command Executors (Seam #5) > CommandQueue Contract > executeNext reduces queue size
Command executed: wait { requestedDuration: [33m1000[39m, actualDuration: [33m1000[39m }

stdout | tests/unit/images/ImagePipeline.test.ts
[ImagePipeline] Initialized with providers: grok (priority: 1), unsplash (priority: 3)

stdout | tests/unit/images/ImagePipeline.test.ts > ImagePipeline > initialization > should initialize with default services
[ImagePipeline] Initialized with providers: grok (priority: 1), unsplash (priority: 3)
[ImagePipeline] Cache cleared

stdout | tests/unit/images/ImagePipeline.test.ts > ImagePipeline > initialization > should sort services by priority
[ImagePipeline] Initialized with providers: grok (priority: 1), unsplash (priority: 3)
[ImagePipeline] Cache cleared

stdout | tests/unit/images/ImagePipeline.test.ts > ImagePipeline > initialization > should sort services by priority
[ImagePipeline] Initialized with providers: second (priority: 1), third (priority: 2), first (priority: 3)

stdout | tests/unit/images/ImagePipeline.test.ts > ImagePipeline > initialization > should accept custom services
[ImagePipeline] Initialized with providers: grok (priority: 1), unsplash (priority: 3)
[ImagePipeline] Cache cleared

stdout | tests/unit/images/ImagePipeline.test.ts > ImagePipeline > initialization > should accept custom services
[ImagePipeline] Initialized with providers: custom (priority: 1)

stdout | tests/unit/images/ImagePipeline.test.ts > ImagePipeline > image generation > should generate image from first available service
[ImagePipeline] Initialized with providers: grok (priority: 1), unsplash (priority: 3)
[ImagePipeline] Cache cleared

stdout | tests/unit/images/ImagePipeline.test.ts > ImagePipeline > image generation > should generate image from first available service
[ImagePipeline] Initialized with providers: service1 (priority: 1), service2 (priority: 2)

stdout | tests/unit/images/ImagePipeline.test.ts > ImagePipeline > image generation > should generate image from first available service
[ImagePipeline] Trying service1...

stdout | tests/unit/images/ImagePipeline.test.ts > ImagePipeline > image generation > should generate image from first available service
[ImagePipeline] ✓ Generated via service1

stdout | tests/unit/images/ImagePipeline.test.ts > ImagePipeline > image generation > should fallback to next service on failure
[ImagePipeline] Initialized with providers: grok (priority: 1), unsplash (priority: 3)
[ImagePipeline] Cache cleared

stdout | tests/unit/images/ImagePipeline.test.ts > ImagePipeline > image generation > should fallback to next service on failure
[ImagePipeline] Initialized with providers: service1 (priority: 1), service2 (priority: 2)

stdout | tests/unit/images/ImagePipeline.test.ts > ImagePipeline > image generation > should fallback to next service on failure
[ImagePipeline] Trying service1...

stdout | tests/unit/images/ImagePipeline.test.ts > ImagePipeline > image generation > should fallback to next service on failure
[ImagePipeline] service1 returned null: Mock service failed

stdout | tests/unit/images/ImagePipeline.test.ts > ImagePipeline > image generation > should fallback to next service on failure
[ImagePipeline] Trying service2...

stdout | tests/unit/images/ImagePipeline.test.ts > ImagePipeline > image generation > should fallback to next service on failure
[ImagePipeline] ✓ Generated via service2

stdout | tests/unit/images/ImagePipeline.test.ts > ImagePipeline > image generation > should return null when all services fail
[ImagePipeline] Initialized with providers: grok (priority: 1), unsplash (priority: 3)
[ImagePipeline] Cache cleared

stdout | tests/unit/images/ImagePipeline.test.ts > ImagePipeline > image generation > should return null when all services fail
[ImagePipeline] Initialized with providers: service1 (priority: 1), service2 (priority: 2)

stdout | tests/unit/images/ImagePipeline.test.ts > ImagePipeline > image generation > should return null when all services fail
[ImagePipeline] Trying service1...

stdout | tests/unit/images/ImagePipeline.test.ts > ImagePipeline > image generation > should return null when all services fail
[ImagePipeline] service1 returned null: Mock service failed

stdout | tests/unit/images/ImagePipeline.test.ts > ImagePipeline > image generation > should return null when all services fail
[ImagePipeline] Trying service2...

stderr | tests/unit/images/ImagePipeline.test.ts > ImagePipeline > image generation > should return null when all services fail
[ImagePipeline] All services exhausted, returning null

stdout | tests/unit/images/ImagePipeline.test.ts > ImagePipeline > image generation > should return null when all services fail
[ImagePipeline] service2 returned null: Mock service failed

stdout | tests/unit/images/ImagePipeline.test.ts > ImagePipeline > image generation > should use segmentId in generate method
[ImagePipeline] Initialized with providers: grok (priority: 1), unsplash (priority: 3)
[ImagePipeline] Cache cleared

stdout | tests/unit/images/ImagePipeline.test.ts > ImagePipeline > image generation > should use segmentId in generate method
[ImagePipeline] Initialized with providers: test (priority: 1)

stdout | tests/unit/images/ImagePipeline.test.ts > ImagePipeline > image generation > should use segmentId in generate method
[ImagePipeline] Trying test...

stdout | tests/unit/images/ImagePipeline.test.ts > ImagePipeline > image generation > should use segmentId in generate method
[ImagePipeline] ✓ Generated via test

stdout | tests/unit/images/ImagePipeline.test.ts > ImagePipeline > image generation > should use segmentId in generate method
[ImagePipeline] Generated for segment segment-123: via test ✓

stdout | tests/unit/images/ImagePipeline.test.ts > ImagePipeline > caching > should cache successful results
[ImagePipeline] Initialized with providers: grok (priority: 1), unsplash (priority: 3)
[ImagePipeline] Cache cleared

stdout | tests/unit/images/ImagePipeline.test.ts > ImagePipeline > caching > should cache successful results
[ImagePipeline] Initialized with providers: test (priority: 1)

stdout | tests/unit/images/ImagePipeline.test.ts > ImagePipeline > caching > should cache successful results
[ImagePipeline] Trying test...

stdout | tests/unit/images/ImagePipeline.test.ts > ImagePipeline > caching > should cache successful results
[ImagePipeline] ✓ Generated via test

stdout | tests/unit/images/ImagePipeline.test.ts > ImagePipeline > caching > should not cache failed results
[ImagePipeline] Initialized with providers: grok (priority: 1), unsplash (priority: 3)
[ImagePipeline] Cache cleared

stdout | tests/unit/images/ImagePipeline.test.ts > ImagePipeline > caching > should not cache failed results
[ImagePipeline] Initialized with providers: service1 (priority: 1), service2 (priority: 2)

stdout | tests/unit/images/ImagePipeline.test.ts > ImagePipeline > caching > should not cache failed results
[ImagePipeline] Trying service1...

stdout | tests/unit/images/ImagePipeline.test.ts > ImagePipeline > caching > should not cache failed results
[ImagePipeline] service1 returned null: Mock service failed

stdout | tests/unit/images/ImagePipeline.test.ts > ImagePipeline > caching > should not cache failed results
[ImagePipeline] Trying service2...

stdout | tests/unit/images/ImagePipeline.test.ts > ImagePipeline > caching > should not cache failed results
[ImagePipeline] ✓ Generated via service2

stdout | tests/unit/images/ImagePipeline.test.ts > ImagePipeline > caching > should have separate cache entries for different prompts
[ImagePipeline] Initialized with providers: grok (priority: 1), unsplash (priority: 3)
[ImagePipeline] Cache cleared

stdout | tests/unit/images/ImagePipeline.test.ts > ImagePipeline > caching > should have separate cache entries for different prompts
[ImagePipeline] Initialized with providers: test (priority: 1)

stdout | tests/unit/images/ImagePipeline.test.ts > ImagePipeline > caching > should have separate cache entries for different prompts
[ImagePipeline] Trying test...

stdout | tests/unit/images/ImagePipeline.test.ts > ImagePipeline > caching > should have separate cache entries for different prompts
[ImagePipeline] ✓ Generated via test

stdout | tests/unit/images/ImagePipeline.test.ts > ImagePipeline > caching > should have separate cache entries for different prompts
[ImagePipeline] Initialized with providers: test (priority: 1)

stdout | tests/unit/images/ImagePipeline.test.ts > ImagePipeline > caching > should have separate cache entries for different prompts
[ImagePipeline] Trying test...

stdout | tests/unit/images/ImagePipeline.test.ts > ImagePipeline > caching > should have separate cache entries for different prompts
[ImagePipeline] ✓ Generated via test

stdout | tests/unit/images/ImagePipeline.test.ts > ImagePipeline > caching > should clear cache
[ImagePipeline] Initialized with providers: grok (priority: 1), unsplash (priority: 3)
[ImagePipeline] Cache cleared

stdout | tests/unit/images/ImagePipeline.test.ts > ImagePipeline > caching > should clear cache
[ImagePipeline] Initialized with providers: test (priority: 1)
[ImagePipeline] Cache cleared
[ImagePipeline] Trying test...

stdout | tests/unit/images/ImagePipeline.test.ts > ImagePipeline > caching > should clear cache
[ImagePipeline] ✓ Generated via test

stdout | tests/unit/images/ImagePipeline.test.ts > ImagePipeline > caching > should prune expired cache entries
[ImagePipeline] Initialized with providers: grok (priority: 1), unsplash (priority: 3)
[ImagePipeline] Cache cleared

stdout | tests/unit/images/ImagePipeline.test.ts > ImagePipeline > caching > should prune expired cache entries
[ImagePipeline] Initialized with providers: test (priority: 1)

stdout | tests/unit/images/ImagePipeline.test.ts > ImagePipeline > caching > should prune expired cache entries
[ImagePipeline] Trying test...

stdout | tests/unit/images/ImagePipeline.test.ts > ImagePipeline > caching > should prune expired cache entries
[ImagePipeline] ✓ Generated via test

stdout | tests/unit/images/ImagePipeline.test.ts > ImagePipeline > provider management > should return list of providers
[ImagePipeline] Initialized with providers: grok (priority: 1), unsplash (priority: 3)
[ImagePipeline] Cache cleared

stdout | tests/unit/images/ImagePipeline.test.ts > ImagePipeline > provider management > should return list of providers
[ImagePipeline] Initialized with providers: service1 (priority: 1), service2 (priority: 2)

stdout | tests/unit/images/ImagePipeline.test.ts > ImagePipeline > provider management > should test all providers
[ImagePipeline] Initialized with providers: grok (priority: 1), unsplash (priority: 3)
[ImagePipeline] Cache cleared

stdout | tests/unit/images/ImagePipeline.test.ts > ImagePipeline > provider management > should test all providers
[ImagePipeline] Initialized with providers: service1 (priority: 1), service2 (priority: 2)

stdout | tests/unit/images/ImagePipeline.test.ts > ImagePipeline > provider management > should handle provider test errors gracefully
[ImagePipeline] Initialized with providers: grok (priority: 1), unsplash (priority: 3)
[ImagePipeline] Cache cleared

stdout | tests/unit/images/ImagePipeline.test.ts > ImagePipeline > provider management > should handle provider test errors gracefully
[ImagePipeline] Initialized with providers: test (priority: 1)

stderr | tests/unit/images/ImagePipeline.test.ts > ImagePipeline > provider management > should handle provider test errors gracefully
[ImagePipeline] Provider test failed for test: Error: Test error
    at [90m/home/user/Apophenia/[39mtests/unit/images/ImagePipeline.test.ts:240:59
    at [90mfile:///home/user/Apophenia/[39mnode_modules/[4m@vitest/runner[24m/dist/chunk-hooks.js:155:11
    at [90mfile:///home/user/Apophenia/[39mnode_modules/[4m@vitest/runner[24m/dist/chunk-hooks.js:752:26
    at [90mfile:///home/user/Apophenia/[39mnode_modules/[4m@vitest/runner[24m/dist/chunk-hooks.js:1897:20
    at new Promise (<anonymous>)
    at runWithTimeout [90m(file:///home/user/Apophenia/[39mnode_modules/[4m@vitest/runner[24m/dist/chunk-hooks.js:1863:10[90m)[39m
    at runTest [90m(file:///home/user/Apophenia/[39mnode_modules/[4m@vitest/runner[24m/dist/chunk-hooks.js:1574:12[90m)[39m
[90m    at processTicksAndRejections (node:internal/process/task_queues:105:5)[39m
    at runSuite [90m(file:///home/user/Apophenia/[39mnode_modules/[4m@vitest/runner[24m/dist/chunk-hooks.js:1729:8[90m)[39m
    at runSuite [90m(file:///home/user/Apophenia/[39mnode_modules/[4m@vitest/runner[24m/dist/chunk-hooks.js:1729:8[90m)[39m

stdout | tests/unit/images/ImagePipeline.test.ts > ImagePipeline > cache statistics > should return cache stats
[ImagePipeline] Initialized with providers: grok (priority: 1), unsplash (priority: 3)
[ImagePipeline] Cache cleared

stdout | tests/unit/images/ImagePipeline.test.ts > ImagePipeline > cache statistics > should return cache stats
[ImagePipeline] Initialized with providers: test (priority: 1)

stdout | tests/unit/images/ImagePipeline.test.ts > ImagePipeline > cache statistics > should track fill percentage
[ImagePipeline] Initialized with providers: grok (priority: 1), unsplash (priority: 3)
[ImagePipeline] Cache cleared

stdout | tests/unit/images/ImagePipeline.test.ts > ImagePipeline > cache statistics > should track fill percentage
[ImagePipeline] Initialized with providers: test (priority: 1)
[ImagePipeline] Cache cleared

stdout | tests/unit/images/ImagePipeline.test.ts > ImagePipeline > cache statistics > should track fill percentage
[ImagePipeline] Trying test...

stdout | tests/unit/images/ImagePipeline.test.ts > ImagePipeline > cache statistics > should track fill percentage
[ImagePipeline] ✓ Generated via test

stdout | tests/unit/images/ImagePipeline.test.ts > ImagePipeline > cache statistics > should track fill percentage
[ImagePipeline] Trying test...

stdout | tests/unit/images/ImagePipeline.test.ts > ImagePipeline > cache statistics > should track fill percentage
[ImagePipeline] ✓ Generated via test

stdout | tests/unit/images/ImagePipeline.test.ts > ImagePipeline > cache statistics > should track fill percentage
[ImagePipeline] Trying test...

stdout | tests/unit/images/ImagePipeline.test.ts > ImagePipeline > cache statistics > should track fill percentage
[ImagePipeline] ✓ Generated via test

stdout | tests/unit/images/ImagePipeline.test.ts > ImagePipeline > cache statistics > should track fill percentage
[ImagePipeline] Trying test...

stdout | tests/unit/images/ImagePipeline.test.ts > ImagePipeline > cache statistics > should track fill percentage
[ImagePipeline] ✓ Generated via test

stdout | tests/unit/images/ImagePipeline.test.ts > ImagePipeline > cache statistics > should track fill percentage
[ImagePipeline] Trying test...

stdout | tests/unit/images/ImagePipeline.test.ts > ImagePipeline > cache statistics > should track fill percentage
[ImagePipeline] ✓ Generated via test

stdout | tests/unit/images/ImagePipeline.test.ts > ImagePipeline > best-effort behavior > should not throw on generation failure
[ImagePipeline] Initialized with providers: grok (priority: 1), unsplash (priority: 3)
[ImagePipeline] Cache cleared

stdout | tests/unit/images/ImagePipeline.test.ts > ImagePipeline > best-effort behavior > should not throw on generation failure
[ImagePipeline] Initialized with providers: test (priority: 1)

stdout | tests/unit/images/ImagePipeline.test.ts > ImagePipeline > best-effort behavior > should not throw on generation failure
[ImagePipeline] Trying test...

stdout | tests/unit/images/ImagePipeline.test.ts > ImagePipeline > best-effort behavior > should not throw on generation failure
[ImagePipeline] test returned null: Mock service failed

stderr | tests/unit/images/ImagePipeline.test.ts > ImagePipeline > best-effort behavior > should not throw on generation failure
[ImagePipeline] All services exhausted, returning null

stdout | tests/unit/images/ImagePipeline.test.ts > ImagePipeline > best-effort behavior > should return valid ImageResult structure
[ImagePipeline] Initialized with providers: grok (priority: 1), unsplash (priority: 3)
[ImagePipeline] Cache cleared

stdout | tests/unit/images/ImagePipeline.test.ts > ImagePipeline > best-effort behavior > should return valid ImageResult structure
[ImagePipeline] Initialized with providers: test (priority: 1)

stdout | tests/unit/images/ImagePipeline.test.ts > ImagePipeline > best-effort behavior > should return valid ImageResult structure
[ImagePipeline] Trying test...

stdout | tests/unit/images/ImagePipeline.test.ts > ImagePipeline > best-effort behavior > should return valid ImageResult structure
[ImagePipeline] ✓ Generated via test

 ✓ tests/unit/images/ImagePipeline.test.ts (19 tests) 30ms
 ✓ src/components/__tests__/Button.test.tsx (5 tests) 57ms
 ✓ tests/unit/ui/effects/CorruptionEffect.test.tsx (6 tests) 57ms
 ✓ tests/unit/ui/theme/ThemeProvider.test.tsx (5 tests) 52ms
stderr | tests/unit/ai/responseParser.test.ts > ResponseParser > extractCommands > should handle invalid commands gracefully
Invalid command skipped: { type: [32m'invalidCommand'[39m, payload: {} } ZodError: [
  {
    "code": "invalid_union_discriminator",
    "options": [
      "createSegment",
      "displayText",
      "displayChoices",
      "generateImage",
      "updateWorldState",
      "wait",
      "applyCorruption",
      "browserEffect",
      "reviseHistory",
      "quantumShift"
    ],
    "path": [
      "type"
    ],
    "message": "Invalid discriminator value. Expected 'createSegment' | 'displayText' | 'displayChoices' | 'generateImage' | 'updateWorldState' | 'wait' | 'applyCorruption' | 'browserEffect' | 'reviseHistory' | 'quantumShift'"
  }
]
    at Object.get error [as error] [90m(file:///home/user/Apophenia/[39mnode_modules/[4mzod[24m/v3/types.js:39:31[90m)[39m
    at ZodDiscriminatedUnion.parse [90m(file:///home/user/Apophenia/[39mnode_modules/[4mzod[24m/v3/types.js:114:22[90m)[39m
    at ResponseParserImpl.validateCommands [90m(/home/user/Apophenia/[39msrc/services/ai/responseParser.ts:92:48[90m)[39m
    at ResponseParserImpl.extractCommands [90m(/home/user/Apophenia/[39msrc/services/ai/responseParser.ts:57:19[90m)[39m
    at [90m/home/user/Apophenia/[39mtests/unit/ai/responseParser.test.ts:63:39
    at [90mfile:///home/user/Apophenia/[39mnode_modules/[4m@vitest/runner[24m/dist/chunk-hooks.js:155:11
    at [90mfile:///home/user/Apophenia/[39mnode_modules/[4m@vitest/runner[24m/dist/chunk-hooks.js:752:26
    at [90mfile:///home/user/Apophenia/[39mnode_modules/[4m@vitest/runner[24m/dist/chunk-hooks.js:1897:20
    at new Promise (<anonymous>)
    at runWithTimeout [90m(file:///home/user/Apophenia/[39mnode_modules/[4m@vitest/runner[24m/dist/chunk-hooks.js:1863:10[90m)[39m {
  issues: [
    {
      code: [32m'invalid_union_discriminator'[39m,
      options: [36m[Array][39m,
      path: [36m[Array][39m,
      message: [32m"Invalid discriminator value. Expected 'createSegment' | 'displayText' | 'displayChoices' | 'generateImage' | 'updateWorldState' | 'wait' | 'applyCorruption' | 'browserEffect' | 'reviseHistory' | 'quantumShift'"[39m
    }
  ],
  addIssue: [36m[Function (anonymous)][39m,
  addIssues: [36m[Function (anonymous)][39m,
  errors: [
    {
      code: [32m'invalid_union_discriminator'[39m,
      options: [36m[Array][39m,
      path: [36m[Array][39m,
      message: [32m"Invalid discriminator value. Expected 'createSegment' | 'displayText' | 'displayChoices' | 'generateImage' | 'updateWorldState' | 'wait' | 'applyCorruption' | 'browserEffect' | 'reviseHistory' | 'quantumShift'"[39m
    }
  ]
}

stderr | tests/unit/ai/responseParser.test.ts > ResponseParser > extractCommands > should return empty array for malformed JSON
Failed to extract commands from response: SyntaxError: Unexpected token 'T', "This is no"... is not valid JSON
    at JSON.parse (<anonymous>)
    at ResponseParserImpl.extractCommands [90m(/home/user/Apophenia/[39msrc/services/ai/responseParser.ts:49:27[90m)[39m
    at [90m/home/user/Apophenia/[39mtests/unit/ai/responseParser.test.ts:74:39
    at [90mfile:///home/user/Apophenia/[39mnode_modules/[4m@vitest/runner[24m/dist/chunk-hooks.js:155:11
    at [90mfile:///home/user/Apophenia/[39mnode_modules/[4m@vitest/runner[24m/dist/chunk-hooks.js:752:26
    at [90mfile:///home/user/Apophenia/[39mnode_modules/[4m@vitest/runner[24m/dist/chunk-hooks.js:1897:20
    at new Promise (<anonymous>)
    at runWithTimeout [90m(file:///home/user/Apophenia/[39mnode_modules/[4m@vitest/runner[24m/dist/chunk-hooks.js:1863:10[90m)[39m
    at runTest [90m(file:///home/user/Apophenia/[39mnode_modules/[4m@vitest/runner[24m/dist/chunk-hooks.js:1574:12[90m)[39m
[90m    at processTicksAndRejections (node:internal/process/task_queues:105:5)[39m
Response text: This is not JSON at all

stderr | tests/unit/ai/responseParser.test.ts > ResponseParser > extractCommands > should wrap single object in array
Response is not an array, wrapping in array

stderr | tests/unit/ai/responseParser.test.ts > ResponseParser > extractJSON > should return null for invalid schema
Failed to extract and validate JSON: ZodError: [
  {
    "code": "invalid_type",
    "expected": "number",
    "received": "undefined",
    "path": [
      "age"
    ],
    "message": "Required"
  }
]
    at Object.get error [as error] [90m(file:///home/user/Apophenia/[39mnode_modules/[4mzod[24m/v3/types.js:39:31[90m)[39m
    at ZodObject.parse [90m(file:///home/user/Apophenia/[39mnode_modules/[4mzod[24m/v3/types.js:114:22[90m)[39m
    at ResponseParserImpl.extractJSON [90m(/home/user/Apophenia/[39msrc/services/ai/responseParser.ts:109:21[90m)[39m
    at [90m/home/user/Apophenia/[39mtests/unit/ai/responseParser.test.ts:127:37
    at [90mfile:///home/user/Apophenia/[39mnode_modules/[4m@vitest/runner[24m/dist/chunk-hooks.js:155:11
    at [90mfile:///home/user/Apophenia/[39mnode_modules/[4m@vitest/runner[24m/dist/chunk-hooks.js:752:26
    at [90mfile:///home/user/Apophenia/[39mnode_modules/[4m@vitest/runner[24m/dist/chunk-hooks.js:1897:20
    at new Promise (<anonymous>)
    at runWithTimeout [90m(file:///home/user/Apophenia/[39mnode_modules/[4m@vitest/runner[24m/dist/chunk-hooks.js:1863:10[90m)[39m
    at runTest [90m(file:///home/user/Apophenia/[39mnode_modules/[4m@vitest/runner[24m/dist/chunk-hooks.js:1574:12[90m)[39m {
  issues: [
    {
      code: [32m'invalid_type'[39m,
      expected: [32m'number'[39m,
      received: [32m'undefined'[39m,
      path: [36m[Array][39m,
      message: [32m'Required'[39m
    }
  ],
  addIssue: [36m[Function (anonymous)][39m,
  addIssues: [36m[Function (anonymous)][39m,
  errors: [
    {
      code: [32m'invalid_type'[39m,
      expected: [32m'number'[39m,
      received: [32m'undefined'[39m,
      path: [36m[Array][39m,
      message: [32m'Required'[39m
    }
  ]
}

stderr | tests/unit/ai/responseParser.test.ts > ResponseParser > extractJSON > should return null for malformed JSON
Failed to extract and validate JSON: SyntaxError: Unexpected token 'N', "Not JSON" is not valid JSON
    at JSON.parse (<anonymous>)
    at ResponseParserImpl.extractJSON [90m(/home/user/Apophenia/[39msrc/services/ai/responseParser.ts:108:27[90m)[39m
    at [90m/home/user/Apophenia/[39mtests/unit/ai/responseParser.test.ts:139:37
    at [90mfile:///home/user/Apophenia/[39mnode_modules/[4m@vitest/runner[24m/dist/chunk-hooks.js:155:11
    at [90mfile:///home/user/Apophenia/[39mnode_modules/[4m@vitest/runner[24m/dist/chunk-hooks.js:752:26
    at [90mfile:///home/user/Apophenia/[39mnode_modules/[4m@vitest/runner[24m/dist/chunk-hooks.js:1897:20
    at new Promise (<anonymous>)
    at runWithTimeout [90m(file:///home/user/Apophenia/[39mnode_modules/[4m@vitest/runner[24m/dist/chunk-hooks.js:1863:10[90m)[39m
    at runTest [90m(file:///home/user/Apophenia/[39mnode_modules/[4m@vitest/runner[24m/dist/chunk-hooks.js:1574:12[90m)[39m
[90m    at processTicksAndRejections (node:internal/process/task_queues:105:5)[39m

 ✓ tests/unit/ai/responseParser.test.ts (14 tests) 27ms
 ✓ tests/contracts/engines.contract.test.ts (91 tests) 26ms
 ✓ tests/contracts/state-stores.contract.test.ts (53 tests) 25ms
stdout | tests/contracts/command-executors.contract.test.ts > Contract Tests: Command Executors (Seam #5) > CommandQueue Contract > executeSequential returns Promise<ExecutionResult[]>
Command executed: createSegment { segmentId: [32m'test-segment-1'[39m }

 ✓ tests/unit/state/historyStore.test.ts (19 tests) 11ms
stdout | tests/contracts/command-executors.contract.test.ts > Contract Tests: Command Executors (Seam #5) > CommandQueue Contract > executeSequential returns Promise<ExecutionResult[]>
Command executed: wait { requestedDuration: [33m1000[39m, actualDuration: [33m1001[39m }

stdout | tests/contracts/command-executors.contract.test.ts > Contract Tests: Command Executors (Seam #5) > CommandQueue Contract > executeSequential returns Promise<ExecutionResult[]>
Command executed: displayText { segmentId: [32m'test-segment-1'[39m, textLength: [33m22[39m }

stdout | tests/contracts/command-executors.contract.test.ts > Contract Tests: Command Executors (Seam #5) > CommandQueue Contract > executeSequential maintains command order
Command executed: createSegment { segmentId: [32m'test-segment-1'[39m }

stdout | tests/contracts/command-executors.contract.test.ts > Contract Tests: Command Executors (Seam #5) > CommandQueue Contract > executeSequential maintains command order
Command executed: displayText { segmentId: [32m'test-segment-1'[39m, textLength: [33m22[39m }

stdout | tests/contracts/flows.contract.test.ts > Contract Tests: Flows (Seam #6) > UnravelingFlow Interface Compliance > initialize accepts GenreConfig and returns Promise<void>
🌀 Unraveling phase initialized - reality is collapsing

stdout | tests/contracts/flows.contract.test.ts > Contract Tests: Flows (Seam #6) > FlowCoordinator Contract > transitionTo accepts GameState and returns Promise<void>
🔄 Flow transition: Descent (state: descending)

stdout | tests/contracts/flows.contract.test.ts > Contract Tests: Flows (Seam #6) > FlowCoordinator Contract > executeEngines returns Promise<EngineOutput[]>
⚙️  Executed 2 engines

stdout | tests/contracts/flows.contract.test.ts > Contract Tests: Flows (Seam #6) > FlowCoordinator Contract > executeCommands returns Promise<ExecutionResult[]>
🎯 Executing 1 commands

stdout | tests/contracts/flows.contract.test.ts > Contract Tests: Flows (Seam #6) > Cross-Flow Interface Consistency > flows can be used interchangeably through GameFlow interface
🌀 Unraveling phase initialized - reality is collapsing

 ✓ tests/contracts/flows.contract.test.ts (27 tests) 21ms
stdout | tests/contracts/command-executors.contract.test.ts > Contract Tests: Command Executors (Seam #5) > CommandQueue Contract > executeSequential maintains command order
Command executed: wait { requestedDuration: [33m1000[39m, actualDuration: [33m1000[39m }

stdout | tests/contracts/command-executors.contract.test.ts > Contract Tests: Command Executors (Seam #5) > CommandQueue Contract > executeSequential continues on command failure
Command executed: wait { requestedDuration: [33m1000[39m, actualDuration: [33m1001[39m }

stderr | tests/contracts/command-executors.contract.test.ts > Contract Tests: Command Executors (Seam #5) > CommandQueue Contract > executeSequential continues on command failure
Command failed: wait Missing duration

stderr | tests/contracts/command-executors.contract.test.ts > Contract Tests: Command Executors (Seam #5) > CommandQueue Contract > executeSequential continues on command failure
Command failed but continuing: Missing duration

stderr | tests/unit/images/imageServices.test.ts > Image Services > GrokImageService > should return failure when no API key configured
[Grok] Generation failed: Cannot read properties of undefined (reading 'ok')

stdout | tests/unit/images/imageServices.test.ts > Image Services > GrokImageService > should return false when API unavailable
[Grok] Service unavailable: Network error

stderr | tests/unit/images/imageServices.test.ts > Image Services > GrokImageService > should handle API errors gracefully
[Grok] API error (401): Unauthorized

 ✓ tests/unit/images/imageServices.test.ts (15 tests) 17ms
 ✓ tests/unit/engines/AllEngines.test.ts (32 tests) 18ms
stdout | tests/contracts/command-executors.contract.test.ts > Contract Tests: Command Executors (Seam #5) > CommandQueue Contract > executeSequential continues on command failure
Command executed: wait { requestedDuration: [33m1000[39m, actualDuration: [33m1000[39m }

stdout | tests/contracts/command-executors.contract.test.ts > Contract Tests: Command Executors (Seam #5) > CommandQueue + All Executors Integration > can execute all 10 command types through queue
Command executed: createSegment { segmentId: [32m'test-segment-1'[39m }

stdout | tests/contracts/command-executors.contract.test.ts > Contract Tests: Command Executors (Seam #5) > CommandQueue + All Executors Integration > can execute all 10 command types through queue
Command executed: displayText { segmentId: [32m'test-segment-1'[39m, textLength: [33m22[39m }

stdout | tests/contracts/command-executors.contract.test.ts > Contract Tests: Command Executors (Seam #5) > CommandQueue + All Executors Integration > can execute all 10 command types through queue
Command executed: displayChoices { choiceCount: [33m2[39m, hasIntrusiveThought: [33mfalse[39m }

stdout | tests/contracts/command-executors.contract.test.ts > Contract Tests: Command Executors (Seam #5) > CommandQueue + All Executors Integration > can execute all 10 command types through queue
Image generation requested for prompt: A dark corridor

stdout | tests/contracts/command-executors.contract.test.ts > Contract Tests: Command Executors (Seam #5) > CommandQueue + All Executors Integration > can execute all 10 command types through queue
Command executed: generateImage {
  segmentId: [32m'test-segment-1'[39m,
  cached: [33mfalse[39m,
  priority: [32m'high'[39m,
  async: [33mtrue[39m
}

stdout | tests/contracts/command-executors.contract.test.ts > Contract Tests: Command Executors (Seam #5) > CommandQueue + All Executors Integration > can execute all 10 command types through queue
Command executed: updateWorldState { updatedFields: [ [32m'corruptionLevel'[39m, [32m'horrorIntensity'[39m ] }

 ✓ tests/contracts/config.contract.test.ts (33 tests) 14ms
 ✓ tests/contracts/ui-components.contract.test.ts (24 tests) 14ms
 ✓ tests/unit/images/LRUTTLCache.test.ts (18 tests) 9ms
 ✓ tests/unit/state/StateManager.test.ts (14 tests) 11ms
 ✓ tests/unit/state/playerProfileStore.test.ts (17 tests) 12ms
stdout | tests/unit/commands/displayText.test.ts > DisplayTextExecutor > displayWithEffect > should not throw for any effect type
Displaying text with typewriter effect: Test

stdout | tests/unit/commands/displayText.test.ts > DisplayTextExecutor > displayWithEffect > should not throw for any effect type
Displaying text with glitch effect: Test

stdout | tests/unit/commands/displayText.test.ts > DisplayTextExecutor > displayWithEffect > should not throw for any effect type
Displaying text with fade effect: Test

 ✓ tests/unit/commands/displayText.test.ts (10 tests) 13ms
 ✓ tests/unit/engines/TemporalRevisionEngine.test.ts (8 tests) 8ms
 ✓ tests/unit/state/gameStateStore.test.ts (12 tests) 8ms
stdout | tests/contracts/command-executors.contract.test.ts > Contract Tests: Command Executors (Seam #5) > CommandQueue + All Executors Integration > can execute all 10 command types through queue
Command executed: wait { requestedDuration: [33m1000[39m, actualDuration: [33m1000[39m }

stdout | tests/contracts/command-executors.contract.test.ts > Contract Tests: Command Executors (Seam #5) > CommandQueue + All Executors Integration > can execute all 10 command types through queue
Command executed: applyCorruption {
  corruptionLevel: [33m50[39m,
  effectCount: [33m2[39m,
  effects: [ [32m'glitch'[39m, [32m'distortion'[39m ],
  healthDecrease: [33m5[39m
}

stdout | tests/contracts/command-executors.contract.test.ts > Contract Tests: Command Executors (Seam #5) > CommandQueue + All Executors Integration > can execute all 10 command types through queue
Command executed: browserEffect { effectType: [32m'changeTitle'[39m, value: [32m'Test Title'[39m }

stdout | tests/contracts/command-executors.contract.test.ts > Contract Tests: Command Executors (Seam #5) > CommandQueue + All Executors Integration > can execute all 10 command types through queue
Command executed: reviseHistory {
  segmentId: [32m'test-segment-1'[39m,
  originalLength: [33m22[39m,
  newLength: [33m17[39m,
  revised: [33mtrue[39m
}

stdout | tests/contracts/command-executors.contract.test.ts > Contract Tests: Command Executors (Seam #5) > CommandQueue + All Executors Integration > can execute all 10 command types through queue
Command executed: quantumShift { timeline: [32m'alpha'[39m, shiftTime: [33m1762963542537[39m, segmentCount: [33m8[39m }

 ✓ tests/contracts/command-executors.contract.test.ts (118 tests) 12058ms
   ✓ Contract Tests: Command Executors (Seam #5) > wait Executor > execute returns Promise<ExecutionResult>  1001ms
   ✓ Contract Tests: Command Executors (Seam #5) > wait Executor > execute result contains correct command reference  1001ms
   ✓ Contract Tests: Command Executors (Seam #5) > wait Executor > execute returns consistent result shape on success and failure  1001ms
   ✓ Contract Tests: Command Executors (Seam #5) > All Executors (Cross-Cutting Concerns) > all executors return properly typed ExecutionResult  1002ms
   ✓ Contract Tests: Command Executors (Seam #5) > CommandQueue Contract > executeNext returns Promise<ExecutionResult>  1001ms
   ✓ Contract Tests: Command Executors (Seam #5) > CommandQueue Contract > executeNext reduces queue size  1001ms
   ✓ Contract Tests: Command Executors (Seam #5) > CommandQueue Contract > executeAll returns Promise<ExecutionResult[]>  1001ms
   ✓ Contract Tests: Command Executors (Seam #5) > CommandQueue Contract > executeSequential returns Promise<ExecutionResult[]>  1003ms
   ✓ Contract Tests: Command Executors (Seam #5) > CommandQueue Contract > executeSequential maintains command order  1002ms
   ✓ Contract Tests: Command Executors (Seam #5) > CommandQueue Contract > executeSequential continues on command failure  2002ms
   ✓ Contract Tests: Command Executors (Seam #5) > CommandQueue + All Executors Integration > can execute all 10 command types through queue  1004ms
 ✓ tests/unit/state/worldStateStore.test.ts (16 tests) 9ms
 ✓ tests/unit/commands/updateWorldState.test.ts (11 tests) 8ms
 ❯ tests/unit/ai/mockService.test.ts (12 tests | 1 failed) 13102ms
   ✓ MockService > isAvailable > should always return true 1ms
   ✓ MockService > generateResponse > should generate a valid response  1326ms
   ✓ MockService > generateResponse > should generate valid commands  1144ms
   ✓ MockService > generateResponse > should include narrative text  602ms
   ✓ MockService > generateResponse > should include choices  1163ms
   × MockService > generateResponse > should sometimes include intrusive thoughts 5008ms
     → Test timed out in 5000ms.
If this is a long-running test, pass a timeout value as the last argument or configure it globally with "testTimeout".
   ✓ MockService > generateResponse > should increase horror intensity  1334ms
   ✓ MockService > generateResponse > should simulate latency  1393ms
   ✓ MockService > generateResponse > should include metadata  1127ms
   ✓ MockService > estimateTokens > should estimate tokens correctly 0ms
   ✓ MockService > estimateTokens > should handle empty string 0ms
   ✓ MockService > estimateTokens > should handle long text 0ms
 ✓ tests/unit/flows/FlowContextBuilder.test.ts (7 tests) 9ms
 ✓ src/stores/__tests__/gameStateStore.test.ts (6 tests) 8ms
 ✓ tests/unit/commands/createSegment.test.ts (10 tests) 9ms
 ✓ tests/unit/commands/applyCorruption.test.ts (10 tests) 7ms
 ✓ tests/integration/engine-state-integration.test.ts (6 tests) 6ms
 ✓ tests/unit/ai/promptBuilder.test.ts (13 tests) 6ms
 ✓ tests/unit/engines/RealityCorruptionEngine.test.ts (7 tests) 5ms
 ✓ tests/unit/engines/AdaptiveHorrorEngine.test.ts (7 tests) 5ms

⎯⎯⎯⎯⎯⎯ Failed Suites 6 ⎯⎯⎯⎯⎯⎯⎯

 FAIL  src/services/gameService.spec.ts [ src/services/gameService.spec.ts ]
Error: Failed to resolve import "./ai/engines" from "src/services/gameService.spec.ts". Does the file exist?
  Plugin: vite:import-analysis
  File: /home/user/Apophenia/src/services/gameService.spec.ts:13:25
  11 |  import { generateImageFlow } from "./ai/secureGenkit";
  12 |  import { summarizeHistoryFlow } from "./flows/summaryFlow";
  13 |  import * as engines from "./ai/engines";
     |                            ^
  14 |  jest.mock("./ai/unifiedAIService");
  15 |  jest.mock("./ai/secureGenkit");
 ❯ TransformPluginContext._formatLog node_modules/vite/dist/node/chunks/config.js:29608:43
 ❯ TransformPluginContext.error node_modules/vite/dist/node/chunks/config.js:29605:14
 ❯ normalizeUrl node_modules/vite/dist/node/chunks/config.js:27728:18
 ❯ node_modules/vite/dist/node/chunks/config.js:27786:32
 ❯ TransformPluginContext.transform node_modules/vite/dist/node/chunks/config.js:27754:4
 ❯ EnvironmentPluginContainer.transform node_modules/vite/dist/node/chunks/config.js:29406:14
 ❯ loadAndTransform node_modules/vite/dist/node/chunks/config.js:23277:26

⎯⎯⎯⎯⎯⎯⎯⎯⎯⎯⎯⎯⎯⎯⎯⎯⎯⎯⎯⎯⎯⎯⎯[1/14]⎯

 FAIL  src/stores/__tests__/imageCacheStore.test.ts [ src/stores/__tests__/imageCacheStore.test.ts ]
ReferenceError: jest is not defined
 ❯ src/stores/__tests__/imageCacheStore.test.ts:5:1
      3| 
      4| // Mock the config module to control cache settings
      5| jest.mock('../../services/config', () => ({
       | ^
      6|   CACHE_CONFIG: {
      7|     IMAGE_CACHE_TTL: 10000, // 10 seconds for testing

⎯⎯⎯⎯⎯⎯⎯⎯⎯⎯⎯⎯⎯⎯⎯⎯⎯⎯⎯⎯⎯⎯⎯[2/14]⎯

 FAIL  src/services/ai/imageGeneration.test.ts [ src/services/ai/imageGeneration.test.ts ]
Error: Cannot find module './imageGeneration'
Require stack:
- /home/user/Apophenia/src/services/ai/imageGeneration.test.ts
 ❯ src/services/ai/imageGeneration.test.ts:1:36
      1| const { imageGenerationService } = require('./imageGeneration');
       |                                    ^
      2| 
      3| const testImageGeneration = async () => {

⎯⎯⎯⎯⎯⎯⎯⎯⎯⎯⎯⎯⎯⎯⎯⎯⎯⎯⎯⎯⎯⎯⎯[3/14]⎯

 FAIL  src/services/ai/__tests__/advancedAI.test.ts [ src/services/ai/__tests__/advancedAI.test.ts ]
ReferenceError: jest is not defined
 ❯ src/services/ai/__tests__/advancedAI.test.ts:10:1
      8| 
      9| // Mock the API dependencies
     10| jest.mock('@google/generative-ai', () => ({
       | ^
     11|   GoogleGenerativeAI: jest.fn().mockImplementation(() => ({
     12|     getGenerativeModel: jest.fn().mockReturnValue({

⎯⎯⎯⎯⎯⎯⎯⎯⎯⎯⎯⎯⎯⎯⎯⎯⎯⎯⎯⎯⎯⎯⎯[4/14]⎯

 FAIL  src/services/ai/__tests__/backendAPIService.test.ts [ src/services/ai/__tests__/backendAPIService.test.ts ]
ReferenceError: jest is not defined
 ❯ src/services/ai/__tests__/backendAPIService.test.ts:4:19
      2| 
      3| // Mock fetch for testing
      4| const mockFetch = jest.fn();
       |                   ^
      5| global.fetch = mockFetch as unknown as typeof fetch;
      6| 

⎯⎯⎯⎯⎯⎯⎯⎯⎯⎯⎯⎯⎯⎯⎯⎯⎯⎯⎯⎯⎯⎯⎯[5/14]⎯

 FAIL  src/services/ai/__tests__/imageGeneration.test.ts [ src/services/ai/__tests__/imageGeneration.test.ts ]
ReferenceError: jest is not defined
 ❯ src/services/ai/__tests__/imageGeneration.test.ts:3:1
      1| import { imageGenerationService, ImageVariation } from '../imageGenera…
      2| 
      3| jest.mock('../imageGeneration');
       | ^
      4| 
      5| describe('ImageGenerationService', () => {

⎯⎯⎯⎯⎯⎯⎯⎯⎯⎯⎯⎯⎯⎯⎯⎯⎯⎯⎯⎯⎯⎯⎯[6/14]⎯


⎯⎯⎯⎯⎯⎯⎯ Failed Tests 8 ⎯⎯⎯⎯⎯⎯⎯

 FAIL  tests/unit/ai/mockService.test.ts > MockService > generateResponse > should sometimes include intrusive thoughts
Error: Test timed out in 5000ms.
If this is a long-running test, pass a timeout value as the last argument or configure it globally with "testTimeout".
 ❯ tests/unit/ai/mockService.test.ts:129:5
    127|     });
    128| 
    129|     it('should sometimes include intrusive thoughts', async () => {
       |     ^
    130|       // Run multiple times to test randomness
    131|       let hasIntrusive = false;

⎯⎯⎯⎯⎯⎯⎯⎯⎯⎯⎯⎯⎯⎯⎯⎯⎯⎯⎯⎯⎯⎯⎯[7/14]⎯

 FAIL  src/components/__tests__/CompactTestAPI.test.tsx > CompactTestAPI > calls the image generation service when the button is clicked
AssertionError: expected "spy" to be called at least once
 ❯ src/components/__tests__/CompactTestAPI.test.tsx:44:41
     42|     render(<CompactTestAPI />);
     43|     fireEvent.click(screen.getByText('Test Image Gen'));
     44|     expect(mockGenerateImageVariations).toHaveBeenCalled();
       |                                         ^
     45|   });
     46| 

⎯⎯⎯⎯⎯⎯⎯⎯⎯⎯⎯⎯⎯⎯⎯⎯⎯⎯⎯⎯⎯⎯⎯[8/14]⎯

 FAIL  src/components/__tests__/CompactTestAPI.test.tsx > CompactTestAPI > calls the unified AI service when the story button is clicked
AssertionError: expected "spy" to be called at least once
 ❯ src/components/__tests__/CompactTestAPI.test.tsx:50:30
     48|     render(<CompactTestAPI />);
     49|     fireEvent.click(screen.getByText('Test Story Gen'));
     50|     expect(mockGenerateText).toHaveBeenCalled();
       |                              ^
     51|   });
     52| });

⎯⎯⎯⎯⎯⎯⎯⎯⎯⎯⎯⎯⎯⎯⎯⎯⎯⎯⎯⎯⎯⎯⎯[9/14]⎯

 FAIL  src/components/__tests__/EndScreen.test.tsx > EndScreen > calls setGameState to go to the MENU on button click
AssertionError: expected "spy" to be called with arguments: [ +0 ][90m

Number of calls: [1m0[22m
[39m
 ❯ src/components/__tests__/EndScreen.test.tsx:39:30
     37|     render(<EndScreen />);
     38|     fireEvent.click(screen.getByText('Play Again'));
     39|     expect(mockSetGameState).toHaveBeenCalledWith(GameState.MENU);
       |                              ^
     40|   });
     41| });

⎯⎯⎯⎯⎯⎯⎯⎯⎯⎯⎯⎯⎯⎯⎯⎯⎯⎯⎯⎯⎯⎯[10/14]⎯

 FAIL  src/components/__tests__/ModelSelector.test.tsx > ModelSelector > renders the model selector when visible
TestingLibraryElementError: Found multiple elements with the text: Grok 1

Here are the matching elements:

Ignored nodes: comments, script, style
[36m<div[39m
  [33mclass[39m=[32m"current-selection"[39m
[36m>[39m
  [36m<strong>[39m
    [0mCurrently selected:[0m
  [36m</strong>[39m
  [0m [0m
  [0mGrok 1[0m
[36m</div>[39m

Ignored nodes: comments, script, style
[36m<div[39m
  [33mclass[39m=[32m"model-name"[39m
[36m>[39m
  [0mGrok 1[0m
[36m</div>[39m

(If this is intentional, then use the `*AllBy*` variant of the query (like `queryAllByText`, `getAllByText`, or `findAllByText`)).

Ignored nodes: comments, script, style
[36m<body>[39m
  [36m<div>[39m
    [36m<div[39m
      [33mclass[39m=[32m"model-selector-overlay"[39m
    [36m>[39m
      [36m<div[39m
        [33mclass[39m=[32m"model-selector-modal"[39m
      [36m>[39m
        [36m<div[39m
          [33mclass[39m=[32m"modal-header"[39m
        [36m>[39m
          [36m<h2>[39m
            [0mSelect AI Model[0m
          [36m</h2>[39m
          [36m<button[39m
            [33mclass[39m=[32m"close-button"[39m
          [36m>[39m
            [0m×[0m
          [36m</button>[39m
        [36m</div>[39m
        [36m<div[39m
          [33mclass[39m=[32m"modal-content"[39m
        [36m>[39m
          [36m<div[39m
            [33mclass[39m=[32m"current-selection"[39m
          [36m>[39m
            [36m<strong>[39m
              [0mCurrently selected:[0m
            [36m</strong>[39m
            [0m [0m
            [0mGrok 1[0m
          [36m</div>[39m
          [36m<div[39m
            [33mclass[39m=[32m"models-grid"[39m
          [36m>[39m
            [36m<div[39m
              [33mclass[39m=[32m"model-card selected"[39m
            [36m>[39m
              [36m<div[39m
                [33mclass[39m=[32m"model-header"[39m
              [36m>[39m
                [36m<div[39m
                  [33mclass[39m=[32m"model-info"[39m
                [36m>[39m
                  [36m<div[39m
                    [33mclass[39m=[32m"model-name"[39m
                  [36m>[39m
                    [0mGrok 1[0m
                  [36m</div>[39m
                  [36m<div[39m
                    [33mclass[39m=[32m"model-provider"[39m
                  [36m>[39m
                    [0mxAI[0m
                  [36m</div>[39m
                  [36m<span[39m
                    [33mclass[39m=[32m"default-badge"[39m
                  [36m>[39m
                    [0mDefault[0m
                  [36m</span>[39m
                [36m</div>[39m
                [36m<div[39m
                  [33mclass[39m=[32m"model-status"[39m
                [36m>[39m
                  [36m<span[39m
                    [33mclass[39m=[32m"selected-indicator"[39m
                  [36m>[39m
                    [0m✓[0m
                  [36m</span>[39m
                [36m</div>[39m
              [36m</div>[39m
              [36m<div[39m
                [33mclass[39m=[32m"model-features"[39m
              [36m>[39m
                [36m<div[39m
                  [33mclass[39m=[32m"feature-grid"[39m
                [36m>[39m
                  [36m<div[39m
                    [33mclass[39m=[32m"feature"[39m
                  [36m>[39m
                    [36m<span[39m
                      [33mclass[39m=[32m"feature-label"[39m
                    [36m>[39m
                      [0mContext:[0m
                    [36m</span>[39m
                    [36m<span[39m
                      [33mclass[39m=[32m"feature-value"[39m
                    [36m>[39m
                      [0m1K tokens[0m
                    [36m</span>[39m
                  [36m</div>[39m
                  [36m<div[39m
                    [33mclass[39m=[32m"feature"[39m
                  [36m>[39m
                    [36m<span[39m
                      [33mclass[39m=[32m"feature-label"[39m
                    [36m>[39m
                      [0mThinking:[0m
                    [36m</span>[39m
                    [36m<span[39m
                      [33mclass[39m=[32m"feature-value supported"[39m
                    [36m>[39m
                      [0mYes[0m
                    [36m</span>[39m
                  [36m</div>[39m
                  [36m<div[39m
                    [33mclass[39m=[32m"feature"[39m
                  [36m>[39m
                    [36m<span[39m
                      [33mclass[39m=[32m"feature-label"[39m
                    [36m>[39m
                      [0mImages:[0m
                    [36m</span>[39m
                    [36m<span[39m
                      [33mclass[39m=[32m"feature-value not-supported"[39m
                    [36m>[39m
                      [0mNo[0m
                    [36m</span>[39m
                  [36m</div>[39m
                [36m</div>[39m
              [36m</div>[39m
              [36m<div[39m
                [33mclass[39m=[32m"model-actions"[39m
              [36m>[39m
                [36m<button[39m
                  [33mclass[39m=[32m"test-button"[39m
                [36m>[39m
                  [0mTest API[0m
                [36m</button>[39m
                [36m<button[39m
                  [33mclass[39m=[32m"details-button"[39m
                [36m>[39m
                  [0mMore[0m
                [36m</button>[39m
              [36m</div>[39m
            [36m</div>[39m
          [36m</div>[39m
          [36m<div[39m
            [33mclass[39m=[32m"model-info-section"[39m
          [36m>[39m
            [36m<h3>[39m
              [0mWhy Grok-4 Fast Reasoning is the Default:[0m
            [36m</h3>[39m
            [36m<p>[39m
              [0mGrok-4 offers a massive 2 million token context window, one of the largest available, with advanced reasoning capabilities. This enables unprecedented narrative consistency, deep psychological analysis, and complex story development across your entire gaming session.[0m
            [36m</p>[39m
          [36m</div>[39m
        [36m</div>[39m
        [36m<div[39m
          [33mclass[39m=[32m"modal-footer"[39m
        [36m>[39m
          [36m<button[39m
            [33mclass[39m=[32m"apply-button"[39m
          [36m>[39m
            [0mDone[0m
          [36m</button>[39m
        [36m</div>[39m
      [36m</div>[39m
    [36m</div>[39m
  [36m</div>[39m
[36m</body>[39m
 ❯ Object.getElementError node_modules/@testing-library/dom/dist/config.js:37:19
 ❯ getElementError node_modules/@testing-library/dom/dist/query-helpers.js:20:35
 ❯ getMultipleElementsFoundError node_modules/@testing-library/dom/dist/query-helpers.js:23:10
 ❯ node_modules/@testing-library/dom/dist/query-helpers.js:55:13
 ❯ node_modules/@testing-library/dom/dist/query-helpers.js:95:19
 ❯ src/components/__tests__/ModelSelector.test.tsx:43:19
     41|     render(<ModelSelector isVisible={true} onClose={vi.fn()} />);
     42|     expect(screen.getByText('Select AI Model')).toBeInTheDocument();
     43|     expect(screen.getByText('Grok 1')).toBeInTheDocument();
       |                   ^
     44|   });
     45| 

⎯⎯⎯⎯⎯⎯⎯⎯⎯⎯⎯⎯⎯⎯⎯⎯⎯⎯⎯⎯⎯⎯[11/14]⎯

 FAIL  src/components/__tests__/ModelSelector.test.tsx > ModelSelector > calls setSelectedModel when a model is selected
TestingLibraryElementError: Found multiple elements with the text: Grok 1

Here are the matching elements:

Ignored nodes: comments, script, style
[36m<div[39m
  [33mclass[39m=[32m"current-selection"[39m
[36m>[39m
  [36m<strong>[39m
    [0mCurrently selected:[0m
  [36m</strong>[39m
  [0m [0m
  [0mGrok 1[0m
[36m</div>[39m

Ignored nodes: comments, script, style
[36m<div[39m
  [33mclass[39m=[32m"model-name"[39m
[36m>[39m
  [0mGrok 1[0m
[36m</div>[39m

(If this is intentional, then use the `*AllBy*` variant of the query (like `queryAllByText`, `getAllByText`, or `findAllByText`)).

Ignored nodes: comments, script, style
[36m<body>[39m
  [36m<div>[39m
    [36m<div[39m
      [33mclass[39m=[32m"model-selector-overlay"[39m
    [36m>[39m
      [36m<div[39m
        [33mclass[39m=[32m"model-selector-modal"[39m
      [36m>[39m
        [36m<div[39m
          [33mclass[39m=[32m"modal-header"[39m
        [36m>[39m
          [36m<h2>[39m
            [0mSelect AI Model[0m
          [36m</h2>[39m
          [36m<button[39m
            [33mclass[39m=[32m"close-button"[39m
          [36m>[39m
            [0m×[0m
          [36m</button>[39m
        [36m</div>[39m
        [36m<div[39m
          [33mclass[39m=[32m"modal-content"[39m
        [36m>[39m
          [36m<div[39m
            [33mclass[39m=[32m"current-selection"[39m
          [36m>[39m
            [36m<strong>[39m
              [0mCurrently selected:[0m
            [36m</strong>[39m
            [0m [0m
            [0mGrok 1[0m
          [36m</div>[39m
          [36m<div[39m
            [33mclass[39m=[32m"models-grid"[39m
          [36m>[39m
            [36m<div[39m
              [33mclass[39m=[32m"model-card selected"[39m
            [36m>[39m
              [36m<div[39m
                [33mclass[39m=[32m"model-header"[39m
              [36m>[39m
                [36m<div[39m
                  [33mclass[39m=[32m"model-info"[39m
                [36m>[39m
                  [36m<div[39m
                    [33mclass[39m=[32m"model-name"[39m
                  [36m>[39m
                    [0mGrok 1[0m
                  [36m</div>[39m
                  [36m<div[39m
                    [33mclass[39m=[32m"model-provider"[39m
                  [36m>[39m
                    [0mxAI[0m
                  [36m</div>[39m
                  [36m<span[39m
                    [33mclass[39m=[32m"default-badge"[39m
                  [36m>[39m
                    [0mDefault[0m
                  [36m</span>[39m
                [36m</div>[39m
                [36m<div[39m
                  [33mclass[39m=[32m"model-status"[39m
                [36m>[39m
                  [36m<span[39m
                    [33mclass[39m=[32m"selected-indicator"[39m
                  [36m>[39m
                    [0m✓[0m
                  [36m</span>[39m
                [36m</div>[39m
              [36m</div>[39m
              [36m<div[39m
                [33mclass[39m=[32m"model-features"[39m
              [36m>[39m
                [36m<div[39m
                  [33mclass[39m=[32m"feature-grid"[39m
                [36m>[39m
                  [36m<div[39m
                    [33mclass[39m=[32m"feature"[39m
                  [36m>[39m
                    [36m<span[39m
                      [33mclass[39m=[32m"feature-label"[39m
                    [36m>[39m
                      [0mContext:[0m
                    [36m</span>[39m
                    [36m<span[39m
                      [33mclass[39m=[32m"feature-value"[39m
                    [36m>[39m
                      [0m1K tokens[0m
                    [36m</span>[39m
                  [36m</div>[39m
                  [36m<div[39m
                    [33mclass[39m=[32m"feature"[39m
                  [36m>[39m
                    [36m<span[39m
                      [33mclass[39m=[32m"feature-label"[39m
                    [36m>[39m
                      [0mThinking:[0m
                    [36m</span>[39m
                    [36m<span[39m
                      [33mclass[39m=[32m"feature-value supported"[39m
                    [36m>[39m
                      [0mYes[0m
                    [36m</span>[39m
                  [36m</div>[39m
                  [36m<div[39m
                    [33mclass[39m=[32m"feature"[39m
                  [36m>[39m
                    [36m<span[39m
                      [33mclass[39m=[32m"feature-label"[39m
                    [36m>[39m
                      [0mImages:[0m
                    [36m</span>[39m
                    [36m<span[39m
                      [33mclass[39m=[32m"feature-value not-supported"[39m
                    [36m>[39m
                      [0mNo[0m
                    [36m</span>[39m
                  [36m</div>[39m
                [36m</div>[39m
              [36m</div>[39m
              [36m<div[39m
                [33mclass[39m=[32m"model-actions"[39m
              [36m>[39m
                [36m<button[39m
                  [33mclass[39m=[32m"test-button"[39m
                [36m>[39m
                  [0mTest API[0m
                [36m</button>[39m
                [36m<button[39m
                  [33mclass[39m=[32m"details-button"[39m
                [36m>[39m
                  [0mMore[0m
                [36m</button>[39m
              [36m</div>[39m
            [36m</div>[39m
          [36m</div>[39m
          [36m<div[39m
            [33mclass[39m=[32m"model-info-section"[39m
          [36m>[39m
            [36m<h3>[39m
              [0mWhy Grok-4 Fast Reasoning is the Default:[0m
            [36m</h3>[39m
            [36m<p>[39m
              [0mGrok-4 offers a massive 2 million token context window, one of the largest available, with advanced reasoning capabilities. This enables unprecedented narrative consistency, deep psychological analysis, and complex story development across your entire gaming session.[0m
            [36m</p>[39m
          [36m</div>[39m
        [36m</div>[39m
        [36m<div[39m
          [33mclass[39m=[32m"modal-footer"[39m
        [36m>[39m
          [36m<button[39m
            [33mclass[39m=[32m"apply-button"[39m
          [36m>[39m
            [0mDone[0m
          [36m</button>[39m
        [36m</div>[39m
      [36m</div>[39m
    [36m</div>[39m
  [36m</div>[39m
[36m</body>[39m
 ❯ Object.getElementError node_modules/@testing-library/dom/dist/config.js:37:19
 ❯ getElementError node_modules/@testing-library/dom/dist/query-helpers.js:20:35
 ❯ getMultipleElementsFoundError node_modules/@testing-library/dom/dist/query-helpers.js:23:10
 ❯ node_modules/@testing-library/dom/dist/query-helpers.js:55:13
 ❯ node_modules/@testing-library/dom/dist/query-helpers.js:95:19
 ❯ src/components/__tests__/ModelSelector.test.tsx:53:28
     51|   it('calls setSelectedModel when a model is selected', () => {
     52|     render(<ModelSelector isVisible={true} onClose={vi.fn()} />);
     53|     fireEvent.click(screen.getByText('Grok 1'));
       |                            ^
     54|     expect(mockSetSelectedModel).toHaveBeenCalledWith('grok-1');
     55|   });

⎯⎯⎯⎯⎯⎯⎯⎯⎯⎯⎯⎯⎯⎯⎯⎯⎯⎯⎯⎯⎯⎯[12/14]⎯

 FAIL  src/components/__tests__/StartScreen.test.tsx > StartScreen > shows the continue button when there is a saved game
TestingLibraryElementError: Unable to find an element with the text: Continue. This could be because the text is broken up by multiple elements. In this case, you can provide a function for your text matcher to make your matcher more flexible.

Ignored nodes: comments, script, style
[36m<body>[39m
  [36m<div>[39m
    [36m<div[39m
      [33mclass[39m=[32m"start-screen"[39m
    [36m>[39m
      [36m<h1[39m
        [33mclass[39m=[32m"glitched-title"[39m
      [36m>[39m
        [36m<span>[39m
          [0mA[0m
        [36m</span>[39m
        [36m<span>[39m
          [0mp[0m
        [36m</span>[39m
        [36m<span>[39m
          [0mo[0m
        [36m</span>[39m
        [36m<span>[39m
          [0mp[0m
        [36m</span>[39m
        [36m<span>[39m
          [0mh[0m
        [36m</span>[39m
        [36m<span>[39m
          [0me[0m
        [36m</span>[39m
        [36m<span>[39m
          [0mn[0m
        [36m</span>[39m
        [36m<span>[39m
          [0mi[0m
        [36m</span>[39m
        [36m<span>[39m
          [0ma[0m
        [36m</span>[39m
      [36m</h1>[39m
      [36m<p>[39m
        [0mDescent into cosmic madness through AI consciousness.[0m
      [36m</p>[39m
      [36m<div[39m
        [33mclass[39m=[32m"ai-model-info"[39m
      [36m>[39m
        [36m<span>[39m
          [0mPowered by: [0m
          [36m<strong>[39m
            [0mTest Model[0m
          [36m</strong>[39m
        [36m</span>[39m
        [36m<small>[39m
          [0mUse the model selector in bottom-right to change AI provider[0m
        [36m</small>[39m
      [36m</div>[39m
      [36m<div[39m
        [33mclass[39m=[32m"genre-selector"[39m
      [36m>[39m
        [36m<h2>[39m
          [0mChoose Your Descent[0m
        [36m</h2>[39m
        [36m<select>[39m
          [36m<option[39m
            [33mvalue[39m=[32m"cosmic-horror"[39m
          [36m>[39m
            [0mCosmic Horror[0m
          [36m</option>[39m
          [36m<option[39m
            [33mvalue[39m=[32m"psychological-thriller"[39m
          [36m>[39m
            [0mPsychological Thriller[0m
          [36m</option>[39m
        [36m</select>[39m
        [36m<p[39m
          [33mclass[39m=[32m"genre-description"[39m
        [36m>[39m
          [0mA descent through someone's mind as it unravels. Reality fragments. Memories lie. The void watches.[0m
        [36m</p>[39m
      [36m</div>[39m
      [36m<button>[39m
        [0mNew Game[0m
      [36m</button>[39m
      [36m<button>[39m
        [0mLoad Demo[0m
      [36m</button>[39m
      [36m<div[39m
        [33mstyle[39m=[32m"position: absolute; bottom: 10px; right: 10px; display: flex; flex-direction: column; gap: 5px; align-items: flex-end;"[39m
      [36m>[39m
        [36m<button[39m
          [33mstyle[39m=[32m"font-size: 10px; padding: 2px 5px;"[39m
        [36m>[39m
          [0mTest Image Gen[0m
        [36m</button>[39m
        [36m<button[39m
          [33mstyle[39m=[32m"font-size: 10px; padding: 2px 5px;"[39m
        [36m>[39m
          [0mTest Story Gen[0m
        [36m</button>[39m
      [36m</div>[39m
    [36m</div>[39m
  [36m</div>[39m
[36m</body>[39m
 ❯ Object.getElementError node_modules/@testing-library/dom/dist/config.js:37:19
 ❯ node_modules/@testing-library/dom/dist/query-helpers.js:76:38
 ❯ node_modules/@testing-library/dom/dist/query-helpers.js:52:17
 ❯ node_modules/@testing-library/dom/dist/query-helpers.js:95:19
 ❯ src/components/__tests__/StartScreen.test.tsx:101:19
     99|     const glitchedTitle = container.querySelector('.glitched-title');
    100|     expect(glitchedTitle?.textContent).toBe('Apophenia');
    101|     expect(screen.getByText('Continue')).toBeInTheDocument();
       |                   ^
    102|   });
    103| 

⎯⎯⎯⎯⎯⎯⎯⎯⎯⎯⎯⎯⎯⎯⎯⎯⎯⎯⎯⎯⎯⎯[13/14]⎯

 FAIL  src/components/__tests__/StartScreen.test.tsx > StartScreen > calls generateConcept and sets the game state to PLAYING on new game
AssertionError: expected "spy" to be called with arguments: [ [] ][90m

Number of calls: [1m0[22m
[39m
 ❯ src/components/__tests__/StartScreen.test.tsx:109:37
    107|     await waitFor(() => expect(mockGenerateConcept).toHaveBeenCalled()…
    108|     expect(mockUpdateWorldState).toHaveBeenCalledWith(expect.any(Objec…
    109|     expect(mockReplaceStoryHistory).toHaveBeenCalledWith([]);
       |                                     ^
    110|     expect(mockSetGameState).toHaveBeenCalledWith(GameState.PLAYING);
    111|   });

⎯⎯⎯⎯⎯⎯⎯⎯⎯⎯⎯⎯⎯⎯⎯⎯⎯⎯⎯⎯⎯⎯[14/14]⎯

⎯⎯⎯⎯⎯⎯ Unhandled Errors ⎯⎯⎯⎯⎯⎯

Vitest caught 1 unhandled error during the test run.
This might cause false positive tests. Resolve unhandled errors to make sure your tests are not affected.

⎯⎯⎯⎯⎯ Uncaught Exception ⎯⎯⎯⎯⎯
Error: Failed to reset game state. Please refresh the page.
 ❯ Function.resetAllStores src/services/gameStateManager.ts:26:13
     24|     } catch (error) {
     25|       console.error('Error resetting game stores:', error);
     26|       throw new Error('Failed to reset game state. Please refresh the …
       |             ^
     27|     }
     28|   }
 ❯ handleRestart src/components/EndScreen.tsx:11:22
 ❯ HTMLUnknownElement.callCallback node_modules/react-dom/cjs/react-dom.development.js:4164:14
 ❯ HTMLUnknownElement.callTheUserObjectsOperation node_modules/jsdom/lib/jsdom/living/generated/EventListener.js:26:30
 ❯ innerInvokeEventListeners node_modules/jsdom/lib/jsdom/living/events/EventTarget-impl.js:350:25
 ❯ invokeEventListeners node_modules/jsdom/lib/jsdom/living/events/EventTarget-impl.js:286:3
 ❯ HTMLUnknownElementImpl._dispatch node_modules/jsdom/lib/jsdom/living/events/EventTarget-impl.js:233:9
 ❯ HTMLUnknownElementImpl.dispatchEvent node_modules/jsdom/lib/jsdom/living/events/EventTarget-impl.js:104:17
 ❯ HTMLUnknownElement.dispatchEvent node_modules/jsdom/lib/jsdom/living/generated/EventTarget.js:241:34
 ❯ Object.invokeGuardedCallbackDev node_modules/react-dom/cjs/react-dom.development.js:4213:16

This error originated in "src/components/__tests__/EndScreen.test.tsx" test file. It doesn't mean the error was thrown inside the file itself, but while it was running.
The latest test that might've caused the error is "calls setGameState to go to the MENU on button click". It might mean one of the following:
- The error was thrown, while Vitest was running this test.
- If the error occurred after the test had been completed, this was the last documented test before it was thrown.
⎯⎯⎯⎯⎯⎯⎯⎯⎯⎯⎯⎯⎯⎯⎯⎯⎯⎯⎯⎯⎯⎯⎯⎯⎯⎯⎯⎯⎯⎯


 Test Files  11 failed | 51 passed (62)
      Tests  8 failed | 894 passed | 13 skipped (915)
     Errors  1 error
   Start at  16:05:18
   Duration  28.20s (transform 5.00s, setup 35.39s, collect 20.26s, tests 35.92s, environment 242.63s, prepare 22.35s)

