
> apophenia-cosmic-narrative@1.0.0 test
> npx vitest


 RUN  v3.2.4 /home/user/Apophenia

 ❯ tests/integration/engine-state-integration.test.ts (6 tests | 2 failed) 13ms
   × Engine → State Integration > Temporal Revision Engine Integration > should revise history and update store 9ms
     → engine.reviseHistory is not a function
   × Engine → State Integration > Temporal Revision Engine Integration > should preserve store state during engine execution 1ms
     → engine.reviseHistory is not a function
   ✓ Engine → State Integration > Engine Effects Application > should apply world updates from engine effects 1ms
   ✓ Engine → State Integration > Engine Effects Application > should apply history revisions from engine effects 0ms
   ✓ Engine → State Integration > Engine Effects Application > should apply corruption changes from engine effects 0ms
   ✓ Engine → State Integration > Multi-Store Coordination > should coordinate updates across multiple stores 0ms
 ❯ tests/unit/engines/TemporalRevisionEngine.test.ts (7 tests | 7 failed) 17ms
   × TemporalRevisionEngine > Engine Interface > should have required properties 12ms
     → expected 'undefined' to be 'function' // Object.is equality
   × TemporalRevisionEngine > Engine Interface > should handle revision with valid history 1ms
     → engine.reviseHistory is not a function
   × TemporalRevisionEngine > Engine Interface > should not revise when history is too short 0ms
     → engine.reviseHistory is not a function
   × TemporalRevisionEngine > Engine Interface > should track revision history 1ms
     → engine.reviseHistory is not a function
   × TemporalRevisionEngine > Engine Interface > should handle errors gracefully 1ms
     → engine.reviseHistory is not a function
   × TemporalRevisionEngine > Revision Logic > should preserve segment structure when revising 1ms
     → engine.reviseHistory is not a function
   × TemporalRevisionEngine > Revision Logic > should handle high corruption scenarios 0ms
     → engine.reviseHistory is not a function
 ❯ tests/unit/flows/FlowContextBuilder.test.ts (7 tests | 1 failed) 18ms
   ✓ FlowContextBuilder > buildFlowContext > should build a valid FlowContext 4ms
   ✓ FlowContextBuilder > buildFlowContext > should include recent history segments 1ms
   ✓ FlowContextBuilder > buildFlowContext > should build player profile with default values 0ms
   ✓ FlowContextBuilder > buildEngineContext > should build a valid EngineContext 0ms
   ✓ FlowContextBuilder > buildEngineContext > should include currentChoice when provided 0ms
   ✓ FlowContextBuilder > mapWorldState > should correctly map psychological status 0ms
   × FlowContextBuilder > mapWorldState > should calculate corruption level from UI distortion 10ms
     → expected +0 to be 50 // Object.is equality
 ❯ tests/unit/engines/AllEngines.test.ts (32 tests | 1 failed) 26ms
   ✓ Engine Implementation Tests > TemporalRevisionEngine > implements Engine interface correctly 2ms
   ✓ Engine Implementation Tests > TemporalRevisionEngine > is not active with low horror 0ms
   × Engine Implementation Tests > TemporalRevisionEngine > is active with high horror and sufficient history 12ms
     → expected true to be false // Object.is equality
   ✓ Engine Implementation Tests > TemporalRevisionEngine > generates instructions based on horror level 1ms
   ✓ Engine Implementation Tests > TemporalRevisionEngine > processes context and returns valid output 1ms
   ✓ Engine Implementation Tests > QuantumNarrativeEngine > implements Engine interface correctly 0ms
   ✓ Engine Implementation Tests > QuantumNarrativeEngine > manages timelines correctly 0ms
   ✓ Engine Implementation Tests > QuantumNarrativeEngine > merges timelines 0ms
   ✓ Engine Implementation Tests > RealityCorruptionEngine > implements Engine interface correctly 0ms
   ✓ Engine Implementation Tests > RealityCorruptionEngine > calculates corruption level correctly 0ms
   ✓ Engine Implementation Tests > RealityCorruptionEngine > generates corruption effects 0ms
   ✓ Engine Implementation Tests > AdaptiveHorrorEngine > implements Engine interface correctly 0ms
   ✓ Engine Implementation Tests > AdaptiveHorrorEngine > analyzes fears correctly 0ms
   ✓ Engine Implementation Tests > AdaptiveHorrorEngine > generates personalized horror 0ms
   ✓ Engine Implementation Tests > MetaConsciousnessEngine > implements Engine interface correctly 0ms
   ✓ Engine Implementation Tests > MetaConsciousnessEngine > is not active with low horror and corruption 0ms
   ✓ Engine Implementation Tests > MetaConsciousnessEngine > generates meta content when active 0ms
   ✓ Engine Implementation Tests > NeuralEchoChamberEngine > implements Engine interface correctly 0ms
   ✓ Engine Implementation Tests > NeuralEchoChamberEngine > saves and loads cross-session memory 1ms
   ✓ Engine Implementation Tests > SemanticChoiceArchaeologyEngine > implements Engine interface correctly 0ms
   ✓ Engine Implementation Tests > SemanticChoiceArchaeologyEngine > analyzes choice patterns 1ms
   ✓ Engine Implementation Tests > AdaptiveNarrativeDNAEngine > implements Engine interface correctly 0ms
   ✓ Engine Implementation Tests > AdaptiveNarrativeDNAEngine > mutates narrative genome 0ms
   ✓ Engine Implementation Tests > AdaptiveNarrativeDNAEngine > performs crossover between genomes 0ms
   ✓ Engine Implementation Tests > FifthWallEngine > implements Engine interface correctly 0ms
   ✓ Engine Implementation Tests > FifthWallEngine > only allows browser manipulation at high corruption 0ms
   ✓ Engine Implementation Tests > FifthWallEngine > generates safe browser effects 0ms
   ✓ Engine Implementation Tests > EngineRegistry > registers engines correctly 0ms
   ✓ Engine Implementation Tests > EngineRegistry > sorts engines by priority 0ms
   ✓ Engine Implementation Tests > EngineRegistry > gets only active engines 0ms
   ✓ Engine Implementation Tests > EngineRegistry > executes all active engines 1ms
   ✓ Engine Implementation Tests > initializeEngineRegistry > creates registry with all engines 0ms
stdout | tests/contracts/command-executors.contract.test.ts > Contract Tests: Command Executors (Seam #5) > generateImage Executor > execute returns Promise<ExecutionResult>
Image generation requested for prompt: A dark corridor

stdout | tests/contracts/command-executors.contract.test.ts > Contract Tests: Command Executors (Seam #5) > generateImage Executor > execute result contains correct command reference
Image generation requested for prompt: A dark corridor

stdout | tests/contracts/command-executors.contract.test.ts > Contract Tests: Command Executors (Seam #5) > generateImage Executor > execute returns consistent result shape on success and failure
Image generation requested for prompt: A dark corridor

stdout | tests/contracts/command-executors.contract.test.ts > Contract Tests: Command Executors (Seam #5) > All Executors (Cross-Cutting Concerns) > all executors return properly typed ExecutionResult
Image generation requested for prompt: A dark corridor

stdout | tests/contracts/command-executors.contract.test.ts > Contract Tests: Command Executors (Seam #5) > CommandQueue Contract > executeNext returns Promise<ExecutionResult>
Command executed: wait { requestedDuration: [33m1000[39m, actualDuration: [33m1001[39m }

stdout | tests/contracts/command-executors.contract.test.ts > Contract Tests: Command Executors (Seam #5) > CommandQueue Contract > executeNext reduces queue size
Command executed: wait { requestedDuration: [33m1000[39m, actualDuration: [33m1000[39m }

stdout | tests/contracts/command-executors.contract.test.ts > Contract Tests: Command Executors (Seam #5) > CommandQueue Contract > executeSequential returns Promise<ExecutionResult[]>
Command executed: createSegment { segmentId: [32m'test-segment-1'[39m }

stdout | tests/contracts/command-executors.contract.test.ts > Contract Tests: Command Executors (Seam #5) > CommandQueue Contract > executeSequential returns Promise<ExecutionResult[]>
Command executed: wait { requestedDuration: [33m1000[39m, actualDuration: [33m1001[39m }

stdout | tests/contracts/command-executors.contract.test.ts > Contract Tests: Command Executors (Seam #5) > CommandQueue Contract > executeSequential returns Promise<ExecutionResult[]>
Command executed: displayText { segmentId: [32m'test-segment-1'[39m, textLength: [33m22[39m }

stdout | tests/contracts/command-executors.contract.test.ts > Contract Tests: Command Executors (Seam #5) > CommandQueue Contract > executeSequential maintains command order
Command executed: createSegment { segmentId: [32m'test-segment-1'[39m }

stdout | tests/contracts/command-executors.contract.test.ts > Contract Tests: Command Executors (Seam #5) > CommandQueue Contract > executeSequential maintains command order
Command executed: displayText { segmentId: [32m'test-segment-1'[39m, textLength: [33m22[39m }

stdout | tests/contracts/command-executors.contract.test.ts > Contract Tests: Command Executors (Seam #5) > CommandQueue Contract > executeSequential maintains command order
Command executed: wait { requestedDuration: [33m1000[39m, actualDuration: [33m1000[39m }

stdout | tests/contracts/command-executors.contract.test.ts > Contract Tests: Command Executors (Seam #5) > CommandQueue Contract > executeSequential continues on command failure
Command executed: wait { requestedDuration: [33m1000[39m, actualDuration: [33m1001[39m }

stderr | tests/contracts/command-executors.contract.test.ts > Contract Tests: Command Executors (Seam #5) > CommandQueue Contract > executeSequential continues on command failure
Command failed: wait Missing duration

stderr | tests/contracts/command-executors.contract.test.ts > Contract Tests: Command Executors (Seam #5) > CommandQueue Contract > executeSequential continues on command failure
Command failed but continuing: Missing duration

stdout | tests/unit/ai/unifiedAIService.test.ts > UnifiedAIService > setPrimaryProvider > should set the primary provider
Fallback chain set to: grok → mock
Primary AI provider set to: grok

stdout | tests/unit/ai/unifiedAIService.test.ts > UnifiedAIService > setPrimaryProvider > should set the primary provider
Primary AI provider set to: mock

stdout | tests/unit/ai/unifiedAIService.test.ts > UnifiedAIService > setFallbackChain > should set custom fallback chain
Fallback chain set to: grok → mock
Primary AI provider set to: grok

stdout | tests/unit/ai/unifiedAIService.test.ts > UnifiedAIService > setFallbackChain > should set custom fallback chain
Fallback chain set to: mock → grok

stdout | tests/unit/ai/unifiedAIService.test.ts > UnifiedAIService > setFallbackChain > should throw error for empty chain
Fallback chain set to: grok → mock
Primary AI provider set to: grok

stdout | tests/unit/ai/unifiedAIService.test.ts > UnifiedAIService > generateWithFallback > should eventually succeed with mock provider
Fallback chain set to: grok → mock
Primary AI provider set to: grok

stdout | tests/unit/ai/unifiedAIService.test.ts > UnifiedAIService > generateWithFallback > should eventually succeed with mock provider
Fallback chain set to: mock

stdout | tests/unit/ai/unifiedAIService.test.ts > UnifiedAIService > generateWithFallback > should eventually succeed with mock provider
Attempting generation with mock...

stderr | tests/contracts/ai-services.contract.test.ts > Contract Tests: AI Services (Seam #4)
Grok availability check failed: TypeError: fetch failed
[90m    at node:internal/deps/undici/undici:14900:13[39m
[90m    at processTicksAndRejections (node:internal/process/task_queues:105:5)[39m
    at GrokService.isAvailable [90m(/home/user/Apophenia/[39msrc/services/ai/grokService.ts:40:24[90m)[39m
    at [90m/home/user/Apophenia/[39mtests/contracts/ai-services.contract.test.ts:103:21 {
  [cause]: Error: getaddrinfo EAI_AGAIN api.x.ai
  [90m    at GetAddrInfoReqWrap.onlookupall [as oncomplete] (node:dns:122:26)[39m {
    errno: [33m-3001[39m,
    code: [32m'EAI_AGAIN'[39m,
    syscall: [32m'getaddrinfo'[39m,
    hostname: [32m'api.x.ai'[39m
  }
}

stdout | tests/contracts/ai-services.contract.test.ts > Contract Tests: AI Services (Seam #4)

📋 Service Availability Check:
  ✓ GrokService: ⚠️  Unavailable (skipping network tests)
  ✓ MockService: ✅ Available

stderr | tests/contracts/ai-services.contract.test.ts > Contract Tests: AI Services (Seam #4) > GrokService Interface Compliance > isAvailable returns Promise<boolean>
Grok availability check failed: TypeError: fetch failed
[90m    at node:internal/deps/undici/undici:14900:13[39m
[90m    at processTicksAndRejections (node:internal/process/task_queues:105:5)[39m
    at GrokService.isAvailable [90m(/home/user/Apophenia/[39msrc/services/ai/grokService.ts:40:24[90m)[39m
    at [90m/home/user/Apophenia/[39mtests/contracts/ai-services.contract.test.ts:151:24
    at [90mfile:///home/user/Apophenia/[39mnode_modules/[4m@vitest/runner[24m/dist/chunk-hooks.js:752:20 {
  [cause]: Error: getaddrinfo EAI_AGAIN api.x.ai
  [90m    at GetAddrInfoReqWrap.onlookupall [as oncomplete] (node:dns:122:26)[39m {
    errno: [33m-3001[39m,
    code: [32m'EAI_AGAIN'[39m,
    syscall: [32m'getaddrinfo'[39m,
    hostname: [32m'api.x.ai'[39m
  }
}

stderr | tests/contracts/ai-services.contract.test.ts > Contract Tests: AI Services (Seam #4) > GrokService Interface Compliance > isAvailable handles errors gracefully
Grok availability check failed: TypeError: fetch failed
[90m    at node:internal/deps/undici/undici:14900:13[39m
[90m    at processTicksAndRejections (node:internal/process/task_queues:105:5)[39m
    at GrokService.isAvailable [90m(/home/user/Apophenia/[39msrc/services/ai/grokService.ts:40:24[90m)[39m
    at [90m/home/user/Apophenia/[39mtests/contracts/ai-services.contract.test.ts:157:9
    at [90mfile:///home/user/Apophenia/[39mnode_modules/[4m@vitest/runner[24m/dist/chunk-hooks.js:752:20 {
  [cause]: Error: getaddrinfo EAI_AGAIN api.x.ai
  [90m    at GetAddrInfoReqWrap.onlookupall [as oncomplete] (node:dns:122:26)[39m {
    errno: [33m-3001[39m,
    code: [32m'EAI_AGAIN'[39m,
    syscall: [32m'getaddrinfo'[39m,
    hostname: [32m'api.x.ai'[39m
  }
}

stdout | tests/contracts/ai-services.contract.test.ts > UnifiedAIService Contract > setPrimaryProvider accepts valid AIProvider
Primary AI provider set to: mock
Primary AI provider set to: grok

stdout | tests/contracts/ai-services.contract.test.ts > UnifiedAIService Contract > setFallbackChain accepts array of AIProviders
Fallback chain set to: mock
Fallback chain set to: grok → mock

 ✓ tests/unit/commands/wait.test.ts (10 tests) 159ms
stderr | tests/contracts/ai-services.contract.test.ts > UnifiedAIService Contract > testProvider returns correct provider name
Grok availability check failed: TypeError: fetch failed
[90m    at node:internal/deps/undici/undici:14900:13[39m
[90m    at processTicksAndRejections (node:internal/process/task_queues:105:5)[39m
    at GrokService.isAvailable [90m(/home/user/Apophenia/[39msrc/services/ai/grokService.ts:40:24[90m)[39m
    at UnifiedAIServiceImpl.testProvider [90m(/home/user/Apophenia/[39msrc/services/ai/unifiedAIService.ts:119:27[90m)[39m
    at [90m/home/user/Apophenia/[39mtests/contracts/ai-services.contract.test.ts:387:24
    at [90mfile:///home/user/Apophenia/[39mnode_modules/[4m@vitest/runner[24m/dist/chunk-hooks.js:752:20 {
  [cause]: Error: getaddrinfo EAI_AGAIN api.x.ai
  [90m    at GetAddrInfoReqWrap.onlookupall [as oncomplete] (node:dns:122:26)[39m {
    errno: [33m-3001[39m,
    code: [32m'EAI_AGAIN'[39m,
    syscall: [32m'getaddrinfo'[39m,
    hostname: [32m'api.x.ai'[39m
  }
}

stderr | tests/contracts/ai-services.contract.test.ts > UnifiedAIService Contract > testProvider has error field when available is false
Grok availability check failed: TypeError: fetch failed
[90m    at node:internal/deps/undici/undici:14900:13[39m
[90m    at processTicksAndRejections (node:internal/process/task_queues:105:5)[39m
    at GrokService.isAvailable [90m(/home/user/Apophenia/[39msrc/services/ai/grokService.ts:40:24[90m)[39m
    at UnifiedAIServiceImpl.testProvider [90m(/home/user/Apophenia/[39msrc/services/ai/unifiedAIService.ts:119:27[90m)[39m
    at [90m/home/user/Apophenia/[39mtests/contracts/ai-services.contract.test.ts:401:20
    at [90mfile:///home/user/Apophenia/[39mnode_modules/[4m@vitest/runner[24m/dist/chunk-hooks.js:752:20 {
  [cause]: Error: getaddrinfo EAI_AGAIN api.x.ai
  [90m    at GetAddrInfoReqWrap.onlookupall [as oncomplete] (node:dns:122:26)[39m {
    errno: [33m-3001[39m,
    code: [32m'EAI_AGAIN'[39m,
    syscall: [32m'getaddrinfo'[39m,
    hostname: [32m'api.x.ai'[39m
  }
}

stderr | tests/contracts/ai-services.contract.test.ts > UnifiedAIService Contract > testAllProviders returns Map<AIProvider, ProviderTestResult>
Grok availability check failed: TypeError: fetch failed
[90m    at node:internal/deps/undici/undici:14900:13[39m
[90m    at processTicksAndRejections (node:internal/process/task_queues:105:5)[39m
    at GrokService.isAvailable [90m(/home/user/Apophenia/[39msrc/services/ai/grokService.ts:40:24[90m)[39m
    at UnifiedAIServiceImpl.testProvider [90m(/home/user/Apophenia/[39msrc/services/ai/unifiedAIService.ts:119:27[90m)[39m
    at [90m/home/user/Apophenia/[39msrc/services/ai/unifiedAIService.ts:155:22
    at async Promise.all (index 0)
    at UnifiedAIServiceImpl.testAllProviders [90m(/home/user/Apophenia/[39msrc/services/ai/unifiedAIService.ts:159:5[90m)[39m
    at [90m/home/user/Apophenia/[39mtests/contracts/ai-services.contract.test.ts:415:21
    at [90mfile:///home/user/Apophenia/[39mnode_modules/[4m@vitest/runner[24m/dist/chunk-hooks.js:752:20 {
  [cause]: Error: getaddrinfo EAI_AGAIN api.x.ai
  [90m    at GetAddrInfoReqWrap.onlookupall [as oncomplete] (node:dns:122:26)[39m {
    errno: [33m-3001[39m,
    code: [32m'EAI_AGAIN'[39m,
    syscall: [32m'getaddrinfo'[39m,
    hostname: [32m'api.x.ai'[39m
  }
}

stderr | tests/contracts/ai-services.contract.test.ts > UnifiedAIService Contract > testAllProviders includes all known providers
Grok availability check failed: TypeError: fetch failed
[90m    at node:internal/deps/undici/undici:14900:13[39m
[90m    at processTicksAndRejections (node:internal/process/task_queues:105:5)[39m
    at GrokService.isAvailable [90m(/home/user/Apophenia/[39msrc/services/ai/grokService.ts:40:24[90m)[39m
    at UnifiedAIServiceImpl.testProvider [90m(/home/user/Apophenia/[39msrc/services/ai/unifiedAIService.ts:119:27[90m)[39m
    at [90m/home/user/Apophenia/[39msrc/services/ai/unifiedAIService.ts:155:22
    at async Promise.all (index 0)
    at UnifiedAIServiceImpl.testAllProviders [90m(/home/user/Apophenia/[39msrc/services/ai/unifiedAIService.ts:159:5[90m)[39m
    at [90m/home/user/Apophenia/[39mtests/contracts/ai-services.contract.test.ts:422:21
    at [90mfile:///home/user/Apophenia/[39mnode_modules/[4m@vitest/runner[24m/dist/chunk-hooks.js:752:20 {
  [cause]: Error: getaddrinfo EAI_AGAIN api.x.ai
  [90m    at GetAddrInfoReqWrap.onlookupall [as oncomplete] (node:dns:122:26)[39m {
    errno: [33m-3001[39m,
    code: [32m'EAI_AGAIN'[39m,
    syscall: [32m'getaddrinfo'[39m,
    hostname: [32m'api.x.ai'[39m
  }
}

stderr | tests/contracts/ai-services.contract.test.ts > UnifiedAIService Contract > testAllProviders results match ProviderTestResult contract
Grok availability check failed: TypeError: fetch failed
[90m    at node:internal/deps/undici/undici:14900:13[39m
[90m    at processTicksAndRejections (node:internal/process/task_queues:105:5)[39m
    at GrokService.isAvailable [90m(/home/user/Apophenia/[39msrc/services/ai/grokService.ts:40:24[90m)[39m
    at UnifiedAIServiceImpl.testProvider [90m(/home/user/Apophenia/[39msrc/services/ai/unifiedAIService.ts:119:27[90m)[39m
    at [90m/home/user/Apophenia/[39msrc/services/ai/unifiedAIService.ts:155:22
    at async Promise.all (index 0)
    at UnifiedAIServiceImpl.testAllProviders [90m(/home/user/Apophenia/[39msrc/services/ai/unifiedAIService.ts:159:5[90m)[39m
    at [90m/home/user/Apophenia/[39mtests/contracts/ai-services.contract.test.ts:429:21
    at [90mfile:///home/user/Apophenia/[39mnode_modules/[4m@vitest/runner[24m/dist/chunk-hooks.js:752:20 {
  [cause]: Error: getaddrinfo EAI_AGAIN api.x.ai
  [90m    at GetAddrInfoReqWrap.onlookupall [as oncomplete] (node:dns:122:26)[39m {
    errno: [33m-3001[39m,
    code: [32m'EAI_AGAIN'[39m,
    syscall: [32m'getaddrinfo'[39m,
    hostname: [32m'api.x.ai'[39m
  }
}

stdout | tests/contracts/ai-services.contract.test.ts > UnifiedAIService Contract > generate returns Promise<AIResponse>
Primary AI provider set to: mock

stdout | tests/contracts/command-executors.contract.test.ts > Contract Tests: Command Executors (Seam #5) > CommandQueue Contract > executeSequential continues on command failure
Command executed: wait { requestedDuration: [33m1000[39m, actualDuration: [33m999[39m }

stdout | tests/contracts/command-executors.contract.test.ts > Contract Tests: Command Executors (Seam #5) > CommandQueue + All Executors Integration > can execute all 10 command types through queue
Command executed: createSegment { segmentId: [32m'test-segment-1'[39m }

stdout | tests/contracts/command-executors.contract.test.ts > Contract Tests: Command Executors (Seam #5) > CommandQueue + All Executors Integration > can execute all 10 command types through queue
Command executed: displayText { segmentId: [32m'test-segment-1'[39m, textLength: [33m22[39m }

stdout | tests/contracts/command-executors.contract.test.ts > Contract Tests: Command Executors (Seam #5) > CommandQueue + All Executors Integration > can execute all 10 command types through queue
Command executed: displayChoices { choiceCount: [33m2[39m, hasIntrusiveThought: [33mfalse[39m }

stdout | tests/contracts/command-executors.contract.test.ts > Contract Tests: Command Executors (Seam #5) > CommandQueue + All Executors Integration > can execute all 10 command types through queue
Image generation requested for prompt: A dark corridor

stdout | tests/contracts/command-executors.contract.test.ts > Contract Tests: Command Executors (Seam #5) > CommandQueue + All Executors Integration > can execute all 10 command types through queue
Command executed: generateImage {
  segmentId: [32m'test-segment-1'[39m,
  cached: [33mfalse[39m,
  priority: [32m'high'[39m,
  async: [33mtrue[39m
}

stdout | tests/contracts/command-executors.contract.test.ts > Contract Tests: Command Executors (Seam #5) > CommandQueue + All Executors Integration > can execute all 10 command types through queue
Command executed: updateWorldState { updatedFields: [ [32m'corruptionLevel'[39m, [32m'horrorIntensity'[39m ] }

stdout | tests/unit/commands/CommandQueue.test.ts > CommandQueue > executeNext > should execute next command
Command executed: createSegment { segmentId: [32m'test-segment'[39m }

stderr | tests/unit/commands/CommandQueue.test.ts > CommandQueue > executeNext > should handle executor errors gracefully
Command failed: displayText Missing content

stdout | tests/unit/commands/CommandQueue.test.ts > CommandQueue > executeSequential > should execute all commands in order
Command executed: createSegment { segmentId: [32m'segment-1'[39m }

stdout | tests/unit/commands/CommandQueue.test.ts > CommandQueue > executeSequential > should execute all commands in order
Command executed: displayText { segmentId: [32m'segment-1'[39m, textLength: [33m6[39m }

stdout | tests/unit/commands/CommandQueue.test.ts > CommandQueue > executeSequential > should execute all commands in order
Command executed: createSegment { segmentId: [32m'segment-2'[39m }

stdout | tests/unit/commands/CommandQueue.test.ts > CommandQueue > executeSequential > should execute all commands in order
Command executed: displayText { segmentId: [32m'segment-2'[39m, textLength: [33m6[39m }

stdout | tests/unit/commands/CommandQueue.test.ts > CommandQueue > executeSequential > should continue execution even if a command fails
Command executed: createSegment { segmentId: [32m'segment-1'[39m }

stderr | tests/unit/commands/CommandQueue.test.ts > CommandQueue > executeSequential > should continue execution even if a command fails
Command failed: displayText Missing content

stderr | tests/unit/commands/CommandQueue.test.ts > CommandQueue > executeSequential > should continue execution even if a command fails
Command failed but continuing: Missing content

stdout | tests/unit/commands/CommandQueue.test.ts > CommandQueue > executeSequential > should continue execution even if a command fails
Command executed: createSegment { segmentId: [32m'segment-2'[39m }

stdout | src/services/ai/imageGeneration/__tests__/fallbackChain.test.ts > Image Generation Strategy Pattern > Orchestrator > should generate image with fallback chain
[ImageGenerationOrchestrator] Starting image generation for: "test cosmic horror scene"
[ImageGenerationOrchestrator] Trying Backend API...
[BackendAPIStrategy] Attempting backend API generation...

stderr | src/services/ai/imageGeneration/__tests__/fallbackChain.test.ts > Image Generation Strategy Pattern > Orchestrator > should generate image with fallback chain
[BackendAPIStrategy] Failed: BackendAPIError: Unexpected error: Failed to parse URL from /api/generate-image
    at BackendAPIService.generateImage [90m(/home/user/Apophenia/[39msrc/services/ai/backendAPIService.ts:122:13[90m)[39m
[90m    at processTicksAndRejections (node:internal/process/task_queues:105:5)[39m
    at BackendAPIStrategy.generate [90m(/home/user/Apophenia/[39msrc/services/ai/imageGeneration/ImageGenerationStrategy.ts:48:22[90m)[39m
    at ImageGenerationOrchestrator.generateImage [90m(/home/user/Apophenia/[39msrc/services/ai/imageGeneration/ImageGenerationOrchestrator.ts:87:24[90m)[39m
    at [90m/home/user/Apophenia/[39msrc/services/ai/imageGeneration/__tests__/fallbackChain.test.ts:71:22
    at [90mfile:///home/user/Apophenia/[39mnode_modules/[4m@vitest/runner[24m/dist/chunk-hooks.js:752:20 {
  status: [33m0[39m,
  context: [32m'unexpected-error'[39m,
  response: TypeError: Failed to parse URL from /api/generate-image
  [90m    at node:internal/deps/undici/undici:14900:13[39m
  [90m    at processTicksAndRejections (node:internal/process/task_queues:105:5)[39m
      at BackendAPIService.generateImage [90m(/home/user/Apophenia/[39msrc/services/ai/backendAPIService.ts:56:24[90m)[39m
      at BackendAPIStrategy.generate [90m(/home/user/Apophenia/[39msrc/services/ai/imageGeneration/ImageGenerationStrategy.ts:48:22[90m)[39m
      at ImageGenerationOrchestrator.generateImage [90m(/home/user/Apophenia/[39msrc/services/ai/imageGeneration/ImageGenerationOrchestrator.ts:87:24[90m)[39m
      at [90m/home/user/Apophenia/[39msrc/services/ai/imageGeneration/__tests__/fallbackChain.test.ts:71:22
      at [90mfile:///home/user/Apophenia/[39mnode_modules/[4m@vitest/runner[24m/dist/chunk-hooks.js:752:20 {
    [cause]: TypeError: Invalid URL: /api/generate-image
        at new URLImpl [90m(/home/user/Apophenia/[39mnode_modules/[4mwhatwg-url[24m/lib/URL-impl.js:20:13[90m)[39m
        at Object.exports.setup [90m(/home/user/Apophenia/[39mnode_modules/[4mwhatwg-url[24m/lib/URL.js:54:12[90m)[39m
        at new URL [90m(/home/user/Apophenia/[39mnode_modules/[4mwhatwg-url[24m/lib/URL.js:115:22[90m)[39m
    [90m    at new Request (node:internal/deps/undici/undici:9776:25)[39m
    [90m    at fetch (node:internal/deps/undici/undici:10505:25)[39m
    [90m    at fetch (node:internal/deps/undici/undici:14898:10)[39m
    [90m    at fetch (node:internal/bootstrap/web/exposed-window-or-worker:75:12)[39m
        at BackendAPIService.generateImage [90m(/home/user/Apophenia/[39msrc/services/ai/backendAPIService.ts:56:30[90m)[39m
        at BackendAPIStrategy.generate [90m(/home/user/Apophenia/[39msrc/services/ai/imageGeneration/ImageGenerationStrategy.ts:48:46[90m)[39m
    [90m    at processTicksAndRejections (node:internal/process/task_queues:105:5)[39m
  }
}

 ✓ tests/integration/ai-command-integration.test.ts (9 tests) 240ms
stdout | src/services/ai/imageGeneration/__tests__/fallbackChain.test.ts > Image Generation Strategy Pattern > Orchestrator > should generate image with fallback chain
[ImageGenerationOrchestrator] Skipping Imagen Primary (cannot attempt)
[ImageGenerationOrchestrator] Skipping Imagen Secondary (cannot attempt)
[ImageGenerationOrchestrator] Trying Unsplash Fallback...
[UnsplashFallbackStrategy] Using Unsplash fallback...
Generated Unsplash URL with keywords: mysterious,otherworldly,dark,test,cosmic

stdout | src/services/ai/imageGeneration/__tests__/fallbackChain.test.ts > Image Generation Strategy Pattern > Orchestrator > should generate image with fallback chain
[ImageGenerationOrchestrator] ✓ Success with Unsplash Fallback

stdout | src/services/ai/imageGeneration/__tests__/fallbackChain.test.ts > Image Generation Strategy Pattern > Orchestrator > should generate multiple image variations
[ImageGenerationOrchestrator] Generating 3 variations in parallel...
[ImageGenerationOrchestrator] Starting image generation for: "test horror variations. Photorealistic cosmic horror style, atmospheric nightmare lighting, surreal otherworldly aesthetics, lovecraftian eldritch elements, psychological horror atmosphere, high contrast cinematic composition, digital consciousness themes, reality distortion effects, close-up perspective, intimate horror"
[ImageGenerationOrchestrator] Trying Backend API...
[BackendAPIStrategy] Attempting backend API generation...
[ImageGenerationOrchestrator] Starting image generation for: "test horror variations. Photorealistic cosmic horror style, atmospheric nightmare lighting, surreal otherworldly aesthetics, lovecraftian eldritch elements, psychological horror atmosphere, high contrast cinematic composition, digital consciousness themes, reality distortion effects, wide-angle view, environmental terror"
[ImageGenerationOrchestrator] Trying Backend API...
[BackendAPIStrategy] Attempting backend API generation...
[ImageGenerationOrchestrator] Starting image generation for: "test horror variations. Photorealistic cosmic horror style, atmospheric nightmare lighting, surreal otherworldly aesthetics, lovecraftian eldritch elements, psychological horror atmosphere, high contrast cinematic composition, digital consciousness themes, reality distortion effects, dramatic lighting, shadow play emphasis"
[ImageGenerationOrchestrator] Trying Backend API...
[BackendAPIStrategy] Attempting backend API generation...

stderr | src/services/ai/imageGeneration/__tests__/fallbackChain.test.ts > Image Generation Strategy Pattern > Orchestrator > should generate multiple image variations
[BackendAPIStrategy] Failed: BackendAPIError: Unexpected error: Failed to parse URL from /api/generate-image
    at BackendAPIService.generateImage [90m(/home/user/Apophenia/[39msrc/services/ai/backendAPIService.ts:122:13[90m)[39m
[90m    at processTicksAndRejections (node:internal/process/task_queues:105:5)[39m
    at BackendAPIStrategy.generate [90m(/home/user/Apophenia/[39msrc/services/ai/imageGeneration/ImageGenerationStrategy.ts:48:22[90m)[39m
    at ImageGenerationOrchestrator.generateImage [90m(/home/user/Apophenia/[39msrc/services/ai/imageGeneration/ImageGenerationOrchestrator.ts:87:24[90m)[39m
    at [90m/home/user/Apophenia/[39msrc/services/ai/imageGeneration/ImageGenerationOrchestrator.ts:127:26
    at async Promise.all (index 0)
    at ImageGenerationOrchestrator.generateImageVariations [90m(/home/user/Apophenia/[39msrc/services/ai/imageGeneration/ImageGenerationOrchestrator.ts:152:23[90m)[39m
    at [90m/home/user/Apophenia/[39msrc/services/ai/imageGeneration/__tests__/fallbackChain.test.ts:82:22
    at [90mfile:///home/user/Apophenia/[39mnode_modules/[4m@vitest/runner[24m/dist/chunk-hooks.js:752:20 {
  status: [33m0[39m,
  context: [32m'unexpected-error'[39m,
  response: TypeError: Failed to parse URL from /api/generate-image
  [90m    at node:internal/deps/undici/undici:14900:13[39m
  [90m    at processTicksAndRejections (node:internal/process/task_queues:105:5)[39m
      at BackendAPIService.generateImage [90m(/home/user/Apophenia/[39msrc/services/ai/backendAPIService.ts:56:24[90m)[39m
      at BackendAPIStrategy.generate [90m(/home/user/Apophenia/[39msrc/services/ai/imageGeneration/ImageGenerationStrategy.ts:48:22[90m)[39m
      at ImageGenerationOrchestrator.generateImage [90m(/home/user/Apophenia/[39msrc/services/ai/imageGeneration/ImageGenerationOrchestrator.ts:87:24[90m)[39m
      at [90m/home/user/Apophenia/[39msrc/services/ai/imageGeneration/ImageGenerationOrchestrator.ts:127:26
      at async Promise.all (index 0)
      at ImageGenerationOrchestrator.generateImageVariations [90m(/home/user/Apophenia/[39msrc/services/ai/imageGeneration/ImageGenerationOrchestrator.ts:152:23[90m)[39m
      at [90m/home/user/Apophenia/[39msrc/services/ai/imageGeneration/__tests__/fallbackChain.test.ts:82:22
      at [90mfile:///home/user/Apophenia/[39mnode_modules/[4m@vitest/runner[24m/dist/chunk-hooks.js:752:20 {
    [cause]: TypeError: Invalid URL: /api/generate-image
        at new URLImpl [90m(/home/user/Apophenia/[39mnode_modules/[4mwhatwg-url[24m/lib/URL-impl.js:20:13[90m)[39m
        at Object.exports.setup [90m(/home/user/Apophenia/[39mnode_modules/[4mwhatwg-url[24m/lib/URL.js:54:12[90m)[39m
        at new URL [90m(/home/user/Apophenia/[39mnode_modules/[4mwhatwg-url[24m/lib/URL.js:115:22[90m)[39m
    [90m    at new Request (node:internal/deps/undici/undici:9776:25)[39m
    [90m    at fetch (node:internal/deps/undici/undici:10505:25)[39m
    [90m    at fetch (node:internal/deps/undici/undici:14898:10)[39m
    [90m    at fetch (node:internal/bootstrap/web/exposed-window-or-worker:75:12)[39m
        at BackendAPIService.generateImage [90m(/home/user/Apophenia/[39msrc/services/ai/backendAPIService.ts:56:30[90m)[39m
        at BackendAPIStrategy.generate [90m(/home/user/Apophenia/[39msrc/services/ai/imageGeneration/ImageGenerationStrategy.ts:48:46[90m)[39m
    [90m    at processTicksAndRejections (node:internal/process/task_queues:105:5)[39m
  }
}
[BackendAPIStrategy] Failed: BackendAPIError: Unexpected error: Failed to parse URL from /api/generate-image
    at BackendAPIService.generateImage [90m(/home/user/Apophenia/[39msrc/services/ai/backendAPIService.ts:122:13[90m)[39m
[90m    at processTicksAndRejections (node:internal/process/task_queues:105:5)[39m
    at BackendAPIStrategy.generate [90m(/home/user/Apophenia/[39msrc/services/ai/imageGeneration/ImageGenerationStrategy.ts:48:22[90m)[39m
    at ImageGenerationOrchestrator.generateImage [90m(/home/user/Apophenia/[39msrc/services/ai/imageGeneration/ImageGenerationOrchestrator.ts:87:24[90m)[39m
    at [90m/home/user/Apophenia/[39msrc/services/ai/imageGeneration/ImageGenerationOrchestrator.ts:127:26
    at async Promise.all (index 1)
    at ImageGenerationOrchestrator.generateImageVariations [90m(/home/user/Apophenia/[39msrc/services/ai/imageGeneration/ImageGenerationOrchestrator.ts:152:23[90m)[39m
    at [90m/home/user/Apophenia/[39msrc/services/ai/imageGeneration/__tests__/fallbackChain.test.ts:82:22
    at [90mfile:///home/user/Apophenia/[39mnode_modules/[4m@vitest/runner[24m/dist/chunk-hooks.js:752:20 {
  status: [33m0[39m,
  context: [32m'unexpected-error'[39m,
  response: TypeError: Failed to parse URL from /api/generate-image
  [90m    at node:internal/deps/undici/undici:14900:13[39m
  [90m    at processTicksAndRejections (node:internal/process/task_queues:105:5)[39m
      at BackendAPIService.generateImage [90m(/home/user/Apophenia/[39msrc/services/ai/backendAPIService.ts:56:24[90m)[39m
      at BackendAPIStrategy.generate [90m(/home/user/Apophenia/[39msrc/services/ai/imageGeneration/ImageGenerationStrategy.ts:48:22[90m)[39m
      at ImageGenerationOrchestrator.generateImage [90m(/home/user/Apophenia/[39msrc/services/ai/imageGeneration/ImageGenerationOrchestrator.ts:87:24[90m)[39m
      at [90m/home/user/Apophenia/[39msrc/services/ai/imageGeneration/ImageGenerationOrchestrator.ts:127:26
      at async Promise.all (index 1)
      at ImageGenerationOrchestrator.generateImageVariations [90m(/home/user/Apophenia/[39msrc/services/ai/imageGeneration/ImageGenerationOrchestrator.ts:152:23[90m)[39m
      at [90m/home/user/Apophenia/[39msrc/services/ai/imageGeneration/__tests__/fallbackChain.test.ts:82:22
      at [90mfile:///home/user/Apophenia/[39mnode_modules/[4m@vitest/runner[24m/dist/chunk-hooks.js:752:20 {
    [cause]: TypeError: Invalid URL: /api/generate-image
        at new URLImpl [90m(/home/user/Apophenia/[39mnode_modules/[4mwhatwg-url[24m/lib/URL-impl.js:20:13[90m)[39m
        at Object.exports.setup [90m(/home/user/Apophenia/[39mnode_modules/[4mwhatwg-url[24m/lib/URL.js:54:12[90m)[39m
        at new URL [90m(/home/user/Apophenia/[39mnode_modules/[4mwhatwg-url[24m/lib/URL.js:115:22[90m)[39m
    [90m    at new Request (node:internal/deps/undici/undici:9776:25)[39m
    [90m    at fetch (node:internal/deps/undici/undici:10505:25)[39m
    [90m    at fetch (node:internal/deps/undici/undici:14898:10)[39m
    [90m    at fetch (node:internal/bootstrap/web/exposed-window-or-worker:75:12)[39m
        at BackendAPIService.generateImage [90m(/home/user/Apophenia/[39msrc/services/ai/backendAPIService.ts:56:30[90m)[39m
        at BackendAPIStrategy.generate [90m(/home/user/Apophenia/[39msrc/services/ai/imageGeneration/ImageGenerationStrategy.ts:48:46[90m)[39m
    [90m    at processTicksAndRejections (node:internal/process/task_queues:105:5)[39m
  }
}
[BackendAPIStrategy] Failed: BackendAPIError: Unexpected error: Failed to parse URL from /api/generate-image
    at BackendAPIService.generateImage [90m(/home/user/Apophenia/[39msrc/services/ai/backendAPIService.ts:122:13[90m)[39m
[90m    at processTicksAndRejections (node:internal/process/task_queues:105:5)[39m
    at BackendAPIStrategy.generate [90m(/home/user/Apophenia/[39msrc/services/ai/imageGeneration/ImageGenerationStrategy.ts:48:22[90m)[39m
    at ImageGenerationOrchestrator.generateImage [90m(/home/user/Apophenia/[39msrc/services/ai/imageGeneration/ImageGenerationOrchestrator.ts:87:24[90m)[39m
    at [90m/home/user/Apophenia/[39msrc/services/ai/imageGeneration/ImageGenerationOrchestrator.ts:127:26
    at async Promise.all (index 2)
    at ImageGenerationOrchestrator.generateImageVariations [90m(/home/user/Apophenia/[39msrc/services/ai/imageGeneration/ImageGenerationOrchestrator.ts:152:23[90m)[39m
    at [90m/home/user/Apophenia/[39msrc/services/ai/imageGeneration/__tests__/fallbackChain.test.ts:82:22
    at [90mfile:///home/user/Apophenia/[39mnode_modules/[4m@vitest/runner[24m/dist/chunk-hooks.js:752:20 {
  status: [33m0[39m,
  context: [32m'unexpected-error'[39m,
  response: TypeError: Failed to parse URL from /api/generate-image
  [90m    at node:internal/deps/undici/undici:14900:13[39m
  [90m    at processTicksAndRejections (node:internal/process/task_queues:105:5)[39m
      at BackendAPIService.generateImage [90m(/home/user/Apophenia/[39msrc/services/ai/backendAPIService.ts:56:24[90m)[39m
      at BackendAPIStrategy.generate [90m(/home/user/Apophenia/[39msrc/services/ai/imageGeneration/ImageGenerationStrategy.ts:48:22[90m)[39m
      at ImageGenerationOrchestrator.generateImage [90m(/home/user/Apophenia/[39msrc/services/ai/imageGeneration/ImageGenerationOrchestrator.ts:87:24[90m)[39m
      at [90m/home/user/Apophenia/[39msrc/services/ai/imageGeneration/ImageGenerationOrchestrator.ts:127:26
      at async Promise.all (index 2)
      at ImageGenerationOrchestrator.generateImageVariations [90m(/home/user/Apophenia/[39msrc/services/ai/imageGeneration/ImageGenerationOrchestrator.ts:152:23[90m)[39m
      at [90m/home/user/Apophenia/[39msrc/services/ai/imageGeneration/__tests__/fallbackChain.test.ts:82:22
      at [90mfile:///home/user/Apophenia/[39mnode_modules/[4m@vitest/runner[24m/dist/chunk-hooks.js:752:20 {
    [cause]: TypeError: Invalid URL: /api/generate-image
        at new URLImpl [90m(/home/user/Apophenia/[39mnode_modules/[4mwhatwg-url[24m/lib/URL-impl.js:20:13[90m)[39m
        at Object.exports.setup [90m(/home/user/Apophenia/[39mnode_modules/[4mwhatwg-url[24m/lib/URL.js:54:12[90m)[39m
        at new URL [90m(/home/user/Apophenia/[39mnode_modules/[4mwhatwg-url[24m/lib/URL.js:115:22[90m)[39m
    [90m    at new Request (node:internal/deps/undici/undici:9776:25)[39m
    [90m    at fetch (node:internal/deps/undici/undici:10505:25)[39m
    [90m    at fetch (node:internal/deps/undici/undici:14898:10)[39m
    [90m    at fetch (node:internal/bootstrap/web/exposed-window-or-worker:75:12)[39m
        at BackendAPIService.generateImage [90m(/home/user/Apophenia/[39msrc/services/ai/backendAPIService.ts:56:30[90m)[39m
        at BackendAPIStrategy.generate [90m(/home/user/Apophenia/[39msrc/services/ai/imageGeneration/ImageGenerationStrategy.ts:48:46[90m)[39m
    [90m    at processTicksAndRejections (node:internal/process/task_queues:105:5)[39m
  }
}

stdout | src/services/ai/imageGeneration/__tests__/fallbackChain.test.ts > Image Generation Strategy Pattern > Orchestrator > should generate multiple image variations
[ImageGenerationOrchestrator] Skipping Imagen Primary (cannot attempt)
[ImageGenerationOrchestrator] Skipping Imagen Secondary (cannot attempt)
[ImageGenerationOrchestrator] Trying Unsplash Fallback...
[UnsplashFallbackStrategy] Using Unsplash fallback...
Generated Unsplash URL with keywords: mysterious,dark,horror,test,horror
[ImageGenerationOrchestrator] Skipping Imagen Primary (cannot attempt)
[ImageGenerationOrchestrator] Skipping Imagen Secondary (cannot attempt)
[ImageGenerationOrchestrator] Trying Unsplash Fallback...
[UnsplashFallbackStrategy] Using Unsplash fallback...
Generated Unsplash URL with keywords: nightmare,dark,abstract,test,horror
[ImageGenerationOrchestrator] Skipping Imagen Primary (cannot attempt)
[ImageGenerationOrchestrator] Skipping Imagen Secondary (cannot attempt)
[ImageGenerationOrchestrator] Trying Unsplash Fallback...
[UnsplashFallbackStrategy] Using Unsplash fallback...
Generated Unsplash URL with keywords: dark,eerie,shadows,test,horror
[ImageGenerationOrchestrator] ✓ Success with Unsplash Fallback
[ImageGenerationOrchestrator] ✓ Success with Unsplash Fallback
[ImageGenerationOrchestrator] ✓ Success with Unsplash Fallback

stdout | src/services/ai/imageGeneration/__tests__/fallbackChain.test.ts > Image Generation Strategy Pattern > Orchestrator > should generate multiple image variations
[ImageGenerationOrchestrator] ✓ Generated 3 variations, selected #0

stdout | src/services/ai/imageGeneration/__tests__/fallbackChain.test.ts > Image Generation Strategy Pattern > Unsplash Fallback > should generate Unsplash URL
Generated Unsplash URL with keywords: dark,horror,ominous,horror,scene

stdout | src/services/ai/imageGeneration/__tests__/fallbackChain.test.ts > Image Generation Strategy Pattern > Fallback Chain Integration > should test complete fallback chain
[BackendAPIStrategy] Attempting backend API generation...

stderr | src/services/ai/imageGeneration/__tests__/fallbackChain.test.ts > Image Generation Strategy Pattern > Fallback Chain Integration > should test complete fallback chain
[BackendAPIStrategy] Failed: BackendAPIError: Unexpected error: Failed to parse URL from /api/generate-image
    at BackendAPIService.generateImage [90m(/home/user/Apophenia/[39msrc/services/ai/backendAPIService.ts:122:13[90m)[39m
[90m    at processTicksAndRejections (node:internal/process/task_queues:105:5)[39m
    at BackendAPIStrategy.generate [90m(/home/user/Apophenia/[39msrc/services/ai/imageGeneration/ImageGenerationStrategy.ts:48:22[90m)[39m
    at ImageGenerationOrchestrator.testFallbackChain [90m(/home/user/Apophenia/[39msrc/services/ai/imageGeneration/ImageGenerationOrchestrator.ts:220:24[90m)[39m
    at [90m/home/user/Apophenia/[39msrc/services/ai/imageGeneration/__tests__/fallbackChain.test.ts:131:23
    at [90mfile:///home/user/Apophenia/[39mnode_modules/[4m@vitest/runner[24m/dist/chunk-hooks.js:752:20 {
  status: [33m0[39m,
  context: [32m'unexpected-error'[39m,
  response: TypeError: Failed to parse URL from /api/generate-image
  [90m    at node:internal/deps/undici/undici:14900:13[39m
  [90m    at processTicksAndRejections (node:internal/process/task_queues:105:5)[39m
      at BackendAPIService.generateImage [90m(/home/user/Apophenia/[39msrc/services/ai/backendAPIService.ts:56:24[90m)[39m
      at BackendAPIStrategy.generate [90m(/home/user/Apophenia/[39msrc/services/ai/imageGeneration/ImageGenerationStrategy.ts:48:22[90m)[39m
      at ImageGenerationOrchestrator.testFallbackChain [90m(/home/user/Apophenia/[39msrc/services/ai/imageGeneration/ImageGenerationOrchestrator.ts:220:24[90m)[39m
      at [90m/home/user/Apophenia/[39msrc/services/ai/imageGeneration/__tests__/fallbackChain.test.ts:131:23
      at [90mfile:///home/user/Apophenia/[39mnode_modules/[4m@vitest/runner[24m/dist/chunk-hooks.js:752:20 {
    [cause]: TypeError: Invalid URL: /api/generate-image
        at new URLImpl [90m(/home/user/Apophenia/[39mnode_modules/[4mwhatwg-url[24m/lib/URL-impl.js:20:13[90m)[39m
        at Object.exports.setup [90m(/home/user/Apophenia/[39mnode_modules/[4mwhatwg-url[24m/lib/URL.js:54:12[90m)[39m
        at new URL [90m(/home/user/Apophenia/[39mnode_modules/[4mwhatwg-url[24m/lib/URL.js:115:22[90m)[39m
    [90m    at new Request (node:internal/deps/undici/undici:9776:25)[39m
    [90m    at fetch (node:internal/deps/undici/undici:10505:25)[39m
    [90m    at fetch (node:internal/deps/undici/undici:14898:10)[39m
    [90m    at fetch (node:internal/bootstrap/web/exposed-window-or-worker:75:12)[39m
        at BackendAPIService.generateImage [90m(/home/user/Apophenia/[39msrc/services/ai/backendAPIService.ts:56:30[90m)[39m
        at BackendAPIStrategy.generate [90m(/home/user/Apophenia/[39msrc/services/ai/imageGeneration/ImageGenerationStrategy.ts:48:46[90m)[39m
    [90m    at processTicksAndRejections (node:internal/process/task_queues:105:5)[39m
  }
}

stdout | src/services/ai/imageGeneration/__tests__/fallbackChain.test.ts > Image Generation Strategy Pattern > Fallback Chain Integration > should test complete fallback chain
[UnsplashFallbackStrategy] Using Unsplash fallback...
Generated Unsplash URL with keywords: dark,ominous,horror,test,fallback

stdout | src/services/ai/imageGeneration/__tests__/fallbackChain.test.ts > Image Generation Strategy Pattern > Fallback Chain Integration > should test complete fallback chain
[SVGFallbackStrategy] Using emergency SVG fallback...

stdout | tests/unit/commands/CommandQueue.test.ts > CommandQueue > executeSequential > should throw if already executing
Command executed: wait { requestedDuration: [33m100[39m, actualDuration: [33m100[39m }

stdout | tests/unit/commands/CommandQueue.test.ts > CommandQueue > integration test > should execute a complete command sequence
Command executed: createSegment { segmentId: [32m'intro-1'[39m }

stdout | tests/unit/commands/CommandQueue.test.ts > CommandQueue > integration test > should execute a complete command sequence
Command executed: displayText { segmentId: [32m'intro-1'[39m, textLength: [33m29[39m }

stdout | tests/unit/commands/CommandQueue.test.ts > CommandQueue > integration test > should execute a complete command sequence
Command executed: displayChoices { choiceCount: [33m2[39m, hasIntrusiveThought: [33mfalse[39m }

stdout | tests/unit/commands/CommandQueue.test.ts > CommandQueue > integration test > should execute a complete command sequence
Command executed: wait { requestedDuration: [33m10[39m, actualDuration: [33m10[39m }

stdout | tests/unit/commands/CommandQueue.test.ts > CommandQueue > integration test > should execute a complete command sequence
Command executed: updateWorldState { updatedFields: [ [32m'horrorIntensity'[39m, [32m'setting'[39m ] }

 ✓ src/services/ai/imageGeneration/__tests__/fallbackChain.test.ts (14 tests) 44ms
 ✓ tests/unit/commands/CommandQueue.test.ts (13 tests) 160ms
stdout | tests/unit/images/ImagePipeline.test.ts
[ImagePipeline] Initialized with providers: grok (priority: 1), unsplash (priority: 3)

stdout | tests/contracts/image-services.contract.test.ts
[ImagePipeline] Initialized with providers: grok (priority: 1), unsplash (priority: 3)

stdout | tests/unit/images/ImagePipeline.test.ts > ImagePipeline > initialization > should initialize with default services
[ImagePipeline] Initialized with providers: grok (priority: 1), unsplash (priority: 3)
[ImagePipeline] Cache cleared

stdout | tests/unit/images/ImagePipeline.test.ts > ImagePipeline > initialization > should sort services by priority
[ImagePipeline] Initialized with providers: grok (priority: 1), unsplash (priority: 3)
[ImagePipeline] Cache cleared

stdout | tests/unit/images/ImagePipeline.test.ts > ImagePipeline > initialization > should sort services by priority
[ImagePipeline] Initialized with providers: second (priority: 1), third (priority: 2), first (priority: 3)

stdout | tests/unit/images/ImagePipeline.test.ts > ImagePipeline > initialization > should accept custom services
[ImagePipeline] Initialized with providers: grok (priority: 1), unsplash (priority: 3)
[ImagePipeline] Cache cleared

stdout | tests/unit/images/ImagePipeline.test.ts > ImagePipeline > initialization > should accept custom services
[ImagePipeline] Initialized with providers: custom (priority: 1)

stdout | tests/unit/images/ImagePipeline.test.ts > ImagePipeline > image generation > should generate image from first available service
[ImagePipeline] Initialized with providers: grok (priority: 1), unsplash (priority: 3)
[ImagePipeline] Cache cleared

stdout | tests/unit/images/ImagePipeline.test.ts > ImagePipeline > image generation > should generate image from first available service
[ImagePipeline] Initialized with providers: service1 (priority: 1), service2 (priority: 2)

stdout | tests/unit/images/ImagePipeline.test.ts > ImagePipeline > image generation > should generate image from first available service
[ImagePipeline] Trying service1...

stdout | tests/unit/images/ImagePipeline.test.ts > ImagePipeline > image generation > should generate image from first available service
[ImagePipeline] ✓ Generated via service1

stdout | tests/unit/images/ImagePipeline.test.ts > ImagePipeline > image generation > should fallback to next service on failure
[ImagePipeline] Initialized with providers: grok (priority: 1), unsplash (priority: 3)
[ImagePipeline] Cache cleared

stdout | tests/unit/images/ImagePipeline.test.ts > ImagePipeline > image generation > should fallback to next service on failure
[ImagePipeline] Initialized with providers: service1 (priority: 1), service2 (priority: 2)

stdout | tests/unit/images/ImagePipeline.test.ts > ImagePipeline > image generation > should fallback to next service on failure
[ImagePipeline] Trying service1...

stdout | tests/unit/images/ImagePipeline.test.ts > ImagePipeline > image generation > should fallback to next service on failure
[ImagePipeline] service1 returned null: Mock service failed

stdout | tests/unit/images/ImagePipeline.test.ts > ImagePipeline > image generation > should fallback to next service on failure
[ImagePipeline] Trying service2...

stdout | tests/unit/images/ImagePipeline.test.ts > ImagePipeline > image generation > should fallback to next service on failure
[ImagePipeline] ✓ Generated via service2

stdout | tests/unit/images/ImagePipeline.test.ts > ImagePipeline > image generation > should return null when all services fail
[ImagePipeline] Initialized with providers: grok (priority: 1), unsplash (priority: 3)
[ImagePipeline] Cache cleared

stdout | tests/unit/images/ImagePipeline.test.ts > ImagePipeline > image generation > should return null when all services fail
[ImagePipeline] Initialized with providers: service1 (priority: 1), service2 (priority: 2)

stdout | tests/unit/images/ImagePipeline.test.ts > ImagePipeline > image generation > should return null when all services fail
[ImagePipeline] Trying service1...

stdout | tests/unit/images/ImagePipeline.test.ts > ImagePipeline > image generation > should return null when all services fail
[ImagePipeline] service1 returned null: Mock service failed

stdout | tests/unit/images/ImagePipeline.test.ts > ImagePipeline > image generation > should return null when all services fail
[ImagePipeline] Trying service2...

stdout | tests/unit/images/ImagePipeline.test.ts > ImagePipeline > image generation > should return null when all services fail
[ImagePipeline] service2 returned null: Mock service failed

stderr | tests/unit/images/ImagePipeline.test.ts > ImagePipeline > image generation > should return null when all services fail
[ImagePipeline] All services exhausted, returning null

stdout | tests/unit/images/ImagePipeline.test.ts > ImagePipeline > image generation > should use segmentId in generate method
[ImagePipeline] Initialized with providers: grok (priority: 1), unsplash (priority: 3)
[ImagePipeline] Cache cleared

stdout | tests/unit/images/ImagePipeline.test.ts > ImagePipeline > image generation > should use segmentId in generate method
[ImagePipeline] Initialized with providers: test (priority: 1)

stdout | tests/unit/images/ImagePipeline.test.ts > ImagePipeline > image generation > should use segmentId in generate method
[ImagePipeline] Trying test...

stdout | tests/unit/images/ImagePipeline.test.ts > ImagePipeline > image generation > should use segmentId in generate method
[ImagePipeline] ✓ Generated via test

stdout | tests/unit/images/ImagePipeline.test.ts > ImagePipeline > image generation > should use segmentId in generate method
[ImagePipeline] Generated for segment segment-123: via test ✓

stdout | tests/unit/images/ImagePipeline.test.ts > ImagePipeline > caching > should cache successful results
[ImagePipeline] Initialized with providers: grok (priority: 1), unsplash (priority: 3)
[ImagePipeline] Cache cleared

stdout | tests/unit/images/ImagePipeline.test.ts > ImagePipeline > caching > should cache successful results
[ImagePipeline] Initialized with providers: test (priority: 1)

stdout | tests/unit/images/ImagePipeline.test.ts > ImagePipeline > caching > should cache successful results
[ImagePipeline] Trying test...

stdout | tests/unit/images/ImagePipeline.test.ts > ImagePipeline > caching > should cache successful results
[ImagePipeline] ✓ Generated via test

stdout | tests/unit/images/ImagePipeline.test.ts > ImagePipeline > caching > should not cache failed results
[ImagePipeline] Initialized with providers: grok (priority: 1), unsplash (priority: 3)
[ImagePipeline] Cache cleared

stdout | tests/unit/images/ImagePipeline.test.ts > ImagePipeline > caching > should not cache failed results
[ImagePipeline] Initialized with providers: service1 (priority: 1), service2 (priority: 2)

stdout | tests/unit/images/ImagePipeline.test.ts > ImagePipeline > caching > should not cache failed results
[ImagePipeline] Trying service1...

stdout | tests/unit/images/ImagePipeline.test.ts > ImagePipeline > caching > should not cache failed results
[ImagePipeline] service1 returned null: Mock service failed

stdout | tests/unit/images/ImagePipeline.test.ts > ImagePipeline > caching > should not cache failed results
[ImagePipeline] Trying service2...

stdout | tests/unit/images/ImagePipeline.test.ts > ImagePipeline > caching > should not cache failed results
[ImagePipeline] ✓ Generated via service2

stdout | tests/unit/images/ImagePipeline.test.ts > ImagePipeline > caching > should have separate cache entries for different prompts
[ImagePipeline] Initialized with providers: grok (priority: 1), unsplash (priority: 3)
[ImagePipeline] Cache cleared

stdout | tests/unit/images/ImagePipeline.test.ts > ImagePipeline > caching > should have separate cache entries for different prompts
[ImagePipeline] Initialized with providers: test (priority: 1)

stdout | tests/unit/images/ImagePipeline.test.ts > ImagePipeline > caching > should have separate cache entries for different prompts
[ImagePipeline] Trying test...

stdout | tests/unit/images/ImagePipeline.test.ts > ImagePipeline > caching > should have separate cache entries for different prompts
[ImagePipeline] ✓ Generated via test

stdout | tests/unit/images/ImagePipeline.test.ts > ImagePipeline > caching > should have separate cache entries for different prompts
[ImagePipeline] Initialized with providers: test (priority: 1)

stdout | tests/unit/images/ImagePipeline.test.ts > ImagePipeline > caching > should have separate cache entries for different prompts
[ImagePipeline] Trying test...

stdout | tests/unit/images/ImagePipeline.test.ts > ImagePipeline > caching > should have separate cache entries for different prompts
[ImagePipeline] ✓ Generated via test

stdout | tests/unit/images/ImagePipeline.test.ts > ImagePipeline > caching > should clear cache
[ImagePipeline] Initialized with providers: grok (priority: 1), unsplash (priority: 3)
[ImagePipeline] Cache cleared

stdout | tests/unit/images/ImagePipeline.test.ts > ImagePipeline > caching > should clear cache
[ImagePipeline] Initialized with providers: test (priority: 1)
[ImagePipeline] Cache cleared
[ImagePipeline] Trying test...

stdout | tests/unit/images/ImagePipeline.test.ts > ImagePipeline > caching > should clear cache
[ImagePipeline] ✓ Generated via test

stdout | tests/unit/images/ImagePipeline.test.ts > ImagePipeline > caching > should prune expired cache entries
[ImagePipeline] Initialized with providers: grok (priority: 1), unsplash (priority: 3)
[ImagePipeline] Cache cleared

stdout | tests/unit/images/ImagePipeline.test.ts > ImagePipeline > caching > should prune expired cache entries
[ImagePipeline] Initialized with providers: test (priority: 1)

stdout | tests/unit/images/ImagePipeline.test.ts > ImagePipeline > caching > should prune expired cache entries
[ImagePipeline] Trying test...

stdout | tests/unit/images/ImagePipeline.test.ts > ImagePipeline > caching > should prune expired cache entries
[ImagePipeline] ✓ Generated via test

stdout | tests/unit/images/ImagePipeline.test.ts > ImagePipeline > provider management > should return list of providers
[ImagePipeline] Initialized with providers: grok (priority: 1), unsplash (priority: 3)
[ImagePipeline] Cache cleared

stdout | tests/unit/images/ImagePipeline.test.ts > ImagePipeline > provider management > should return list of providers
[ImagePipeline] Initialized with providers: service1 (priority: 1), service2 (priority: 2)

stdout | tests/unit/images/ImagePipeline.test.ts > ImagePipeline > provider management > should test all providers
[ImagePipeline] Initialized with providers: grok (priority: 1), unsplash (priority: 3)
[ImagePipeline] Cache cleared

stdout | tests/unit/images/ImagePipeline.test.ts > ImagePipeline > provider management > should test all providers
[ImagePipeline] Initialized with providers: service1 (priority: 1), service2 (priority: 2)

stdout | tests/unit/images/ImagePipeline.test.ts > ImagePipeline > provider management > should handle provider test errors gracefully
[ImagePipeline] Initialized with providers: grok (priority: 1), unsplash (priority: 3)
[ImagePipeline] Cache cleared

stdout | tests/unit/images/ImagePipeline.test.ts > ImagePipeline > provider management > should handle provider test errors gracefully
[ImagePipeline] Initialized with providers: test (priority: 1)

stderr | tests/unit/images/ImagePipeline.test.ts > ImagePipeline > provider management > should handle provider test errors gracefully
[ImagePipeline] Provider test failed for test: Error: Test error
    at [90m/home/user/Apophenia/[39mtests/unit/images/ImagePipeline.test.ts:240:59
    at [90mfile:///home/user/Apophenia/[39mnode_modules/[4m@vitest/runner[24m/dist/chunk-hooks.js:155:11
    at [90mfile:///home/user/Apophenia/[39mnode_modules/[4m@vitest/runner[24m/dist/chunk-hooks.js:752:26
    at [90mfile:///home/user/Apophenia/[39mnode_modules/[4m@vitest/runner[24m/dist/chunk-hooks.js:1897:20
    at new Promise (<anonymous>)
    at runWithTimeout [90m(file:///home/user/Apophenia/[39mnode_modules/[4m@vitest/runner[24m/dist/chunk-hooks.js:1863:10[90m)[39m
    at runTest [90m(file:///home/user/Apophenia/[39mnode_modules/[4m@vitest/runner[24m/dist/chunk-hooks.js:1574:12[90m)[39m
[90m    at processTicksAndRejections (node:internal/process/task_queues:105:5)[39m
    at runSuite [90m(file:///home/user/Apophenia/[39mnode_modules/[4m@vitest/runner[24m/dist/chunk-hooks.js:1729:8[90m)[39m
    at runSuite [90m(file:///home/user/Apophenia/[39mnode_modules/[4m@vitest/runner[24m/dist/chunk-hooks.js:1729:8[90m)[39m

stdout | tests/unit/images/ImagePipeline.test.ts > ImagePipeline > cache statistics > should return cache stats
[ImagePipeline] Initialized with providers: grok (priority: 1), unsplash (priority: 3)
[ImagePipeline] Cache cleared

stdout | tests/unit/images/ImagePipeline.test.ts > ImagePipeline > cache statistics > should return cache stats
[ImagePipeline] Initialized with providers: test (priority: 1)

stdout | tests/unit/images/ImagePipeline.test.ts > ImagePipeline > cache statistics > should track fill percentage
[ImagePipeline] Initialized with providers: grok (priority: 1), unsplash (priority: 3)
[ImagePipeline] Cache cleared

stdout | tests/unit/images/ImagePipeline.test.ts > ImagePipeline > cache statistics > should track fill percentage
[ImagePipeline] Initialized with providers: test (priority: 1)
[ImagePipeline] Cache cleared

stdout | tests/unit/images/ImagePipeline.test.ts > ImagePipeline > cache statistics > should track fill percentage
[ImagePipeline] Trying test...

stdout | tests/unit/images/ImagePipeline.test.ts > ImagePipeline > cache statistics > should track fill percentage
[ImagePipeline] ✓ Generated via test

stdout | tests/unit/images/ImagePipeline.test.ts > ImagePipeline > cache statistics > should track fill percentage
[ImagePipeline] Trying test...

stdout | tests/unit/images/ImagePipeline.test.ts > ImagePipeline > cache statistics > should track fill percentage
[ImagePipeline] ✓ Generated via test

stdout | tests/unit/images/ImagePipeline.test.ts > ImagePipeline > cache statistics > should track fill percentage
[ImagePipeline] Trying test...

stdout | tests/unit/images/ImagePipeline.test.ts > ImagePipeline > cache statistics > should track fill percentage
[ImagePipeline] ✓ Generated via test

stdout | tests/unit/images/ImagePipeline.test.ts > ImagePipeline > cache statistics > should track fill percentage
[ImagePipeline] Trying test...

stdout | tests/unit/images/ImagePipeline.test.ts > ImagePipeline > cache statistics > should track fill percentage
[ImagePipeline] ✓ Generated via test

stdout | tests/unit/images/ImagePipeline.test.ts > ImagePipeline > cache statistics > should track fill percentage
[ImagePipeline] Trying test...

stdout | tests/unit/images/ImagePipeline.test.ts > ImagePipeline > cache statistics > should track fill percentage
[ImagePipeline] ✓ Generated via test

stdout | tests/unit/images/ImagePipeline.test.ts > ImagePipeline > best-effort behavior > should not throw on generation failure
[ImagePipeline] Initialized with providers: grok (priority: 1), unsplash (priority: 3)
[ImagePipeline] Cache cleared

stdout | tests/unit/images/ImagePipeline.test.ts > ImagePipeline > best-effort behavior > should not throw on generation failure
[ImagePipeline] Initialized with providers: test (priority: 1)

stdout | tests/unit/images/ImagePipeline.test.ts > ImagePipeline > best-effort behavior > should not throw on generation failure
[ImagePipeline] Trying test...

stdout | tests/unit/images/ImagePipeline.test.ts > ImagePipeline > best-effort behavior > should not throw on generation failure
[ImagePipeline] test returned null: Mock service failed

stderr | tests/unit/images/ImagePipeline.test.ts > ImagePipeline > best-effort behavior > should not throw on generation failure
[ImagePipeline] All services exhausted, returning null

stdout | tests/unit/images/ImagePipeline.test.ts > ImagePipeline > best-effort behavior > should return valid ImageResult structure
[ImagePipeline] Initialized with providers: grok (priority: 1), unsplash (priority: 3)
[ImagePipeline] Cache cleared

stdout | tests/unit/images/ImagePipeline.test.ts > ImagePipeline > best-effort behavior > should return valid ImageResult structure
[ImagePipeline] Initialized with providers: test (priority: 1)

stdout | tests/unit/images/ImagePipeline.test.ts > ImagePipeline > best-effort behavior > should return valid ImageResult structure
[ImagePipeline] Trying test...

stdout | tests/unit/images/ImagePipeline.test.ts > ImagePipeline > best-effort behavior > should return valid ImageResult structure
[ImagePipeline] ✓ Generated via test

 ✓ tests/unit/images/ImagePipeline.test.ts (19 tests) 29ms
stderr | tests/contracts/image-services.contract.test.ts > Contract Tests: Image Services (Seam #7) > Service Interface Compliance > GrokImageService Interface Compliance > generate accepts string and returns Promise<ImageResult>
[Grok] Generation failed: fetch failed

stdout | tests/contracts/image-services.contract.test.ts > Contract Tests: Image Services (Seam #7) > Service Interface Compliance > GrokImageService Interface Compliance > isAvailable returns Promise<boolean>
[Grok] Service unavailable: fetch failed

stderr | tests/contracts/image-services.contract.test.ts > Contract Tests: Image Services (Seam #7) > Service Interface Compliance > UnsplashService Interface Compliance > generate accepts string and returns Promise<ImageResult>
[Unsplash] Search failed: fetch failed

stdout | tests/contracts/image-services.contract.test.ts > Contract Tests: Image Services (Seam #7) > ImagePipeline Contract > implements ImagePipeline interface
[ImagePipeline] Initialized with providers: grok (priority: 1), unsplash (priority: 3)

stdout | tests/contracts/image-services.contract.test.ts > Contract Tests: Image Services (Seam #7) > ImagePipeline Contract > generate accepts prompt and segmentId, returns Promise<string | null>
[ImagePipeline] Initialized with providers: grok (priority: 1), unsplash (priority: 3)

stdout | tests/contracts/image-services.contract.test.ts > Contract Tests: Image Services (Seam #7) > ImagePipeline Contract > generate accepts prompt and segmentId, returns Promise<string | null>
[Grok] Service unavailable: fetch failed

stdout | tests/contracts/image-services.contract.test.ts > Contract Tests: Image Services (Seam #7) > ImagePipeline Contract > generate accepts prompt and segmentId, returns Promise<string | null>
[ImagePipeline] grok not available

stderr | tests/contracts/image-services.contract.test.ts > Contract Tests: Image Services (Seam #7) > ImagePipeline Contract > generate accepts prompt and segmentId, returns Promise<string | null>
[ImagePipeline] All services exhausted, returning null

stdout | tests/contracts/image-services.contract.test.ts > Contract Tests: Image Services (Seam #7) > ImagePipeline Contract > generate accepts prompt and segmentId, returns Promise<string | null>
[ImagePipeline] unsplash not available

stdout | tests/contracts/image-services.contract.test.ts > Contract Tests: Image Services (Seam #7) > ImagePipeline Contract > generate accepts prompt and segmentId, returns Promise<string | null>
[ImagePipeline] Generated for segment test-segment-id: via none ✗

stdout | tests/contracts/image-services.contract.test.ts > Contract Tests: Image Services (Seam #7) > ImagePipeline Contract > generateWithFallback accepts string and returns Promise<ImageResult>
[ImagePipeline] Initialized with providers: grok (priority: 1), unsplash (priority: 3)

stdout | tests/contracts/image-services.contract.test.ts > Contract Tests: Image Services (Seam #7) > ImagePipeline Contract > generateWithFallback accepts string and returns Promise<ImageResult>
[Grok] Service unavailable: fetch failed

stdout | tests/contracts/image-services.contract.test.ts > Contract Tests: Image Services (Seam #7) > ImagePipeline Contract > generateWithFallback accepts string and returns Promise<ImageResult>
[ImagePipeline] grok not available

stderr | tests/contracts/image-services.contract.test.ts > Contract Tests: Image Services (Seam #7) > ImagePipeline Contract > generateWithFallback accepts string and returns Promise<ImageResult>
[ImagePipeline] All services exhausted, returning null

stdout | tests/contracts/image-services.contract.test.ts > Contract Tests: Image Services (Seam #7) > ImagePipeline Contract > generateWithFallback accepts string and returns Promise<ImageResult>
[ImagePipeline] unsplash not available

stdout | tests/contracts/image-services.contract.test.ts > Contract Tests: Image Services (Seam #7) > ImagePipeline Contract > getProviders returns ImageService array
[ImagePipeline] Initialized with providers: grok (priority: 1), unsplash (priority: 3)

stdout | tests/contracts/image-services.contract.test.ts > Contract Tests: Image Services (Seam #7) > ImagePipeline Contract > testProviders returns Promise<Map<string, boolean>>
[ImagePipeline] Initialized with providers: grok (priority: 1), unsplash (priority: 3)

stdout | tests/contracts/image-services.contract.test.ts > Contract Tests: Image Services (Seam #7) > ImagePipeline Contract > testProviders returns Promise<Map<string, boolean>>
[Grok] Service unavailable: fetch failed

stdout | tests/contracts/image-services.contract.test.ts > Contract Tests: Image Services (Seam #7) > ImagePipeline Contract > singleton instance exports correct type
[ImagePipeline] Initialized with providers: grok (priority: 1), unsplash (priority: 3)

stderr | tests/contracts/image-services.contract.test.ts > Contract Tests: Image Services (Seam #7) > ImageResult Contract > successful result has correct shape
[Grok] Generation failed: fetch failed

stderr | tests/contracts/image-services.contract.test.ts > Contract Tests: Image Services (Seam #7) > ImageResult Contract > failed result has correct shape
[Grok] Generation failed: fetch failed

stdout | tests/contracts/image-services.contract.test.ts > Contract Tests: Image Services (Seam #7) > ImageResult Contract > cached result has correct shape
[ImagePipeline] Initialized with providers: grok (priority: 1), unsplash (priority: 3)

stdout | tests/contracts/image-services.contract.test.ts > Contract Tests: Image Services (Seam #7) > ImageResult Contract > cached result has correct shape
[Grok] Service unavailable: fetch failed

stdout | tests/contracts/image-services.contract.test.ts > Contract Tests: Image Services (Seam #7) > ImageResult Contract > cached result has correct shape
[ImagePipeline] grok not available

stderr | tests/contracts/image-services.contract.test.ts > Contract Tests: Image Services (Seam #7) > ImageResult Contract > cached result has correct shape
[ImagePipeline] All services exhausted, returning null

stdout | tests/contracts/image-services.contract.test.ts > Contract Tests: Image Services (Seam #7) > ImageResult Contract > cached result has correct shape
[ImagePipeline] unsplash not available

stdout | tests/contracts/image-services.contract.test.ts > Contract Tests: Image Services (Seam #7) > ImageResult Contract > cached result has correct shape
[Grok] Service unavailable: fetch failed

stdout | tests/contracts/image-services.contract.test.ts > Contract Tests: Image Services (Seam #7) > ImageResult Contract > cached result has correct shape
[ImagePipeline] grok not available

stdout | tests/contracts/image-services.contract.test.ts > Contract Tests: Image Services (Seam #7) > ImageResult Contract > cached result has correct shape
[ImagePipeline] unsplash not available

stderr | tests/contracts/image-services.contract.test.ts > Contract Tests: Image Services (Seam #7) > ImageResult Contract > cached result has correct shape
[ImagePipeline] All services exhausted, returning null

stdout | tests/contracts/image-services.contract.test.ts > Contract Tests: Image Services (Seam #7) > Priority Ordering > services are ordered by priority
[ImagePipeline] Initialized with providers: grok (priority: 1), unsplash (priority: 3)

 ✓ tests/contracts/engines.contract.test.ts (91 tests) 25ms
stderr | tests/unit/ai/responseParser.test.ts > ResponseParser > extractCommands > should handle invalid commands gracefully
Invalid command skipped: { type: [32m'invalidCommand'[39m, payload: {} } ZodError: [
  {
    "code": "invalid_union_discriminator",
    "options": [
      "createSegment",
      "displayText",
      "displayChoices",
      "generateImage",
      "updateWorldState",
      "wait",
      "applyCorruption",
      "browserEffect",
      "reviseHistory",
      "quantumShift"
    ],
    "path": [
      "type"
    ],
    "message": "Invalid discriminator value. Expected 'createSegment' | 'displayText' | 'displayChoices' | 'generateImage' | 'updateWorldState' | 'wait' | 'applyCorruption' | 'browserEffect' | 'reviseHistory' | 'quantumShift'"
  }
]
    at Object.get error [as error] [90m(file:///home/user/Apophenia/[39mnode_modules/[4mzod[24m/v3/types.js:39:31[90m)[39m
    at ZodDiscriminatedUnion.parse [90m(file:///home/user/Apophenia/[39mnode_modules/[4mzod[24m/v3/types.js:114:22[90m)[39m
    at ResponseParserImpl.validateCommands [90m(/home/user/Apophenia/[39msrc/services/ai/responseParser.ts:92:48[90m)[39m
    at ResponseParserImpl.extractCommands [90m(/home/user/Apophenia/[39msrc/services/ai/responseParser.ts:57:19[90m)[39m
    at [90m/home/user/Apophenia/[39mtests/unit/ai/responseParser.test.ts:63:39
    at [90mfile:///home/user/Apophenia/[39mnode_modules/[4m@vitest/runner[24m/dist/chunk-hooks.js:155:11
    at [90mfile:///home/user/Apophenia/[39mnode_modules/[4m@vitest/runner[24m/dist/chunk-hooks.js:752:26
    at [90mfile:///home/user/Apophenia/[39mnode_modules/[4m@vitest/runner[24m/dist/chunk-hooks.js:1897:20
    at new Promise (<anonymous>)
    at runWithTimeout [90m(file:///home/user/Apophenia/[39mnode_modules/[4m@vitest/runner[24m/dist/chunk-hooks.js:1863:10[90m)[39m {
  issues: [
    {
      code: [32m'invalid_union_discriminator'[39m,
      options: [36m[Array][39m,
      path: [36m[Array][39m,
      message: [32m"Invalid discriminator value. Expected 'createSegment' | 'displayText' | 'displayChoices' | 'generateImage' | 'updateWorldState' | 'wait' | 'applyCorruption' | 'browserEffect' | 'reviseHistory' | 'quantumShift'"[39m
    }
  ],
  addIssue: [36m[Function (anonymous)][39m,
  addIssues: [36m[Function (anonymous)][39m,
  errors: [
    {
      code: [32m'invalid_union_discriminator'[39m,
      options: [36m[Array][39m,
      path: [36m[Array][39m,
      message: [32m"Invalid discriminator value. Expected 'createSegment' | 'displayText' | 'displayChoices' | 'generateImage' | 'updateWorldState' | 'wait' | 'applyCorruption' | 'browserEffect' | 'reviseHistory' | 'quantumShift'"[39m
    }
  ]
}

stderr | tests/unit/ai/responseParser.test.ts > ResponseParser > extractCommands > should return empty array for malformed JSON
Failed to extract commands from response: SyntaxError: Unexpected token 'T', "This is no"... is not valid JSON
    at JSON.parse (<anonymous>)
    at ResponseParserImpl.extractCommands [90m(/home/user/Apophenia/[39msrc/services/ai/responseParser.ts:49:27[90m)[39m
    at [90m/home/user/Apophenia/[39mtests/unit/ai/responseParser.test.ts:74:39
    at [90mfile:///home/user/Apophenia/[39mnode_modules/[4m@vitest/runner[24m/dist/chunk-hooks.js:155:11
    at [90mfile:///home/user/Apophenia/[39mnode_modules/[4m@vitest/runner[24m/dist/chunk-hooks.js:752:26
    at [90mfile:///home/user/Apophenia/[39mnode_modules/[4m@vitest/runner[24m/dist/chunk-hooks.js:1897:20
    at new Promise (<anonymous>)
    at runWithTimeout [90m(file:///home/user/Apophenia/[39mnode_modules/[4m@vitest/runner[24m/dist/chunk-hooks.js:1863:10[90m)[39m
    at runTest [90m(file:///home/user/Apophenia/[39mnode_modules/[4m@vitest/runner[24m/dist/chunk-hooks.js:1574:12[90m)[39m
[90m    at processTicksAndRejections (node:internal/process/task_queues:105:5)[39m
Response text: This is not JSON at all

stderr | tests/unit/ai/responseParser.test.ts > ResponseParser > extractCommands > should wrap single object in array
Response is not an array, wrapping in array

stderr | tests/unit/ai/responseParser.test.ts > ResponseParser > extractJSON > should return null for invalid schema
Failed to extract and validate JSON: ZodError: [
  {
    "code": "invalid_type",
    "expected": "number",
    "received": "undefined",
    "path": [
      "age"
    ],
    "message": "Required"
  }
]
    at Object.get error [as error] [90m(file:///home/user/Apophenia/[39mnode_modules/[4mzod[24m/v3/types.js:39:31[90m)[39m
    at ZodObject.parse [90m(file:///home/user/Apophenia/[39mnode_modules/[4mzod[24m/v3/types.js:114:22[90m)[39m
    at ResponseParserImpl.extractJSON [90m(/home/user/Apophenia/[39msrc/services/ai/responseParser.ts:109:21[90m)[39m
    at [90m/home/user/Apophenia/[39mtests/unit/ai/responseParser.test.ts:127:37
    at [90mfile:///home/user/Apophenia/[39mnode_modules/[4m@vitest/runner[24m/dist/chunk-hooks.js:155:11
    at [90mfile:///home/user/Apophenia/[39mnode_modules/[4m@vitest/runner[24m/dist/chunk-hooks.js:752:26
    at [90mfile:///home/user/Apophenia/[39mnode_modules/[4m@vitest/runner[24m/dist/chunk-hooks.js:1897:20
    at new Promise (<anonymous>)
    at runWithTimeout [90m(file:///home/user/Apophenia/[39mnode_modules/[4m@vitest/runner[24m/dist/chunk-hooks.js:1863:10[90m)[39m
    at runTest [90m(file:///home/user/Apophenia/[39mnode_modules/[4m@vitest/runner[24m/dist/chunk-hooks.js:1574:12[90m)[39m {
  issues: [
    {
      code: [32m'invalid_type'[39m,
      expected: [32m'number'[39m,
      received: [32m'undefined'[39m,
      path: [36m[Array][39m,
      message: [32m'Required'[39m
    }
  ],
  addIssue: [36m[Function (anonymous)][39m,
  addIssues: [36m[Function (anonymous)][39m,
  errors: [
    {
      code: [32m'invalid_type'[39m,
      expected: [32m'number'[39m,
      received: [32m'undefined'[39m,
      path: [36m[Array][39m,
      message: [32m'Required'[39m
    }
  ]
}

stderr | tests/unit/ai/responseParser.test.ts > ResponseParser > extractJSON > should return null for malformed JSON
Failed to extract and validate JSON: SyntaxError: Unexpected token 'N', "Not JSON" is not valid JSON
    at JSON.parse (<anonymous>)
    at ResponseParserImpl.extractJSON [90m(/home/user/Apophenia/[39msrc/services/ai/responseParser.ts:108:27[90m)[39m
    at [90m/home/user/Apophenia/[39mtests/unit/ai/responseParser.test.ts:139:37
    at [90mfile:///home/user/Apophenia/[39mnode_modules/[4m@vitest/runner[24m/dist/chunk-hooks.js:155:11
    at [90mfile:///home/user/Apophenia/[39mnode_modules/[4m@vitest/runner[24m/dist/chunk-hooks.js:752:26
    at [90mfile:///home/user/Apophenia/[39mnode_modules/[4m@vitest/runner[24m/dist/chunk-hooks.js:1897:20
    at new Promise (<anonymous>)
    at runWithTimeout [90m(file:///home/user/Apophenia/[39mnode_modules/[4m@vitest/runner[24m/dist/chunk-hooks.js:1863:10[90m)[39m
    at runTest [90m(file:///home/user/Apophenia/[39mnode_modules/[4m@vitest/runner[24m/dist/chunk-hooks.js:1574:12[90m)[39m
[90m    at processTicksAndRejections (node:internal/process/task_queues:105:5)[39m

 ✓ tests/unit/ai/responseParser.test.ts (14 tests) 30ms
stdout | tests/contracts/image-services.contract.test.ts > Contract Tests: Image Services (Seam #7) > Service Interchangeability > all services can be used through ImageService interface
[Grok] Service unavailable: fetch failed

stderr | tests/contracts/image-services.contract.test.ts > Contract Tests: Image Services (Seam #7) > Service Interchangeability > all services can be used through ImageService interface
[Grok] Generation failed: fetch failed

stderr | tests/contracts/image-services.contract.test.ts > Contract Tests: Image Services (Seam #7) > Service Interchangeability > all services can be used through ImageService interface
[Unsplash] Search failed: fetch failed

stdout | tests/contracts/image-services.contract.test.ts > Contract Tests: Image Services (Seam #7) > Service Interchangeability > services can be registered in pipeline polymorphically
[ImagePipeline] Initialized with providers: grok (priority: 1), unsplash (priority: 3)

stderr | tests/contracts/image-services.contract.test.ts > Contract Tests: Image Services (Seam #7) > Error Handling Contracts > services never throw, always return ImageResult
[Grok] Generation failed: fetch failed

stderr | tests/contracts/image-services.contract.test.ts > Contract Tests: Image Services (Seam #7) > Error Handling Contracts > services never throw, always return ImageResult
[Unsplash] Search failed: fetch failed

stdout | tests/contracts/image-services.contract.test.ts > Contract Tests: Image Services (Seam #7) > Error Handling Contracts > pipeline never throws, returns null on complete failure
[ImagePipeline] Initialized with providers: grok (priority: 1), unsplash (priority: 3)

stdout | tests/contracts/image-services.contract.test.ts > Contract Tests: Image Services (Seam #7) > Error Handling Contracts > pipeline never throws, returns null on complete failure
[Grok] Service unavailable: fetch failed

stdout | tests/contracts/image-services.contract.test.ts > Contract Tests: Image Services (Seam #7) > Error Handling Contracts > pipeline never throws, returns null on complete failure
[ImagePipeline] grok not available

stderr | tests/contracts/image-services.contract.test.ts > Contract Tests: Image Services (Seam #7) > Error Handling Contracts > pipeline never throws, returns null on complete failure
[ImagePipeline] All services exhausted, returning null

stdout | tests/contracts/image-services.contract.test.ts > Contract Tests: Image Services (Seam #7) > Error Handling Contracts > pipeline never throws, returns null on complete failure
[ImagePipeline] unsplash not available

stdout | tests/contracts/image-services.contract.test.ts > Contract Tests: Image Services (Seam #7) > Error Handling Contracts > pipeline never throws, returns null on complete failure
[ImagePipeline] Generated for segment test-segment: via none ✗

stdout | tests/contracts/image-services.contract.test.ts > Contract Tests: Image Services (Seam #7) > Error Handling Contracts > generateWithFallback always returns valid ImageResult
[ImagePipeline] Initialized with providers: grok (priority: 1), unsplash (priority: 3)

stdout | tests/contracts/image-services.contract.test.ts > Contract Tests: Image Services (Seam #7) > Error Handling Contracts > generateWithFallback always returns valid ImageResult
[Grok] Service unavailable: fetch failed

stdout | tests/contracts/image-services.contract.test.ts > Contract Tests: Image Services (Seam #7) > Error Handling Contracts > generateWithFallback always returns valid ImageResult
[ImagePipeline] grok not available

stderr | tests/contracts/image-services.contract.test.ts > Contract Tests: Image Services (Seam #7) > Error Handling Contracts > generateWithFallback always returns valid ImageResult
[ImagePipeline] All services exhausted, returning null

stdout | tests/contracts/image-services.contract.test.ts > Contract Tests: Image Services (Seam #7) > Error Handling Contracts > generateWithFallback always returns valid ImageResult
[ImagePipeline] unsplash not available

stderr | tests/contracts/image-services.contract.test.ts > Contract Tests: Image Services (Seam #7) > Best-Effort Behavior Contract > services implement best-effort pattern
[Grok] Generation failed: fetch failed

stdout | tests/contracts/image-services.contract.test.ts > Contract Tests: Image Services (Seam #7) > Best-Effort Behavior Contract > pipeline implements fallback chain
[ImagePipeline] Initialized with providers: grok (priority: 1), unsplash (priority: 3)

stdout | tests/contracts/image-services.contract.test.ts > Contract Tests: Image Services (Seam #7) > Best-Effort Behavior Contract > pipeline implements fallback chain
[Grok] Service unavailable: fetch failed

stdout | tests/contracts/image-services.contract.test.ts > Contract Tests: Image Services (Seam #7) > Best-Effort Behavior Contract > pipeline implements fallback chain
[ImagePipeline] grok not available

stderr | tests/contracts/image-services.contract.test.ts > Contract Tests: Image Services (Seam #7) > Best-Effort Behavior Contract > pipeline implements fallback chain
[ImagePipeline] All services exhausted, returning null

stdout | tests/contracts/image-services.contract.test.ts > Contract Tests: Image Services (Seam #7) > Best-Effort Behavior Contract > pipeline implements fallback chain
[ImagePipeline] unsplash not available

 ✓ tests/contracts/image-services.contract.test.ts (34 tests) 303ms
stdout | tests/unit/ai/unifiedAIService.test.ts > UnifiedAIService > generateWithFallback > should eventually succeed with mock provider
Successfully generated with mock

stdout | tests/unit/ai/unifiedAIService.test.ts > UnifiedAIService > generateWithFallback > should include response metadata
Fallback chain set to: grok → mock
Primary AI provider set to: grok

stdout | tests/unit/ai/unifiedAIService.test.ts > UnifiedAIService > generateWithFallback > should include response metadata
Fallback chain set to: mock

stdout | tests/unit/ai/unifiedAIService.test.ts > UnifiedAIService > generateWithFallback > should include response metadata
Attempting generation with mock...

stdout | tests/contracts/command-executors.contract.test.ts > Contract Tests: Command Executors (Seam #5) > CommandQueue + All Executors Integration > can execute all 10 command types through queue
Command executed: wait { requestedDuration: [33m1000[39m, actualDuration: [33m1034[39m }

stdout | tests/contracts/command-executors.contract.test.ts > Contract Tests: Command Executors (Seam #5) > CommandQueue + All Executors Integration > can execute all 10 command types through queue
Command executed: applyCorruption {
  corruptionLevel: [33m50[39m,
  effectCount: [33m2[39m,
  effects: [ [32m'glitch'[39m, [32m'distortion'[39m ],
  healthDecrease: [33m5[39m
}

stdout | tests/contracts/command-executors.contract.test.ts > Contract Tests: Command Executors (Seam #5) > CommandQueue + All Executors Integration > can execute all 10 command types through queue
Command executed: browserEffect { effectType: [32m'changeTitle'[39m, value: [32m'Test Title'[39m }

stdout | tests/contracts/command-executors.contract.test.ts > Contract Tests: Command Executors (Seam #5) > CommandQueue + All Executors Integration > can execute all 10 command types through queue
Command executed: reviseHistory {
  segmentId: [32m'test-segment-1'[39m,
  originalLength: [33m22[39m,
  newLength: [33m17[39m,
  revised: [33mtrue[39m
}

stdout | tests/contracts/command-executors.contract.test.ts > Contract Tests: Command Executors (Seam #5) > CommandQueue + All Executors Integration > can execute all 10 command types through queue
Command executed: quantumShift { timeline: [32m'alpha'[39m, shiftTime: [33m1762961488280[39m, segmentCount: [33m8[39m }

 ✓ tests/contracts/command-executors.contract.test.ts (118 tests) 12099ms
   ✓ Contract Tests: Command Executors (Seam #5) > wait Executor > execute returns Promise<ExecutionResult>  1001ms
   ✓ Contract Tests: Command Executors (Seam #5) > wait Executor > execute result contains correct command reference  1000ms
   ✓ Contract Tests: Command Executors (Seam #5) > wait Executor > execute returns consistent result shape on success and failure  1002ms
   ✓ Contract Tests: Command Executors (Seam #5) > All Executors (Cross-Cutting Concerns) > all executors return properly typed ExecutionResult  1002ms
   ✓ Contract Tests: Command Executors (Seam #5) > CommandQueue Contract > executeNext returns Promise<ExecutionResult>  1001ms
   ✓ Contract Tests: Command Executors (Seam #5) > CommandQueue Contract > executeNext reduces queue size  1001ms
   ✓ Contract Tests: Command Executors (Seam #5) > CommandQueue Contract > executeAll returns Promise<ExecutionResult[]>  1001ms
   ✓ Contract Tests: Command Executors (Seam #5) > CommandQueue Contract > executeSequential returns Promise<ExecutionResult[]>  1004ms
   ✓ Contract Tests: Command Executors (Seam #5) > CommandQueue Contract > executeSequential maintains command order  1003ms
   ✓ Contract Tests: Command Executors (Seam #5) > CommandQueue Contract > executeSequential continues on command failure  2002ms
   ✓ Contract Tests: Command Executors (Seam #5) > CommandQueue + All Executors Integration > can execute all 10 command types through queue  1038ms
stdout | tests/contracts/flows.contract.test.ts > Contract Tests: Flows (Seam #6) > UnravelingFlow Interface Compliance > initialize accepts GenreConfig and returns Promise<void>
🌀 Unraveling phase initialized - reality is collapsing

stdout | tests/contracts/ai-services.contract.test.ts > UnifiedAIService Contract > generateWithFallback returns Promise<AIResponse>
Fallback chain set to: mock

stdout | tests/contracts/ai-services.contract.test.ts > UnifiedAIService Contract > generateWithFallback returns Promise<AIResponse>
Attempting generation with mock...

stdout | tests/contracts/flows.contract.test.ts > Contract Tests: Flows (Seam #6) > FlowCoordinator Contract > transitionTo accepts GameState and returns Promise<void>
🔄 Flow transition: Descent (state: descending)

stdout | tests/contracts/flows.contract.test.ts > Contract Tests: Flows (Seam #6) > FlowCoordinator Contract > executeEngines returns Promise<EngineOutput[]>
⚙️  Executed 2 engines

stdout | tests/contracts/flows.contract.test.ts > Contract Tests: Flows (Seam #6) > FlowCoordinator Contract > executeCommands returns Promise<ExecutionResult[]>
🎯 Executing 1 commands

stdout | tests/contracts/flows.contract.test.ts > Contract Tests: Flows (Seam #6) > Cross-Flow Interface Consistency > flows can be used interchangeably through GameFlow interface
🌀 Unraveling phase initialized - reality is collapsing

 ✓ tests/contracts/flows.contract.test.ts (27 tests) 65ms
 ✓ tests/contracts/state-stores.contract.test.ts (53 tests) 65ms
stdout | tests/unit/flows/FlowCoordinator.test.ts > FlowCoordinator > transitionTo > should transition to a new state
🔄 Flow transition: Descent (state: descending)

stdout | tests/unit/flows/FlowCoordinator.test.ts > FlowCoordinator > transitionTo > should update current flow after transition
🔄 Flow transition: Descent (state: unraveling)

stdout | tests/unit/flows/FlowCoordinator.test.ts > FlowCoordinator > executeEngines > should execute active engines
⚙️  Executed 2 engines

stdout | tests/unit/flows/FlowCoordinator.test.ts > FlowCoordinator > executeEngines > should skip inactive engines
⚙️  Executed 2 engines

stdout | tests/unit/flows/FlowCoordinator.test.ts > FlowCoordinator > executeCommands > should execute a queue of commands
🎯 Executing 2 commands

stdout | tests/unit/flows/FlowCoordinator.test.ts > FlowCoordinator > executeCommands > should handle command execution errors
🎯 Executing 1 commands

stderr | tests/unit/flows/FlowCoordinator.test.ts > FlowCoordinator > executeCommands > should handle command execution errors
Command execution failed: Error: Command failed
    at [90m/home/user/Apophenia/[39mtests/unit/flows/FlowCoordinator.test.ts:287:60
[90m    at processTicksAndRejections (node:internal/process/task_queues:105:5)[39m
    at [90mfile:///home/user/Apophenia/[39mnode_modules/[4m@vitest/runner[24m/dist/chunk-hooks.js:752:20

 ✓ tests/unit/flows/FlowCoordinator.test.ts (9 tests) 19ms
stdout | tests/contracts/ai-services.contract.test.ts > UnifiedAIService Contract > generateWithFallback returns Promise<AIResponse>
Successfully generated with mock

stdout | tests/contracts/ai-services.contract.test.ts > UnifiedAIService Contract > generateWithFallback response matches AIResponse contract
Fallback chain set to: mock

stdout | tests/contracts/ai-services.contract.test.ts > UnifiedAIService Contract > generateWithFallback response matches AIResponse contract
Attempting generation with mock...

stdout | tests/unit/ai/unifiedAIService.test.ts > UnifiedAIService > generateWithFallback > should include response metadata
Successfully generated with mock

stdout | tests/unit/ai/unifiedAIService.test.ts > UnifiedAIService > generateWithFallback > should handle provider that returns no commands
Fallback chain set to: grok → mock
Primary AI provider set to: grok

stdout | tests/unit/ai/unifiedAIService.test.ts > UnifiedAIService > generateWithFallback > should handle provider that returns no commands
Fallback chain set to: mock

stdout | tests/unit/ai/unifiedAIService.test.ts > UnifiedAIService > generateWithFallback > should handle provider that returns no commands
Attempting generation with mock...

stdout | tests/contracts/ai-services.contract.test.ts > UnifiedAIService Contract > generateWithFallback response matches AIResponse contract
Successfully generated with mock

stdout | tests/unit/ai/unifiedAIService.test.ts > UnifiedAIService > generateWithFallback > should handle provider that returns no commands
Successfully generated with mock

stdout | tests/unit/ai/unifiedAIService.test.ts > UnifiedAIService > testProvider > should test mock provider successfully
Fallback chain set to: grok → mock
Primary AI provider set to: grok

stdout | tests/unit/ai/unifiedAIService.test.ts > UnifiedAIService > testProvider > should include latency measurement
Fallback chain set to: grok → mock
Primary AI provider set to: grok

stdout | tests/unit/ai/unifiedAIService.test.ts > UnifiedAIService > testProvider > should report unavailable for providers without API keys
Fallback chain set to: grok → mock
Primary AI provider set to: grok

stderr | tests/unit/ai/unifiedAIService.test.ts > UnifiedAIService > testProvider > should report unavailable for providers without API keys
Grok availability check failed: TypeError: fetch failed
[90m    at node:internal/deps/undici/undici:14900:13[39m
[90m    at processTicksAndRejections (node:internal/process/task_queues:105:5)[39m
    at GrokService.isAvailable [90m(/home/user/Apophenia/[39msrc/services/ai/grokService.ts:40:24[90m)[39m
    at UnifiedAIServiceImpl.testProvider [90m(/home/user/Apophenia/[39msrc/services/ai/unifiedAIService.ts:119:27[90m)[39m
    at [90m/home/user/Apophenia/[39mtests/unit/ai/unifiedAIService.test.ts:148:22
    at [90mfile:///home/user/Apophenia/[39mnode_modules/[4m@vitest/runner[24m/dist/chunk-hooks.js:752:20 {
  [cause]: Error: getaddrinfo EAI_AGAIN api.x.ai
  [90m    at GetAddrInfoReqWrap.onlookupall [as oncomplete] (node:dns:122:26)[39m {
    errno: [33m-3001[39m,
    code: [32m'EAI_AGAIN'[39m,
    syscall: [32m'getaddrinfo'[39m,
    hostname: [32m'api.x.ai'[39m
  }
}

stdout | tests/unit/ai/unifiedAIService.test.ts > UnifiedAIService > testAllProviders > should test all providers
Fallback chain set to: grok → mock
Primary AI provider set to: grok

stderr | tests/unit/ai/unifiedAIService.test.ts > UnifiedAIService > testAllProviders > should test all providers
Grok availability check failed: TypeError: fetch failed
[90m    at node:internal/deps/undici/undici:14900:13[39m
[90m    at processTicksAndRejections (node:internal/process/task_queues:105:5)[39m
    at GrokService.isAvailable [90m(/home/user/Apophenia/[39msrc/services/ai/grokService.ts:40:24[90m)[39m
    at UnifiedAIServiceImpl.testProvider [90m(/home/user/Apophenia/[39msrc/services/ai/unifiedAIService.ts:119:27[90m)[39m
    at [90m/home/user/Apophenia/[39msrc/services/ai/unifiedAIService.ts:155:22
    at async Promise.all (index 0)
    at UnifiedAIServiceImpl.testAllProviders [90m(/home/user/Apophenia/[39msrc/services/ai/unifiedAIService.ts:159:5[90m)[39m
    at [90m/home/user/Apophenia/[39mtests/unit/ai/unifiedAIService.test.ts:161:23
    at [90mfile:///home/user/Apophenia/[39mnode_modules/[4m@vitest/runner[24m/dist/chunk-hooks.js:752:20 {
  [cause]: Error: getaddrinfo EAI_AGAIN api.x.ai
  [90m    at GetAddrInfoReqWrap.onlookupall [as oncomplete] (node:dns:122:26)[39m {
    errno: [33m-3001[39m,
    code: [32m'EAI_AGAIN'[39m,
    syscall: [32m'getaddrinfo'[39m,
    hostname: [32m'api.x.ai'[39m
  }
}

stdout | tests/unit/ai/unifiedAIService.test.ts > UnifiedAIService > testAllProviders > should include results for active providers
Fallback chain set to: grok → mock
Primary AI provider set to: grok

stderr | tests/unit/ai/unifiedAIService.test.ts > UnifiedAIService > testAllProviders > should include results for active providers
Grok availability check failed: TypeError: fetch failed
[90m    at node:internal/deps/undici/undici:14900:13[39m
[90m    at processTicksAndRejections (node:internal/process/task_queues:105:5)[39m
    at GrokService.isAvailable [90m(/home/user/Apophenia/[39msrc/services/ai/grokService.ts:40:24[90m)[39m
    at UnifiedAIServiceImpl.testProvider [90m(/home/user/Apophenia/[39msrc/services/ai/unifiedAIService.ts:119:27[90m)[39m
    at [90m/home/user/Apophenia/[39msrc/services/ai/unifiedAIService.ts:155:22
    at async Promise.all (index 0)
    at UnifiedAIServiceImpl.testAllProviders [90m(/home/user/Apophenia/[39msrc/services/ai/unifiedAIService.ts:159:5[90m)[39m
    at [90m/home/user/Apophenia/[39mtests/unit/ai/unifiedAIService.test.ts:174:23
    at [90mfile:///home/user/Apophenia/[39mnode_modules/[4m@vitest/runner[24m/dist/chunk-hooks.js:752:20 {
  [cause]: Error: getaddrinfo EAI_AGAIN api.x.ai
  [90m    at GetAddrInfoReqWrap.onlookupall [as oncomplete] (node:dns:122:26)[39m {
    errno: [33m-3001[39m,
    code: [32m'EAI_AGAIN'[39m,
    syscall: [32m'getaddrinfo'[39m,
    hostname: [32m'api.x.ai'[39m
  }
}

 ✓ tests/unit/ai/unifiedAIService.test.ts (11 tests) 3122ms
   ✓ UnifiedAIService > generateWithFallback > should eventually succeed with mock provider  1128ms
   ✓ UnifiedAIService > generateWithFallback > should include response metadata  897ms
   ✓ UnifiedAIService > generateWithFallback > should handle provider that returns no commands  954ms
 ✓ tests/contracts/ai-services.contract.test.ts (50 tests | 13 skipped) 5951ms
   ✓ UnifiedAIService Contract > generate returns Promise<AIResponse>  1205ms
   ✓ UnifiedAIService Contract > generateWithFallback returns Promise<AIResponse>  681ms
   ✓ UnifiedAIService Contract > generateWithFallback response matches AIResponse contract  660ms
   ✓ Command Type Contract Compliance > Mock service generates valid discriminated union commands  1034ms
   ✓ Command Type Contract Compliance > Mock service generates expected command sequence  1454ms
   ✓ Command Type Contract Compliance > displayChoices command includes choices array  765ms
 ✓ tests/unit/ai/mockService.test.ts (12 tests) 8669ms
   ✓ MockService > generateResponse > should generate a valid response  540ms
   ✓ MockService > generateResponse > should generate valid commands  833ms
   ✓ MockService > generateResponse > should include narrative text  1230ms
   ✓ MockService > generateResponse > should include choices  1162ms
   ✓ MockService > generateResponse > should sometimes include intrusive thoughts  2544ms
   ✓ MockService > generateResponse > should increase horror intensity  1181ms
   ✓ MockService > generateResponse > should simulate latency  514ms
   ✓ MockService > generateResponse > should include metadata  653ms
stderr | tests/unit/images/imageServices.test.ts > Image Services > GrokImageService > should return failure when no API key configured
[Grok] Generation failed: Cannot read properties of undefined (reading 'ok')

stdout | tests/unit/images/imageServices.test.ts > Image Services > GrokImageService > should return false when API unavailable
[Grok] Service unavailable: Network error

stderr | tests/unit/images/imageServices.test.ts > Image Services > GrokImageService > should handle API errors gracefully
[Grok] API error (401): Unauthorized

 ✓ tests/unit/images/imageServices.test.ts (15 tests) 39ms
 ✓ tests/contracts/ui-components.contract.test.ts (24 tests) 17ms
stdout | tests/unit/flows/DescentFlow.test.ts > DescentFlow > processChoice > should transition to unraveling when descent level is high
🌀 Descent level critical - beginning unraveling phase

stderr | tests/unit/flows/DescentFlow.test.ts > DescentFlow > processChoice > should handle errors gracefully
DescentFlow.processChoice error: Error: AI service failed
    at [90m/home/user/Apophenia/[39mtests/unit/flows/DescentFlow.test.ts:231:66
[90m    at processTicksAndRejections (node:internal/process/task_queues:105:5)[39m
    at [90mfile:///home/user/Apophenia/[39mnode_modules/[4m@vitest/runner[24m/dist/chunk-hooks.js:752:20

 ✓ tests/unit/flows/DescentFlow.test.ts (9 tests) 18ms
 ✓ tests/contracts/config.contract.test.ts (33 tests) 14ms
 ✓ tests/unit/state/historyStore.test.ts (19 tests) 12ms
stdout | tests/unit/commands/displayText.test.ts > DisplayTextExecutor > displayWithEffect > should not throw for any effect type
Displaying text with typewriter effect: Test

stdout | tests/unit/commands/displayText.test.ts > DisplayTextExecutor > displayWithEffect > should not throw for any effect type
Displaying text with glitch effect: Test

stdout | tests/unit/commands/displayText.test.ts > DisplayTextExecutor > displayWithEffect > should not throw for any effect type
Displaying text with fade effect: Test

 ✓ tests/unit/commands/displayText.test.ts (10 tests) 13ms
 ✓ tests/unit/images/LRUTTLCache.test.ts (18 tests) 11ms
 ✓ tests/unit/state/StateManager.test.ts (14 tests) 15ms
 ✓ tests/unit/state/worldStateStore.test.ts (16 tests) 11ms
 ✓ tests/unit/state/playerProfileStore.test.ts (17 tests) 13ms
 ✓ tests/unit/state/gameStateStore.test.ts (12 tests) 46ms
 ✓ tests/unit/commands/createSegment.test.ts (10 tests) 8ms
 ✓ src/stores/__tests__/gameStateStore.test.ts (6 tests) 8ms
 ✓ tests/unit/ai/promptBuilder.test.ts (13 tests) 7ms
 ✓ tests/unit/commands/updateWorldState.test.ts (11 tests) 8ms
 ✓ tests/unit/commands/applyCorruption.test.ts (10 tests) 6ms
 ✓ tests/unit/engines/RealityCorruptionEngine.test.ts (7 tests) 4ms
 ✓ tests/unit/engines/AdaptiveHorrorEngine.test.ts (7 tests) 5ms

⎯⎯⎯⎯⎯⎯ Failed Suites 25 ⎯⎯⎯⎯⎯⎯

 FAIL  src/services/gameService.spec.ts [ src/services/gameService.spec.ts ]
Error: Failed to resolve import "./ai/engines" from "src/services/gameService.spec.ts". Does the file exist?
  Plugin: vite:import-analysis
  File: /home/user/Apophenia/src/services/gameService.spec.ts:13:25
  11 |  import { generateImageFlow } from "./ai/secureGenkit";
  12 |  import { summarizeHistoryFlow } from "./flows/summaryFlow";
  13 |  import * as engines from "./ai/engines";
     |                            ^
  14 |  jest.mock("./ai/unifiedAIService");
  15 |  jest.mock("./ai/secureGenkit");
 ❯ TransformPluginContext._formatLog node_modules/vite/dist/node/chunks/config.js:29608:43
 ❯ TransformPluginContext.error node_modules/vite/dist/node/chunks/config.js:29605:14
 ❯ normalizeUrl node_modules/vite/dist/node/chunks/config.js:27728:18
 ❯ node_modules/vite/dist/node/chunks/config.js:27786:32
 ❯ TransformPluginContext.transform node_modules/vite/dist/node/chunks/config.js:27754:4
 ❯ EnvironmentPluginContainer.transform node_modules/vite/dist/node/chunks/config.js:29406:14
 ❯ loadAndTransform node_modules/vite/dist/node/chunks/config.js:23277:26

⎯⎯⎯⎯⎯⎯⎯⎯⎯⎯⎯⎯⎯⎯⎯⎯⎯⎯⎯⎯⎯⎯⎯[1/36]⎯

 FAIL  src/components/__tests__/Button.test.tsx [ src/components/__tests__/Button.test.tsx ]
 FAIL  src/components/__tests__/CompactModelSelector.test.tsx [ src/components/__tests__/CompactModelSelector.test.tsx ]
 FAIL  src/components/__tests__/CompactTestAPI.test.tsx [ src/components/__tests__/CompactTestAPI.test.tsx ]
 FAIL  src/components/__tests__/EndScreen.test.tsx [ src/components/__tests__/EndScreen.test.tsx ]
 FAIL  src/components/__tests__/ErrorBoundary.test.tsx [ src/components/__tests__/ErrorBoundary.test.tsx ]
 FAIL  src/components/__tests__/GameScreen.test.tsx [ src/components/__tests__/GameScreen.test.tsx ]
 FAIL  src/components/__tests__/GlitchedText.test.tsx [ src/components/__tests__/GlitchedText.test.tsx ]
 FAIL  src/components/__tests__/ModelSelector.test.tsx [ src/components/__tests__/ModelSelector.test.tsx ]
 FAIL  src/components/__tests__/StartScreen.test.tsx [ src/components/__tests__/StartScreen.test.tsx ]
 FAIL  src/components/__tests__/ThematicLoading.test.tsx [ src/components/__tests__/ThematicLoading.test.tsx ]
 FAIL  src/stores/__tests__/imageCacheStore.test.ts [ src/stores/__tests__/imageCacheStore.test.ts ]
 FAIL  tests/unit/ui/screens/DescentScreen.test.tsx [ tests/unit/ui/screens/DescentScreen.test.tsx ]
 FAIL  tests/unit/ui/screens/StartScreen.test.tsx [ tests/unit/ui/screens/StartScreen.test.tsx ]
 FAIL  tests/unit/ui/screens/UnravelingScreen.test.tsx [ tests/unit/ui/screens/UnravelingScreen.test.tsx ]
 FAIL  tests/unit/ui/components/ChoiceButton.test.tsx [ tests/unit/ui/components/ChoiceButton.test.tsx ]
 FAIL  tests/unit/ui/components/LoadingIndicator.test.tsx [ tests/unit/ui/components/LoadingIndicator.test.tsx ]
 FAIL  tests/unit/ui/components/StorySegmentDisplay.test.tsx [ tests/unit/ui/components/StorySegmentDisplay.test.tsx ]
 FAIL  tests/unit/ui/theme/ThemeProvider.test.tsx [ tests/unit/ui/theme/ThemeProvider.test.tsx ]
 FAIL  tests/unit/ui/effects/CorruptionEffect.test.tsx [ tests/unit/ui/effects/CorruptionEffect.test.tsx ]
 FAIL  tests/unit/ui/effects/GlitchEffect.test.tsx [ tests/unit/ui/effects/GlitchEffect.test.tsx ]
Error: Cannot find module './collections'
Require stack:
- /home/user/Apophenia/node_modules/pretty-format/build/index.js
- /home/user/Apophenia/node_modules/@testing-library/dom/dist/pretty-dom.js
 ❯ Object.<anonymous> node_modules/pretty-format/build/index.js:12:20

⎯⎯⎯⎯⎯⎯⎯⎯⎯⎯⎯⎯⎯⎯⎯⎯⎯⎯⎯⎯⎯⎯⎯[2/36]⎯

 FAIL  src/services/ai/imageGeneration.test.ts [ src/services/ai/imageGeneration.test.ts ]
Error: Cannot find module './imageGeneration'
Require stack:
- /home/user/Apophenia/src/services/ai/imageGeneration.test.ts
 ❯ src/services/ai/imageGeneration.test.ts:1:36
      1| const { imageGenerationService } = require('./imageGeneration');
       |                                    ^
      2| 
      3| const testImageGeneration = async () => {

⎯⎯⎯⎯⎯⎯⎯⎯⎯⎯⎯⎯⎯⎯⎯⎯⎯⎯⎯⎯⎯⎯⎯[3/36]⎯

 FAIL  src/services/ai/__tests__/advancedAI.test.ts [ src/services/ai/__tests__/advancedAI.test.ts ]
ReferenceError: jest is not defined
 ❯ src/services/ai/__tests__/advancedAI.test.ts:10:1
      8| 
      9| // Mock the API dependencies
     10| jest.mock('@google/generative-ai', () => ({
       | ^
     11|   GoogleGenerativeAI: jest.fn().mockImplementation(() => ({
     12|     getGenerativeModel: jest.fn().mockReturnValue({

⎯⎯⎯⎯⎯⎯⎯⎯⎯⎯⎯⎯⎯⎯⎯⎯⎯⎯⎯⎯⎯⎯⎯[4/36]⎯

 FAIL  src/services/ai/__tests__/backendAPIService.test.ts [ src/services/ai/__tests__/backendAPIService.test.ts ]
ReferenceError: jest is not defined
 ❯ src/services/ai/__tests__/backendAPIService.test.ts:4:19
      2| 
      3| // Mock fetch for testing
      4| const mockFetch = jest.fn();
       |                   ^
      5| global.fetch = mockFetch as unknown as typeof fetch;
      6| 

⎯⎯⎯⎯⎯⎯⎯⎯⎯⎯⎯⎯⎯⎯⎯⎯⎯⎯⎯⎯⎯⎯⎯[5/36]⎯

 FAIL  src/services/ai/__tests__/imageGeneration.test.ts [ src/services/ai/__tests__/imageGeneration.test.ts ]
ReferenceError: jest is not defined
 ❯ src/services/ai/__tests__/imageGeneration.test.ts:3:1
      1| import { imageGenerationService, ImageVariation } from '../imageGenera…
      2| 
      3| jest.mock('../imageGeneration');
       | ^
      4| 
      5| describe('ImageGenerationService', () => {

⎯⎯⎯⎯⎯⎯⎯⎯⎯⎯⎯⎯⎯⎯⎯⎯⎯⎯⎯⎯⎯⎯⎯[6/36]⎯


⎯⎯⎯⎯⎯⎯ Failed Tests 11 ⎯⎯⎯⎯⎯⎯⎯

 FAIL  tests/integration/engine-state-integration.test.ts > Engine → State Integration > Temporal Revision Engine Integration > should revise history and update store
TypeError: engine.reviseHistory is not a function
 ❯ tests/integration/engine-state-integration.test.ts:45:43
     43| 
     44|       // Execute engine
     45|       const revisedHistory = await engine.reviseHistory(
       |                                           ^
     46|         'Make a temporal choice',
     47|         segments,

⎯⎯⎯⎯⎯⎯⎯⎯⎯⎯⎯⎯⎯⎯⎯⎯⎯⎯⎯⎯⎯⎯⎯[7/36]⎯

 FAIL  tests/integration/engine-state-integration.test.ts > Engine → State Integration > Temporal Revision Engine Integration > should preserve store state during engine execution
TypeError: engine.reviseHistory is not a function
 ❯ tests/integration/engine-state-integration.test.ts:77:20
     75| 
     76|       // Execute engine
     77|       await engine.reviseHistory('Choice', segments, context.worldStat…
       |                    ^
     78| 
     79|       // Verify store unchanged (engine doesn't mutate directly)

⎯⎯⎯⎯⎯⎯⎯⎯⎯⎯⎯⎯⎯⎯⎯⎯⎯⎯⎯⎯⎯⎯⎯[8/36]⎯

 FAIL  tests/unit/flows/FlowContextBuilder.test.ts > FlowContextBuilder > mapWorldState > should calculate corruption level from UI distortion
AssertionError: expected +0 to be 50 // Object.is equality

[32m- Expected[39m
[31m+ Received[39m

[32m- 50[39m
[31m+ 0[39m

 ❯ tests/unit/flows/FlowContextBuilder.test.ts:141:50
    139| 
    140|       // 10 degrees rotation should map to 50% corruption
    141|       expect(context.worldState.corruptionLevel).toBe(50);
       |                                                  ^
    142|     });
    143|   });

⎯⎯⎯⎯⎯⎯⎯⎯⎯⎯⎯⎯⎯⎯⎯⎯⎯⎯⎯⎯⎯⎯⎯[9/36]⎯

 FAIL  tests/unit/engines/AllEngines.test.ts > Engine Implementation Tests > TemporalRevisionEngine > is active with high horror and sufficient history
AssertionError: expected true to be false // Object.is equality

[32m- Expected[39m
[31m+ Received[39m

[32m- false[39m
[31m+ true[39m

 ❯ tests/unit/engines/AllEngines.test.ts:53:40
     51|     it('is active with high horror and sufficient history', () => {
     52|       const context = createHighHorrorContext();
     53|       expect(engine.isActive(context)).toBe(false); // Still false bec…
       |                                        ^
     54| 
     55|       const contextWithChoices = {

⎯⎯⎯⎯⎯⎯⎯⎯⎯⎯⎯⎯⎯⎯⎯⎯⎯⎯⎯⎯⎯⎯[10/36]⎯

 FAIL  tests/unit/engines/TemporalRevisionEngine.test.ts > TemporalRevisionEngine > Engine Interface > should have required properties
AssertionError: expected 'undefined' to be 'function' // Object.is equality

Expected: [32m"[7mf[27mun[7mction[27m"[39m
Received: [31m"un[7mdefined[27m"[39m

 ❯ tests/unit/engines/TemporalRevisionEngine.test.ts:23:43
     21|     it('should implement standard Engine interface', () => {
     22|       assertEngineInterface(engine);
     23|       expect(engine.name).toBe('TemporalRevision');
       |                                           ^
     24|       expect(engine.priority).toBe(8);
     25|     });

⎯⎯⎯⎯⎯⎯⎯⎯⎯⎯⎯⎯⎯⎯⎯⎯⎯⎯⎯⎯⎯⎯[11/36]⎯

 FAIL  tests/unit/engines/TemporalRevisionEngine.test.ts > TemporalRevisionEngine > Engine Interface > should handle revision with valid history
TypeError: engine.reviseHistory is not a function
 ❯ tests/unit/engines/TemporalRevisionEngine.test.ts:34:35
     32|       ];
     33| 
     34|       const context = buildMockEngineContext({
       |                                   ^
     35|         recentHistory: storyHistory,
     36|         worldState: {

⎯⎯⎯⎯⎯⎯⎯⎯⎯⎯⎯⎯⎯⎯⎯⎯⎯⎯⎯⎯⎯⎯[12/36]⎯

 FAIL  tests/unit/engines/TemporalRevisionEngine.test.ts > TemporalRevisionEngine > Engine Interface > should not revise when history is too short
TypeError: engine.reviseHistory is not a function
 ❯ tests/unit/engines/TemporalRevisionEngine.test.ts:50:35
     48|       expect(engine.isActive(context)).toBe(true);
     49| 
     50|       const output = await engine.process(context);
       |                                   ^
     51| 
     52|       assertValidEngineOutput(output);

⎯⎯⎯⎯⎯⎯⎯⎯⎯⎯⎯⎯⎯⎯⎯⎯⎯⎯⎯⎯⎯⎯[13/36]⎯

 FAIL  tests/unit/engines/TemporalRevisionEngine.test.ts > TemporalRevisionEngine > Engine Interface > should track revision history
TypeError: engine.reviseHistory is not a function
 ❯ tests/unit/engines/TemporalRevisionEngine.test.ts:69:36
     69|       });
     70| 
     71|       // Engine should not be active with insufficient history
       |                         ^
     72|       expect(engine.isActive(context)).toBe(false);
     73| 

⎯⎯⎯⎯⎯⎯⎯⎯⎯⎯⎯⎯⎯⎯⎯⎯⎯⎯⎯⎯⎯⎯[14/36]⎯

 FAIL  tests/unit/engines/TemporalRevisionEngine.test.ts > TemporalRevisionEngine > Engine Interface > should handle errors gracefully
TypeError: engine.reviseHistory is not a function
 ❯ tests/unit/engines/TemporalRevisionEngine.test.ts:92:35
     91|           ...buildMockEngineContext().worldState,
     92|           horrorIntensity: 5,
     93|         },
       |     ^
     94|         currentChoice: {
     95|           id: 'choice-1',

⎯⎯⎯⎯⎯⎯⎯⎯⎯⎯⎯⎯⎯⎯⎯⎯⎯⎯⎯⎯⎯⎯[15/36]⎯

 FAIL  tests/unit/engines/TemporalRevisionEngine.test.ts > TemporalRevisionEngine > Revision Logic > should preserve segment structure when revising
TypeError: engine.reviseHistory is not a function
 ❯ tests/unit/engines/TemporalRevisionEngine.test.ts:117:35
    116|     });
    117| 
    118|     it('should handle processing gracefully', async () => {
       |                                  ^
    119|       const storyHistory: StorySegment[] = [
    120|         { ...mockStorySegment, id: 'seg-1', text: 'Test segment' },

⎯⎯⎯⎯⎯⎯⎯⎯⎯⎯⎯⎯⎯⎯⎯⎯⎯⎯⎯⎯⎯⎯[16/36]⎯

 FAIL  tests/unit/engines/TemporalRevisionEngine.test.ts > TemporalRevisionEngine > Revision Logic > should handle high corruption scenarios
TypeError: engine.reviseHistory is not a function
 ❯ tests/unit/engines/TemporalRevisionEngine.test.ts:139:35
    139|   });
    140| 
    141|   describe('Revision Logic', () => {
       |                            ^
    142|     it('should preserve segment structure when revising', async () => {
    143|       const storyHistory: StorySegment[] = [

⎯⎯⎯⎯⎯⎯⎯⎯⎯⎯⎯⎯⎯⎯⎯⎯⎯⎯⎯⎯⎯⎯[17/36]⎯


 Test Files  29 failed | 33 passed (62)
      Tests  11 failed | 763 passed | 13 skipped (787)
   Start at  15:30:50
   Duration  52.71s (transform 8.99s, setup 1.08s, collect 16.04s, tests 31.31s, environment 554.71s, prepare 50.02s)

